Info: Packing constants..
Info: Inserting IO buffers..
Info:     IO port 'clk200_n' driven by IBUFDS 'clk_ibufds'
Info:     IO port 'clk200_p' driven by IBUFDS 'clk_ibufds'
Info:     IO port 'rst_n' driven by IBUF '$iopadmap$tms_trace_player_ax7203.rst_n'
Info:     IO port 'uart_rx' driven by IBUF '$iopadmap$tms_trace_player_ax7203.uart_rx'
Info:     IO port 'uart_tx' driven by OBUF '$iopadmap$tms_trace_player_ax7203.uart_tx'
Info:     IO port 'led[0]' driven by OBUF '$iopadmap$tms_trace_player_ax7203.led'
Info:     IO port 'led[1]' driven by OBUF '$iopadmap$tms_trace_player_ax7203.led_1'
Info:     IO port 'led[2]' driven by OBUF '$iopadmap$tms_trace_player_ax7203.led_2'
Info:     IO port 'led[3]' driven by OBUF '$iopadmap$tms_trace_player_ax7203.led_3'
Info:     Constraining 'clk200_n' to site 'IOB_X1Y123'
Info:     Tile 'RIOB33_X105Y123'
Info:     Constraining 'clk200_p' to site 'IOB_X1Y124'
Info:     Tile 'RIOB33_X105Y123'
Info:     Constraining 'rst_n' to site 'IOB_X1Y115'
Info:     Tile 'RIOB33_X105Y115'
Info:     Constraining 'uart_rx' to site 'IOB_X0Y149'
Info:     Tile 'LIOB33_SING_X0Y149'
Info:     Constraining 'uart_tx' to site 'IOB_X0Y100'
Info:     Tile 'LIOB33_SING_X0Y100'
Info:     Constraining 'led[0]' to site 'IOB_X0Y233'
Info:     Tile 'LIOB33_X0Y233'
Info:     Constraining 'led[1]' to site 'IOB_X0Y234'
Info:     Tile 'LIOB33_X0Y233'
Info:     Constraining 'led[2]' to site 'IOB_X0Y238'
Info:     Tile 'LIOB33_X0Y237'
Info:     Constraining 'led[3]' to site 'IOB_X0Y237'
Info:     Tile 'LIOB33_X0Y237'
Info: Generating input buffer for '$iopadmap$tms_trace_player_ax7203.rst_n'
Info: Generating input buffer for '$iopadmap$tms_trace_player_ax7203.uart_rx'
Info: Generating output buffer for '$iopadmap$tms_trace_player_ax7203.uart_tx'
Info: Generating output buffer for '$iopadmap$tms_trace_player_ax7203.led'
Info: Generating output buffer for '$iopadmap$tms_trace_player_ax7203.led_1'
Info: Generating output buffer for '$iopadmap$tms_trace_player_ax7203.led_2'
Info: Generating output buffer for '$iopadmap$tms_trace_player_ax7203.led_3'
Info:     Created 9 PAD cells from:
Info:              9x PAD
Info: Preparing clocking...
Info: Packing constants..
Info: Packing cfg...
Info: Packing PLLs...
Info: Packing Gigabit Transceivers..
Info: Packing global buffers...
Info:     Constrained BUFGCTRL 'clk200_bufg' to bel 'BUFGCTRL_X0Y0/BUFGCTRL' based on dedicated routing
Info: Packing MUX[789]s..
Info: Packing carries..
Info:    Grouped 0 MUXCYs and 0 XORCYs into 0 chains.
Info:    Blasted 0 non-chain MUXCYs and 0 non-chain XORCYs to soft logic
Info: Packing LUTs..
Info:     Created 2197 SLICE_LUTX cells from:
Info:              4x LUT1
Info:            420x LUT2
Info:            217x LUT3
Info:            415x LUT4
Info:            604x LUT5
Info:            537x LUT6
Info: Packing DRAM..
Info:    Transformed 0 tied-low DRAM address inputs to be tied-high
Info: Packing BRAM..
Info: Packing DSPs..
Info: Packing flipflops..
Info:     Created 981 SLICE_FFX cells from:
Info:            349x FDCE
Info:            622x FDRE
Info:             10x FDSE
Info: Constrained 850 LUTFF pairs.

Info: Annotating ports with timing budgets for target frequency 200.00 MHz
Info: Checksum: 0xbc0cc7ff

Info: Device utilisation:
Info: 	          SLICE_LUTX:  2197/269200     0%
Info: 	           SLICE_FFX:   981/269200     0%
Info: 	              CARRY4:     0/33650     0%
Info: 	          PSEUDO_GND:     1/69165     0%
Info: 	          PSEUDO_VCC:     1/69165     0%
Info: 	               HARD0:     0/ 3960     0%
Info: 	            RAMB18E1:     1/  730     0%
Info: 	            FIFO18E1:     0/  365     0%
Info: 	        RAMBFIFO36E1:     0/  365     0%
Info: 	            RAMB36E1:     1/  365     0%
Info: 	             DSP48E1:     0/  740     0%
Info: 	                 PAD:     9/ 1062     0%
Info: 	       IOB33M_OUTBUF:     0/  240     0%
Info: 	       IOB33S_OUTBUF:     0/  240     0%
Info: 	        IOB33_OUTBUF:     5/  500     1%
Info: 	     IOB33M_INBUF_EN:     1/  240     0%
Info: 	     IOB33S_INBUF_EN:     0/  240     0%
Info: 	      IOB33_INBUF_EN:     2/  500     0%
Info: 	IOB33M_TERM_OVERRIDE:     0/  240     0%
Info: 	IOB33S_TERM_OVERRIDE:     0/  240     0%
Info: 	 IOB33_TERM_OVERRIDE:     0/  500     0%
Info: 	       PULL_OR_KEEP1:     0/  980     0%
Info: 	            IDELAYE2:     0/  500     0%
Info: 	        OLOGICE3_TFF:     0/  500     0%
Info: 	      OLOGICE3_OUTFF:     0/  500     0%
Info: 	       OLOGICE3_MISR:     0/  500     0%
Info: 	           OSERDESE2:     0/  500     0%
Info: 	        ILOGICE3_IFF:     0/  500     0%
Info: 	ILOGICE3_ZHOLD_DELAY:     0/  500     0%
Info: 	           ISERDESE2:     0/  500     0%
Info: 	                BUFR:     0/   40     0%
Info: 	               BUFIO:     0/   40     0%
Info: 	          IDELAYCTRL:     0/   10     0%
Info: 	            BUFGCTRL:     2/   32     6%
Info: 	            PCIE_2_1:     0/    1     0%
Info: 	               BSCAN:     0/    4     0%
Info: 	                BUFG:     0/   32     0%
Info: 	              BUFHCE:     0/  120     0%
Info: 	            DCIRESET:     0/    1     0%
Info: 	            DNA_PORT:     0/    1     0%
Info: 	           EFUSE_USR:     0/    1     0%
Info: 	           FRAME_ECC:     0/    1     0%
Info: 	       GTPE2_CHANNEL:     0/   16     0%
Info: 	        GTPE2_COMMON:     0/    4     0%
Info: 	         IBUFDS_GTE2:     0/    8     0%
Info: 	                ICAP:     0/    2     0%
Info: 	            INVERTER:     0/  240     0%
Info: 	          MMCME2_ADV:     0/   10     0%
Info: 	        OLOGICE2_TFF:     0/  500     0%
Info: 	      OLOGICE2_OUTFF:     0/  500     0%
Info: 	           PLLE2_ADV:     0/   10     0%
Info: 	           SELMUX2_1:     0/102950     0%
Info: 	             STARTUP:     0/    1     0%
Info: 	          USR_ACCESS:     0/    1     0%
Info: 	              BUFFER:     0/   82     0%
Info: 	        ILOGICE2_IFF:     0/  500     0%
Info: 	       OLOGICE2_MISR:     0/  500     0%

Info: Placed 18 cells based on constraints.
Info: Creating initial analytic placement for 2331 cells, random placement wirelen = 970601.
Info:     at initial placer iter 0, wirelen = 1477
Info:     at initial placer iter 1, wirelen = 1265
Info:     at initial placer iter 2, wirelen = 1243
Info:     at initial placer iter 3, wirelen = 1231
Info: Running main analytical placer.
Info:     at iteration #1, type ALL: wirelen solved = 1219, spread = 45202, legal = 45390; time = 0.13s
Info:     at iteration #2, type ALL: wirelen solved = 3476, spread = 29448, legal = 31910; time = 0.13s
Info:     at iteration #3, type ALL: wirelen solved = 6619, spread = 26522, legal = 29062; time = 0.12s
Info:     at iteration #4, type ALL: wirelen solved = 8769, spread = 26074, legal = 28409; time = 0.11s
Info:     at iteration #5, type ALL: wirelen solved = 11790, spread = 23545, legal = 26572; time = 0.11s
Info:     at iteration #6, type ALL: wirelen solved = 12333, spread = 24756, legal = 26696; time = 0.10s
Info:     at iteration #7, type ALL: wirelen solved = 14536, spread = 24741, legal = 26195; time = 0.10s
Info:     at iteration #8, type ALL: wirelen solved = 15668, spread = 24175, legal = 25662; time = 0.11s
Info:     at iteration #9, type ALL: wirelen solved = 16343, spread = 24595, legal = 26114; time = 0.11s
Info:     at iteration #10, type ALL: wirelen solved = 17581, spread = 25205, legal = 26263; time = 0.10s
Info:     at iteration #11, type ALL: wirelen solved = 18460, spread = 27322, legal = 28698; time = 0.10s
Info:     at iteration #12, type ALL: wirelen solved = 20181, spread = 28321, legal = 29956; time = 0.10s
Info:     at iteration #13, type ALL: wirelen solved = 22122, spread = 29559, legal = 30873; time = 0.11s
Info: HeAP Placer Time: 2.01s
Info:   of which solving equations: 1.09s
Info:   of which spreading cells: 0.35s
Info:   of which strict legalisation: 0.18s

Info: Running simulated annealing placer for refinement.
Info:   at iteration #1: temp = 0.000000, timing cost = 371, wirelen = 25662
Info:   at iteration #5: temp = 0.000000, timing cost = 402, wirelen = 23548
Info:   at iteration #10: temp = 0.000000, timing cost = 384, wirelen = 23282
Info:   at iteration #11: temp = 0.000000, timing cost = 392, wirelen = 23275 
Info: SA placement time 0.93s

Info: Max frequency for clock    'clk': 71.89 MHz (FAIL at 200.00 MHz)
Info: Max frequency for clock 'clk200': 1024.59 MHz (PASS at 200.00 MHz)

Info: Slack histogram:
Info:  legend: * represents 4 endpoint(s)
Info:          + represents [1,4) endpoint(s)
Info: [ -8911,  -8225) |**********+
Info: [ -8225,  -7539) |******************+
Info: [ -7539,  -6853) |*********************+
Info: [ -6853,  -6167) |****************+
Info: [ -6167,  -5481) |***********+
Info: [ -5481,  -4795) |**********************+
Info: [ -4795,  -4109) |******************************+
Info: [ -4109,  -3423) |************************************************************ 
Info: [ -3423,  -2737) |****************************+
Info: [ -2737,  -2051) |************************+
Info: [ -2051,  -1365) |***********************************+
Info: [ -1365,   -679) |***********************************+
Info: [  -679,      7) |*****************************************+
Info: [     7,    693) |****************************+
Info: [   693,   1379) |**********+
Info: [  1379,   2065) |*******+
Info: [  2065,   2751) |*************************************************+
Info: [  2751,   3437) |***********************************************+
Info: [  3437,   4123) |***********+
Info: [  4123,   4809) |*+
Info: Checksum: 0xd020891c
Info: Running post-placement legalisation...
Info: Routing Vcc connections...
Info: Routing global clocks...
Info:     routing clock 'clk'
Info:     routing clock 'clk200'

Info: Routing..
Info: Setting up routing queue.
Info: Routing 10936 arcs.
Info:            |   (re-)routed arcs  |   delta    | remaining|       time spent     |
Info:    IterCnt |  w/ripup   wo/ripup |  w/r  wo/r |      arcs| batch(sec) total(sec)|
Info:       1000 |       15        984 |   15   984 |      9981|       0.89       0.89|
Info:       2000 |       53       1946 |   38   962 |      9079|       0.85       1.73|
Info:       3000 |      106       2893 |   53   947 |      8143|       0.65       2.38|
Info:       4000 |      178       3821 |   72   928 |      7296|       0.68       3.06|
Info:       5000 |      267       4732 |   89   911 |      6458|       0.76       3.82|
Info:       6000 |      357       5642 |   90   910 |      5610|       0.85       4.67|
Info:       7000 |      454       6545 |   97   903 |      4794|       1.01       5.68|
Info:       8000 |      574       7425 |  120   880 |      4000|       1.30       6.97|
Info:       9000 |      746       8253 |  172   828 |      3242|       0.93       7.91|
Info:      10000 |      962       9037 |  216   784 |      2536|       1.05       8.95|
Info:      11000 |     1180       9819 |  218   782 |      1793|       1.37      10.32|
Info:      12000 |     1276      10723 |   96   904 |      1029|       5.15      15.47|
Info:      13000 |     1403      11596 |  127   873 |       264|       1.20      16.67|
Info:      13363 |     1478      11885 |   75   289 |         0|       0.31      16.98|
Info: Routing complete.
Info: Router1 time 16.98s
Info: Checksum: 0xe9794223

Info: Critical path report for clock 'clk' (posedge -> posedge):
Info: curr total
Info:  0.1  0.1  Source $auto$ff.cc:337:slice$13779.Q
Info:  0.5  0.6    Net vector[6] budget 0.109000 ns (30,61) -> (30,61)
Info:                Sink $abc$1155361$lut$aiger1155360$1632.A4
Info:  0.2  0.7  Source $abc$1155361$lut$aiger1155360$1632.O5
Info:  0.9  1.7    Net $techmap1156859$auto$abc9_ops.cc:1552:reintegrate$1155590.A[2] budget 0.109000 ns (30,61) -> (30,50)
Info:                Sink $abc$1155361$lut$aiger1155360$1674.A6
Info:  0.1  1.8  Source $abc$1155361$lut$aiger1155360$1674.O6
Info:  0.6  2.4    Net $techmap1156214$abc$1155361$lut$aiger1155360$1914.A[2] budget 0.111000 ns (30,50) -> (30,50)
Info:                Sink $abc$1155361$lut$aiger1155360$2004.A3
Info:  0.2  2.5  Source $abc$1155361$lut$aiger1155360$2004.O5
Info:  0.6  3.1    Net $techmap1156268$abc$1155361$lut$aiger1155360$5699.A[1] budget 0.111000 ns (30,50) -> (33,48)
Info:                Sink $abc$1155361$lut$aiger1155360$5699.A2
Info:  0.1  3.2  Source $abc$1155361$lut$aiger1155360$5699.O6
Info:  0.6  3.8    Net $techmap1156269$abc$1155361$lut$aiger1155360$6348.A[1] budget 0.111000 ns (33,48) -> (33,42)
Info:                Sink $abc$1155361$lut$aiger1155360$6348.A1
Info:  0.2  4.0  Source $abc$1155361$lut$aiger1155360$6348.O5
Info:  0.5  4.5    Net $techmap1156270$abc$1155361$lut$aiger1155360$7207.A[1] budget 0.111000 ns (33,42) -> (33,42)
Info:                Sink $abc$1155361$lut$aiger1155360$7207.A4
Info:  0.1  4.6  Source $abc$1155361$lut$aiger1155360$7207.O6
Info:  0.4  5.1    Net $techmap1156271$abc$1155361$lut$aiger1155360$7685.A[1] budget 0.111000 ns (33,42) -> (33,42)
Info:                Sink $abc$1155361$lut$aiger1155360$7685.A2
Info:  0.2  5.2  Source $abc$1155361$lut$aiger1155360$7685.O5
Info:  0.3  5.5    Net $techmap1156272$abc$1155361$lut$aiger1155360$7998.A[1] budget 0.111000 ns (33,42) -> (33,42)
Info:                Sink $abc$1155361$lut$aiger1155360$7998.A4
Info:  0.1  5.6  Source $abc$1155361$lut$aiger1155360$7998.O6
Info:  0.6  6.2    Net $techmap1156273$abc$1155361$lut$aiger1155360$8648.A[1] budget 0.111000 ns (33,42) -> (34,44)
Info:                Sink $abc$1155361$lut$aiger1155360$8648.A2
Info:  0.1  6.3  Source $abc$1155361$lut$aiger1155360$8648.O6
Info:  0.3  6.6    Net $techmap1156274$abc$1155361$lut$aiger1155360$9114.A[1] budget 0.111000 ns (34,44) -> (34,44)
Info:                Sink $abc$1155361$lut$aiger1155360$9114.A3
Info:  0.2  6.8  Source $abc$1155361$lut$aiger1155360$9114.O5
Info:  0.6  7.4    Net $techmap1156275$abc$1155361$lut$aiger1155360$9435.A[1] budget 0.111000 ns (34,44) -> (34,49)
Info:                Sink $abc$1155361$lut$aiger1155360$9435.A4
Info:  0.1  7.5  Source $abc$1155361$lut$aiger1155360$9435.O6
Info:  1.2  8.7    Net $techmap1156276$abc$1155361$lut$aiger1155360$9562.A[1] budget 0.111000 ns (34,49) -> (33,64)
Info:                Sink $abc$1155361$lut$aiger1155360$10282.A6
Info:  0.1  8.8  Source $abc$1155361$lut$aiger1155360$10282.O6
Info:  0.8  9.6    Net $techmap1156337$auto$abc9_ops.cc:1552:reintegrate$1155827.A[1] budget 0.111000 ns (33,64) -> (33,68)
Info:                Sink $abc$1155361$lut$aiger1155360$11037.A1
Info:  0.2  9.8  Source $abc$1155361$lut$aiger1155360$11037.O5
Info:  0.4 10.2    Net $techmap1156456$auto$abc9_ops.cc:1552:reintegrate$1155768.A[1] budget 0.111000 ns (33,68) -> (33,68)
Info:                Sink $abc$1155361$lut$aiger1155360$11161.A2
Info:  0.1 10.3  Source $abc$1155361$lut$aiger1155360$11161.O6
Info:  0.6 10.9    Net $techmap1156473$auto$abc9_ops.cc:1552:reintegrate$1155759.A[1] budget 0.111000 ns (33,68) -> (34,73)
Info:                Sink $abc$1155361$lut$aiger1155360$11822.A2
Info:  0.1 11.1  Source $abc$1155361$lut$aiger1155360$11822.O6
Info:  0.8 11.8    Net $techmap1156560$auto$abc9_ops.cc:1552:reintegrate$1155710.A[1] budget 0.111000 ns (34,73) -> (34,77)
Info:                Sink $abc$1155361$lut$aiger1155360$12326.A2
Info:  0.1 12.0  Source $abc$1155361$lut$aiger1155360$12326.O6
Info:  0.5 12.5    Net $techmap1156618$auto$abc9_ops.cc:1552:reintegrate$1155675.A[1] budget 0.110000 ns (34,77) -> (34,77)
Info:                Sink $abc$1155361$lut$aiger1155360$12618.A1
Info:  0.2 12.6  Source $abc$1155361$lut$aiger1155360$12618.O5
Info:  0.7 13.3    Net $techmap1156652$auto$abc9_ops.cc:1552:reintegrate$1155658.A[1] budget 0.110000 ns (34,77) -> (33,81)
Info:                Sink $abc$1155361$lut$aiger1155360$12742.A2
Info:  0.1 13.5  Source $abc$1155361$lut$aiger1155360$12742.O6
Info:  0.6 14.0    Net $techmap1156663$auto$abc9_ops.cc:1552:reintegrate$1155650.A[1] budget 0.112000 ns (33,81) -> (33,82)
Info:                Sink $auto$xilinx_dffopt.cc:341:execute$1158640.A6
Info:  0.1 14.2  Source $auto$xilinx_dffopt.cc:341:execute$1158640.O6
Info:  0.0 14.2    Net $auto$xilinx_dffopt.cc:347:execute$1158641 budget 0.112000 ns (33,82) -> (33,82)
Info:                Sink $auto$ff.cc:337:slice$13950.D
Info:  0.1 14.3  Setup $auto$ff.cc:337:slice$13950.D
Info: 2.8 ns logic, 11.5 ns routing

Info: Critical path report for clock 'clk200' (posedge -> posedge):
Info: curr total
Info:  0.1  0.1  Source $auto$ff.cc:337:slice$16498.Q
Info:  0.6  0.7    Net tick_cnt[0] budget 2.325000 ns (170,108) -> (170,110)
Info:                Sink $auto$abc9_ops.cc:1552:reintegrate$1155544.A1
Info:  0.2  0.8  Source $auto$abc9_ops.cc:1552:reintegrate$1155544.O5
Info:  0.0  0.9    Net $auto$alumacc.cc:512:replace_alu$11825.Y[1] budget 2.325000 ns (170,110) -> (170,110)
Info:                Sink $auto$ff.cc:337:slice$16499.D
Info:  0.1  1.0  Setup $auto$ff.cc:337:slice$16499.D
Info: 0.3 ns logic, 0.6 ns routing

Warning: Max frequency for clock    'clk': 69.96 MHz (FAIL at 200.00 MHz)
Info: Max frequency for clock 'clk200': 1042.75 MHz (PASS at 200.00 MHz)

Info: Slack histogram:
Info:  legend: * represents 5 endpoint(s)
Info:          + represents [1,5) endpoint(s)
Info: [ -9293,  -8611) |*+
Info: [ -8611,  -7929) |******************+
Info: [ -7929,  -7247) |*********************+
Info: [ -7247,  -6565) |*****+
Info: [ -6565,  -5883) |****+
Info: [ -5883,  -5201) |******+
Info: [ -5201,  -4519) |****+
Info: [ -4519,  -3837) |****+
Info: [ -3837,  -3155) |***+
Info: [ -3155,  -2473) |****************+
Info: [ -2473,  -1791) |************************************+
Info: [ -1791,  -1109) |*****************************************+
Info: [ -1109,   -427) |*************************+
Info: [  -427,    255) |***************************+
Info: [   255,    937) |*******************************+
Info: [   937,   1619) |***************************+
Info: [  1619,   2301) |*****+
Info: [  2301,   2983) |************+
Info: [  2983,   3665) |************************************************************ 
Info: [  3665,   4347) |******+
Info: Running post-routing legalisation...

1 warning, 0 errors
