Info: Packing constants..
Info: Inserting IO buffers..
Info:     IO port 'clk200_n' driven by IBUFDS 'clk_ibufds'
Info:     IO port 'clk200_p' driven by IBUFDS 'clk_ibufds'
Info:     IO port 'rst_n' driven by IBUF '$iopadmap$tms_trace_player_ax7203.rst_n'
Info:     IO port 'uart_rx' driven by IBUF '$iopadmap$tms_trace_player_ax7203.uart_rx'
Info:     IO port 'uart_tx' driven by OBUF '$iopadmap$tms_trace_player_ax7203.uart_tx'
Info:     IO port 'led[0]' driven by OBUF '$iopadmap$tms_trace_player_ax7203.led'
Info:     IO port 'led[1]' driven by OBUF '$iopadmap$tms_trace_player_ax7203.led_1'
Info:     IO port 'led[2]' driven by OBUF '$iopadmap$tms_trace_player_ax7203.led_2'
Info:     IO port 'led[3]' driven by OBUF '$iopadmap$tms_trace_player_ax7203.led_3'
Info:     Constraining 'clk200_n' to site 'IOB_X1Y123'
Info:     Tile 'RIOB33_X105Y123'
Info:     Constraining 'clk200_p' to site 'IOB_X1Y124'
Info:     Tile 'RIOB33_X105Y123'
Info:     Constraining 'rst_n' to site 'IOB_X1Y115'
Info:     Tile 'RIOB33_X105Y115'
Info:     Constraining 'uart_rx' to site 'IOB_X0Y149'
Info:     Tile 'LIOB33_SING_X0Y149'
Info:     Constraining 'uart_tx' to site 'IOB_X0Y100'
Info:     Tile 'LIOB33_SING_X0Y100'
Info:     Constraining 'led[0]' to site 'IOB_X0Y233'
Info:     Tile 'LIOB33_X0Y233'
Info:     Constraining 'led[1]' to site 'IOB_X0Y234'
Info:     Tile 'LIOB33_X0Y233'
Info:     Constraining 'led[2]' to site 'IOB_X0Y238'
Info:     Tile 'LIOB33_X0Y237'
Info:     Constraining 'led[3]' to site 'IOB_X0Y237'
Info:     Tile 'LIOB33_X0Y237'
Info: Generating input buffer for '$iopadmap$tms_trace_player_ax7203.rst_n'
Info: Generating input buffer for '$iopadmap$tms_trace_player_ax7203.uart_rx'
Info: Generating output buffer for '$iopadmap$tms_trace_player_ax7203.uart_tx'
Info: Generating output buffer for '$iopadmap$tms_trace_player_ax7203.led'
Info: Generating output buffer for '$iopadmap$tms_trace_player_ax7203.led_1'
Info: Generating output buffer for '$iopadmap$tms_trace_player_ax7203.led_2'
Info: Generating output buffer for '$iopadmap$tms_trace_player_ax7203.led_3'
Info:     Created 9 PAD cells from:
Info:              9x PAD
Info: Preparing clocking...
Info: Packing constants..
Info: Packing cfg...
Info: Packing PLLs...
Info: Packing Gigabit Transceivers..
Info: Packing global buffers...
Info:     Constrained BUFGCTRL 'clk_bufg' to bel 'BUFGCTRL_X0Y0/BUFGCTRL' based on dedicated routing
Info: Packing MUX[789]s..
Info: Packing carries..
Info:    Grouped 0 MUXCYs and 0 XORCYs into 0 chains.
Info:    Blasted 0 non-chain MUXCYs and 0 non-chain XORCYs to soft logic
Info: Packing LUTs..
Info:     Created 2352 SLICE_LUTX cells from:
Info:              4x LUT1
Info:            539x LUT2
Info:            252x LUT3
Info:            389x LUT4
Info:            668x LUT5
Info:            500x LUT6
Info: Packing DRAM..
Info:    Transformed 0 tied-low DRAM address inputs to be tied-high
Info: Packing BRAM..
Info: Packing DSPs..
Info: Packing flipflops..
Info:     Created 1019 SLICE_FFX cells from:
Info:            349x FDCE
Info:            661x FDRE
Info:              9x FDSE
Info: Constrained 888 LUTFF pairs.

Info: Annotating ports with timing budgets for target frequency 200.00 MHz
Info: Checksum: 0x64bef284

Info: Device utilisation:
Info: 	          SLICE_LUTX:  2352/269200     0%
Info: 	           SLICE_FFX:  1019/269200     0%
Info: 	              CARRY4:     0/33650     0%
Info: 	          PSEUDO_GND:     1/69165     0%
Info: 	          PSEUDO_VCC:     1/69165     0%
Info: 	               HARD0:     0/ 3960     0%
Info: 	            RAMB18E1:     1/  730     0%
Info: 	            FIFO18E1:     0/  365     0%
Info: 	        RAMBFIFO36E1:     0/  365     0%
Info: 	            RAMB36E1:     0/  365     0%
Info: 	             DSP48E1:     0/  740     0%
Info: 	                 PAD:     9/ 1062     0%
Info: 	       IOB33M_OUTBUF:     0/  240     0%
Info: 	       IOB33S_OUTBUF:     0/  240     0%
Info: 	        IOB33_OUTBUF:     5/  500     1%
Info: 	     IOB33M_INBUF_EN:     1/  240     0%
Info: 	     IOB33S_INBUF_EN:     0/  240     0%
Info: 	      IOB33_INBUF_EN:     2/  500     0%
Info: 	IOB33M_TERM_OVERRIDE:     0/  240     0%
Info: 	IOB33S_TERM_OVERRIDE:     0/  240     0%
Info: 	 IOB33_TERM_OVERRIDE:     0/  500     0%
Info: 	       PULL_OR_KEEP1:     0/  980     0%
Info: 	            IDELAYE2:     0/  500     0%
Info: 	        OLOGICE3_TFF:     0/  500     0%
Info: 	      OLOGICE3_OUTFF:     0/  500     0%
Info: 	       OLOGICE3_MISR:     0/  500     0%
Info: 	           OSERDESE2:     0/  500     0%
Info: 	        ILOGICE3_IFF:     0/  500     0%
Info: 	ILOGICE3_ZHOLD_DELAY:     0/  500     0%
Info: 	           ISERDESE2:     0/  500     0%
Info: 	                BUFR:     0/   40     0%
Info: 	               BUFIO:     0/   40     0%
Info: 	          IDELAYCTRL:     0/   10     0%
Info: 	            BUFGCTRL:     1/   32     3%
Info: 	            PCIE_2_1:     0/    1     0%
Info: 	               BSCAN:     0/    4     0%
Info: 	                BUFG:     0/   32     0%
Info: 	              BUFHCE:     0/  120     0%
Info: 	            DCIRESET:     0/    1     0%
Info: 	            DNA_PORT:     0/    1     0%
Info: 	           EFUSE_USR:     0/    1     0%
Info: 	           FRAME_ECC:     0/    1     0%
Info: 	       GTPE2_CHANNEL:     0/   16     0%
Info: 	        GTPE2_COMMON:     0/    4     0%
Info: 	         IBUFDS_GTE2:     0/    8     0%
Info: 	                ICAP:     0/    2     0%
Info: 	            INVERTER:     0/  240     0%
Info: 	          MMCME2_ADV:     0/   10     0%
Info: 	        OLOGICE2_TFF:     0/  500     0%
Info: 	      OLOGICE2_OUTFF:     0/  500     0%
Info: 	           PLLE2_ADV:     0/   10     0%
Info: 	           SELMUX2_1:     0/102950     0%
Info: 	             STARTUP:     0/    1     0%
Info: 	          USR_ACCESS:     0/    1     0%
Info: 	              BUFFER:     0/   82     0%
Info: 	        ILOGICE2_IFF:     0/  500     0%
Info: 	       OLOGICE2_MISR:     0/  500     0%

Info: Placed 18 cells based on constraints.
Info: Creating initial analytic placement for 2484 cells, random placement wirelen = 1021299.
Info:     at initial placer iter 0, wirelen = 2051
Info:     at initial placer iter 1, wirelen = 1703
Info:     at initial placer iter 2, wirelen = 1589
Info:     at initial placer iter 3, wirelen = 1550
Info: Running main analytical placer.
Info:     at iteration #1, type ALL: wirelen solved = 1529, spread = 48902, legal = 50561; time = 0.12s
Info:     at iteration #2, type ALL: wirelen solved = 4119, spread = 37411, legal = 39312; time = 0.11s
Info:     at iteration #3, type ALL: wirelen solved = 6530, spread = 33052, legal = 34179; time = 0.11s
Info:     at iteration #4, type ALL: wirelen solved = 9074, spread = 29117, legal = 31087; time = 0.10s
Info:     at iteration #5, type ALL: wirelen solved = 11618, spread = 26490, legal = 28666; time = 0.09s
Info:     at iteration #6, type ALL: wirelen solved = 13497, spread = 24979, legal = 27116; time = 0.09s
Info:     at iteration #7, type ALL: wirelen solved = 14901, spread = 25422, legal = 26803; time = 0.08s
Info:     at iteration #8, type ALL: wirelen solved = 16386, spread = 25615, legal = 28073; time = 0.09s
Info:     at iteration #9, type ALL: wirelen solved = 16534, spread = 24795, legal = 27594; time = 0.09s
Info:     at iteration #10, type ALL: wirelen solved = 17465, spread = 25218, legal = 27868; time = 0.09s
Info:     at iteration #11, type ALL: wirelen solved = 18404, spread = 26292, legal = 28466; time = 0.09s
Info:     at iteration #12, type ALL: wirelen solved = 20041, spread = 27080, legal = 29355; time = 0.07s
Info: HeAP Placer Time: 1.79s
Info:   of which solving equations: 1.09s
Info:   of which spreading cells: 0.21s
Info:   of which strict legalisation: 0.17s

Info: Running simulated annealing placer for refinement.
Info:   at iteration #1: temp = 0.000000, timing cost = 359, wirelen = 26803
Info:   at iteration #5: temp = 0.000000, timing cost = 546, wirelen = 24840
Info:   at iteration #10: temp = 0.000000, timing cost = 429, wirelen = 24696
Info:   at iteration #13: temp = 0.000000, timing cost = 486, wirelen = 24682 
Info: SA placement time 1.00s

Info: Max frequency for clock 'clk': 67.65 MHz (FAIL at 200.00 MHz)

Info: Slack histogram:
Info:  legend: * represents 4 endpoint(s)
Info:          + represents [1,4) endpoint(s)
Info: [ -9783,  -9060) |**+
Info: [ -9060,  -8337) |******************+
Info: [ -8337,  -7614) |************************+
Info: [ -7614,  -6891) |***************+
Info: [ -6891,  -6168) |****************+
Info: [ -6168,  -5445) |********************************+
Info: [ -5445,  -4722) |*********************************************+
Info: [ -4722,  -3999) |************************************************************ 
Info: [ -3999,  -3276) |***************************************************+
Info: [ -3276,  -2553) |****************************+
Info: [ -2553,  -1830) |******************************+
Info: [ -1830,  -1107) |***************************************+
Info: [ -1107,   -384) |*********************+
Info: [  -384,    339) |**********+
Info: [   339,   1062) |*****+
Info: [  1062,   1785) |************************+
Info: [  1785,   2508) |**********************************************+
Info: [  2508,   3231) |******************************+
Info: [  3231,   3954) |********************+
Info: [  3954,   4677) |***+
Info: Checksum: 0x7751d7af
Info: Running post-placement legalisation...
Info: Routing Vcc connections...
Info: Routing global clocks...
Info:     routing clock 'clk'

Info: Routing..
Info: Setting up routing queue.
Info: Routing 11226 arcs.
Info:            |   (re-)routed arcs  |   delta    | remaining|       time spent     |
Info:    IterCnt |  w/ripup   wo/ripup |  w/r  wo/r |      arcs| batch(sec) total(sec)|
Info:       1000 |       14        985 |   14   985 |     10259|       1.03       1.03|
Info:       2000 |       45       1954 |   31   969 |      9324|       0.68       1.71|
Info:       3000 |      106       2893 |   61   939 |      8420|       0.68       2.39|
Info:       4000 |      171       3828 |   65   935 |      7546|       0.49       2.87|
Info:       5000 |      254       4745 |   83   917 |      6739|       0.58       3.45|
Info:       6000 |      333       5666 |   79   921 |      5861|       0.75       4.20|
Info:       7000 |      420       6579 |   87   913 |      5080|       0.70       4.90|
Info:       8000 |      500       7499 |   80   920 |      4212|       0.82       5.73|
Info:       9000 |      621       8378 |  121   879 |      3370|       0.94       6.66|
Info:      10000 |      748       9251 |  127   873 |      2568|       0.96       7.62|
Info:      11000 |      896      10103 |  148   852 |      1785|       0.83       8.45|
Info:      12000 |     1110      10889 |  214   786 |      1047|       0.79       9.24|
Info:      13000 |     1375      11624 |  265   735 |       412|       0.91      10.15|
Info:      13519 |     1453      12066 |   78   442 |         0|       2.81      12.96|
Info: Routing complete.
Info: Router1 time 12.96s
Info: Checksum: 0x64297ff3

Info: Critical path report for clock 'clk' (posedge -> posedge):
Info: curr total
Info:  0.1  0.1  Source $auto$ff.cc:337:slice$14388.Q
Info:  0.4  0.5    Net vector[5] budget 0.077000 ns (43,10) -> (44,11)
Info:                Sink $abc$1161927$lut$aiger1161926$1494.A5
Info:  0.1  0.7  Source $abc$1161927$lut$aiger1161926$1494.O6
Info:  0.8  1.4    Net $techmap1163472$auto$abc9_ops.cc:1552:reintegrate$1162202.A[2] budget 0.077000 ns (44,11) -> (34,9)
Info:                Sink $abc$1161927$lut$aiger1161926$1530.A4
Info:  0.1  1.5  Source $abc$1161927$lut$aiger1161926$1530.O6
Info:  0.4  2.0    Net $techmap1162821$abc$1161927$lut$aiger1161926$1756.A[4] budget 0.080000 ns (34,9) -> (34,8)
Info:                Sink $abc$1161927$lut$aiger1161926$1756.A5
Info:  0.1  2.1  Source $abc$1161927$lut$aiger1161926$1756.O6
Info:  0.8  2.9    Net $techmap1162822$abc$1161927$lut$aiger1161926$5551.A[1] budget 0.080000 ns (34,8) -> (43,5)
Info:                Sink $abc$1161927$lut$aiger1161926$5551.A1
Info:  0.2  3.0  Source $abc$1161927$lut$aiger1161926$5551.O5
Info:  0.7  3.7    Net $techmap1162823$abc$1161927$lut$aiger1161926$6276.A[1] budget 0.080000 ns (43,5) -> (44,2)
Info:                Sink $abc$1161927$lut$aiger1161926$6276.A2
Info:  0.1  3.9  Source $abc$1161927$lut$aiger1161926$6276.O6
Info:  0.3  4.1    Net $techmap1162824$abc$1161927$lut$aiger1161926$6728.A[1] budget 0.079000 ns (44,2) -> (44,2)
Info:                Sink $abc$1161927$lut$aiger1161926$6728.A2
Info:  0.2  4.3  Source $abc$1161927$lut$aiger1161926$6728.O5
Info:  0.3  4.6    Net $techmap1162825$abc$1161927$lut$aiger1161926$7425.A[1] budget 0.079000 ns (44,2) -> (44,2)
Info:                Sink $abc$1161927$lut$aiger1161926$7425.A4
Info:  0.1  4.7  Source $abc$1161927$lut$aiger1161926$7425.O6
Info:  0.3  5.0    Net $techmap1162826$abc$1161927$lut$aiger1161926$7472.A[1] budget 0.079000 ns (44,2) -> (44,2)
Info:                Sink $abc$1161927$lut$aiger1161926$7472.A2
Info:  0.2  5.2  Source $abc$1161927$lut$aiger1161926$7472.O5
Info:  0.5  5.7    Net $techmap1162827$abc$1161927$lut$aiger1161926$7967.A[1] budget 0.079000 ns (44,2) -> (44,2)
Info:                Sink $abc$1161927$lut$aiger1161926$7967.A4
Info:  0.1  5.8  Source $abc$1161927$lut$aiger1161926$7967.O6
Info:  0.8  6.6    Net $techmap1162828$abc$1161927$lut$aiger1161926$8763.A[1] budget 0.079000 ns (44,2) -> (44,13)
Info:                Sink $abc$1161927$lut$aiger1161926$8763.A1
Info:  0.2  6.8  Source $abc$1161927$lut$aiger1161926$8763.O5
Info:  0.6  7.4    Net $techmap1162829$abc$1161927$lut$aiger1161926$9083.A[1] budget 0.079000 ns (44,13) -> (44,17)
Info:                Sink $abc$1161927$lut$aiger1161926$9083.A2
Info:  0.2  7.5  Source $abc$1161927$lut$aiger1161926$9083.O5
Info:  0.5  8.0    Net $techmap1162830$abc$1161927$lut$aiger1161926$9119.A[1] budget 0.079000 ns (44,17) -> (44,17)
Info:                Sink $abc$1161927$lut$aiger1161926$9119.A4
Info:  0.1  8.2  Source $abc$1161927$lut$aiger1161926$9119.O6
Info:  0.3  8.5    Net $techmap1162831$abc$1161927$lut$aiger1161926$9615.A[1] budget 0.079000 ns (44,17) -> (44,17)
Info:                Sink $abc$1161927$lut$aiger1161926$9615.A2
Info:  0.1  8.6  Source $abc$1161927$lut$aiger1161926$9615.O6
Info:  0.4  9.0    Net $techmap1162832$abc$1161927$lut$aiger1161926$9750.A[1] budget 0.079000 ns (44,17) -> (44,19)
Info:                Sink $abc$1161927$lut$aiger1161926$9750.A2
Info:  0.1  9.1  Source $abc$1161927$lut$aiger1161926$9750.O6
Info:  0.4  9.6    Net $techmap1162833$abc$1161927$lut$aiger1161926$9788.A[1] budget 0.079000 ns (44,19) -> (44,19)
Info:                Sink $abc$1161927$lut$aiger1161926$9788.A4
Info:  0.1  9.7  Source $abc$1161927$lut$aiger1161926$9788.O5
Info:  0.7 10.4    Net $techmap1162834$abc$1161927$lut$aiger1161926$10025.A[1] budget 0.079000 ns (44,19) -> (44,21)
Info:                Sink $abc$1161927$lut$aiger1161926$10440.A3
Info:  0.1 10.6  Source $abc$1161927$lut$aiger1161926$10440.O5
Info:  0.6 11.2    Net $techmap1163047$auto$abc9_ops.cc:1552:reintegrate$1162406.A[1] budget 0.079000 ns (44,21) -> (44,24)
Info:                Sink $abc$1161927$lut$aiger1161926$11155.A5
Info:  0.1 11.3  Source $abc$1161927$lut$aiger1161926$11155.O6
Info:  0.6 11.9    Net $techmap1163163$auto$abc9_ops.cc:1552:reintegrate$1162350.A[1] budget 0.079000 ns (44,24) -> (43,28)
Info:                Sink $abc$1161927$lut$aiger1161926$11213.A2
Info:  0.1 12.0  Source $abc$1161927$lut$aiger1161926$11213.O6
Info:  0.3 12.3    Net $techmap1163174$auto$abc9_ops.cc:1552:reintegrate$1162346.A[1] budget 0.079000 ns (43,28) -> (43,28)
Info:                Sink $abc$1161927$lut$aiger1161926$11955.A2
Info:  0.2 12.4  Source $abc$1161927$lut$aiger1161926$11955.O5
Info:  0.6 13.0    Net $techmap1163268$auto$abc9_ops.cc:1552:reintegrate$1162291.A[1] budget 0.079000 ns (43,28) -> (43,31)
Info:                Sink $abc$1161927$lut$aiger1161926$11965.A2
Info:  0.1 13.1  Source $abc$1161927$lut$aiger1161926$11965.O6
Info:  0.6 13.8    Net $techmap1163272$auto$abc9_ops.cc:1552:reintegrate$1162289.A[1] budget 0.079000 ns (43,31) -> (43,31)
Info:                Sink $abc$1161927$lut$aiger1161926$12763.A6
Info:  0.1 13.9  Source $abc$1161927$lut$aiger1161926$12763.O6
Info:  0.6 14.6    Net $techmap1163365$auto$abc9_ops.cc:1552:reintegrate$1162235.A[1] budget 0.079000 ns (43,31) -> (43,31)
Info:                Sink $auto$xilinx_dffopt.cc:341:execute$1165532.A6
Info:  0.1 14.7  Source $auto$xilinx_dffopt.cc:341:execute$1165532.O6
Info:  0.0 14.7    Net $auto$xilinx_dffopt.cc:347:execute$1165533 budget 0.079000 ns (43,31) -> (43,31)
Info:                Sink $auto$ff.cc:337:slice$14663.D
Info:  0.1 14.8  Setup $auto$ff.cc:337:slice$14663.D
Info: 3.1 ns logic, 11.7 ns routing

Warning: Max frequency for clock 'clk': 67.51 MHz (FAIL at 200.00 MHz)

Info: Slack histogram:
Info:  legend: * represents 5 endpoint(s)
Info:          + represents [1,5) endpoint(s)
Info: [ -9813,  -9103) |****+
Info: [ -9103,  -8393) |***************+
Info: [ -8393,  -7683) |***********************+
Info: [ -7683,  -6973) |************+
Info: [ -6973,  -6263) |********+
Info: [ -6263,  -5553) |*****+
Info: [ -5553,  -4843) |******+
Info: [ -4843,  -4133) |*****+
Info: [ -4133,  -3423) |******+
Info: [ -3423,  -2713) |*******************************************+
Info: [ -2713,  -2003) |************************************************************ 
Info: [ -2003,  -1293) |*************************************************+
Info: [ -1293,   -583) |*************************+
Info: [  -583,    127) |********************************+
Info: [   127,    837) |*************************+
Info: [   837,   1547) |****+
Info: [  1547,   2257) |**+
Info: [  2257,   2967) |********************************************+
Info: [  2967,   3677) |*****************************************+
Info: [  3677,   4387) |*************+
Info: Running post-routing legalisation...

1 warning, 0 errors
