Info: Packing constants..
Info: Inserting IO buffers..
Info:     IO port 'clk200_n' driven by IBUFDS 'clk_ibufds'
Info:     IO port 'clk200_p' driven by IBUFDS 'clk_ibufds'
Info:     IO port 'rst_n' driven by IBUF '$iopadmap$tms_trace_player_ax7203.rst_n'
Info:     IO port 'uart_rx' driven by IBUF '$iopadmap$tms_trace_player_ax7203.uart_rx'
Info:     IO port 'uart_tx' driven by OBUF '$iopadmap$tms_trace_player_ax7203.uart_tx'
Info:     IO port 'led[0]' driven by OBUF '$iopadmap$tms_trace_player_ax7203.led'
Info:     IO port 'led[1]' driven by OBUF '$iopadmap$tms_trace_player_ax7203.led_1'
Info:     IO port 'led[2]' driven by OBUF '$iopadmap$tms_trace_player_ax7203.led_2'
Info:     IO port 'led[3]' driven by OBUF '$iopadmap$tms_trace_player_ax7203.led_3'
Info:     Constraining 'clk200_n' to site 'IOB_X1Y123'
Info:     Tile 'RIOB33_X105Y123'
Info:     Constraining 'clk200_p' to site 'IOB_X1Y124'
Info:     Tile 'RIOB33_X105Y123'
Info:     Constraining 'rst_n' to site 'IOB_X1Y115'
Info:     Tile 'RIOB33_X105Y115'
Info:     Constraining 'uart_rx' to site 'IOB_X0Y149'
Info:     Tile 'LIOB33_SING_X0Y149'
Info:     Constraining 'uart_tx' to site 'IOB_X0Y100'
Info:     Tile 'LIOB33_SING_X0Y100'
Info:     Constraining 'led[0]' to site 'IOB_X0Y233'
Info:     Tile 'LIOB33_X0Y233'
Info:     Constraining 'led[1]' to site 'IOB_X0Y234'
Info:     Tile 'LIOB33_X0Y233'
Info:     Constraining 'led[2]' to site 'IOB_X0Y238'
Info:     Tile 'LIOB33_X0Y237'
Info:     Constraining 'led[3]' to site 'IOB_X0Y237'
Info:     Tile 'LIOB33_X0Y237'
Info: Generating input buffer for '$iopadmap$tms_trace_player_ax7203.rst_n'
Info: Generating input buffer for '$iopadmap$tms_trace_player_ax7203.uart_rx'
Info: Generating output buffer for '$iopadmap$tms_trace_player_ax7203.uart_tx'
Info: Generating output buffer for '$iopadmap$tms_trace_player_ax7203.led'
Info: Generating output buffer for '$iopadmap$tms_trace_player_ax7203.led_1'
Info: Generating output buffer for '$iopadmap$tms_trace_player_ax7203.led_2'
Info: Generating output buffer for '$iopadmap$tms_trace_player_ax7203.led_3'
Info:     Created 9 PAD cells from:
Info:              9x PAD
Info: Preparing clocking...
Info: Packing constants..
Info: Packing cfg...
Info: Packing PLLs...
Info: Packing Gigabit Transceivers..
Info: Packing global buffers...
Info:     Constrained BUFGCTRL 'clk200_bufg' to bel 'BUFGCTRL_X0Y0/BUFGCTRL' based on dedicated routing
Info: Packing MUX[789]s..
Info: Packing carries..
Info:    Grouped 0 MUXCYs and 0 XORCYs into 0 chains.
Info:    Blasted 0 non-chain MUXCYs and 0 non-chain XORCYs to soft logic
Info: Packing LUTs..
Info:     Created 7870 SLICE_LUTX cells from:
Info:              5x LUT1
Info:           1966x LUT2
Info:            986x LUT3
Info:           1546x LUT4
Info:           2310x LUT5
Info:           1057x LUT6
Info: Packing DRAM..
Info:    Transformed 0 tied-low DRAM address inputs to be tied-high
Info: Packing BRAM..
Info: Packing DSPs..
Info: Packing flipflops..
Info:     Created 3612 SLICE_FFX cells from:
Info:           2328x FDCE
Info:             15x FDPE
Info:           1269x FDRE
Info: Constrained 2411 LUTFF pairs.

Info: Annotating ports with timing budgets for target frequency 200.00 MHz
Info: port $abc$4633114$lut$aiger4633113$30887.A1, connected to net 'player.counter[0][9]', has negative timing budget of -0.048000ns
Info: port $abc$4633114$lut$aiger4633113$30887.A2, connected to net '$techmap4638266$auto$abc9_ops.cc:1552:reintegrate$4633442.A[1]', has negative timing budget of -0.008000ns
Info: port $abc$4633114$lut$aiger4633113$30630.A2, connected to net '$techmap4638264$auto$abc9_ops.cc:1552:reintegrate$4633443.A[1]', has negative timing budget of -0.015000ns
Info: port $abc$4633114$lut$aiger4633113$31377.A2, connected to net '$techmap4638262$auto$abc9_ops.cc:1552:reintegrate$4633444.A[1]', has negative timing budget of -0.008000ns
Info: port $abc$4633114$lut$aiger4633113$30153.A1, connected to net 'player.counter[0][8]', has negative timing budget of -0.040000ns
Info: port $abc$4633114$lut$aiger4633113$30105.A1, connected to net 'player.counter[3][8]', has negative timing budget of -0.040000ns
Info: port $abc$4633114$lut$aiger4633113$30521.A1, connected to net 'player.counter[4][8]', has negative timing budget of -0.040000ns
Info: port $abc$4633114$lut$aiger4633113$29583.A2, connected to net '$techmap4638238$auto$abc9_ops.cc:1552:reintegrate$4633453.A[1]', has negative timing budget of -0.008000ns
Info: port $abc$4633114$lut$aiger4633113$30153.A2, connected to net '$techmap4638233$auto$abc9_ops.cc:1552:reintegrate$4633456.A[1]', has negative timing budget of -0.008000ns
Info: port $abc$4633114$lut$aiger4633113$29006.A2, connected to net '$techmap4638211$auto$abc9_ops.cc:1552:reintegrate$4633463.A[1]', has negative timing budget of -0.015000ns
Info: port $abc$4633114$lut$aiger4633113$28362.A1, connected to net 'player.counter[4][7]', has negative timing budget of -0.032000ns
Info: port $abc$4633114$lut$aiger4633113$29066.A1, connected to net 'player.counter[1][7]', has negative timing budget of -0.032000ns
Info: port $abc$4633114$lut$aiger4633113$27813.A1, connected to net 'resetgen.hold[6]', has negative timing budget of -0.024000ns
Info: port $abc$4633114$lut$aiger4633113$28980.A2, connected to net '$techmap4638168$auto$abc9_ops.cc:1552:reintegrate$4633472.A[1]', has negative timing budget of -0.008000ns
Info: port $abc$4633114$lut$aiger4633113$28417.A2, connected to net '$techmap4638166$auto$abc9_ops.cc:1552:reintegrate$4633473.A[1]', has negative timing budget of -0.008000ns
Info: port $abc$4633114$lut$aiger4633113$27364.A2, connected to net '$techmap4638031$auto$abc9_ops.cc:1552:reintegrate$4633497.A[1]', has negative timing budget of -0.008000ns
Info: port $abc$4633114$lut$aiger4633113$27655.A2, connected to net '$techmap4637974$auto$abc9_ops.cc:1552:reintegrate$4633510.A[1]', has negative timing budget of -0.008000ns
Info: port $abc$4633114$lut$aiger4633113$25518.A2, connected to net '$techmap4637950$auto$abc9_ops.cc:1552:reintegrate$4633516.A[1]', has negative timing budget of -0.015000ns
Info: port $abc$4633114$lut$aiger4633113$23888.A5, connected to net 'resetgen.hold[0]', has negative timing budget of -0.008000ns
Info: port $abc$4633114$lut$aiger4633113$25200.A2, connected to net '$techmap4637901$auto$abc9_ops.cc:1552:reintegrate$4633521.A[1]', has negative timing budget of -0.008000ns
Info: port $abc$4633114$lut$aiger4633113$25200.A1, connected to net 'player.counter[0][5]', has negative timing budget of -0.016000ns
Info: port $abc$4633114$lut$aiger4633113$25514.A1, connected to net 'player.counter[1][5]', has negative timing budget of -0.016000ns
Info: port $abc$4633114$lut$aiger4633113$25518.A1, connected to net 'player.counter[5][5]', has negative timing budget of -0.030000ns
Info: port $abc$4633114$lut$aiger4633113$25220.A1, connected to net 'player.counter[3][5]', has negative timing budget of -0.016000ns
Info: port $abc$4633114$lut$aiger4633113$25220.A2, connected to net '$techmap4637795$auto$abc9_ops.cc:1552:reintegrate$4633538.A[1]', has negative timing budget of -0.008000ns
Info: port $abc$4633114$lut$aiger4633113$24355.A1, connected to net 'player.counter[5][4]', has negative timing budget of -0.015000ns
Info: port $abc$4633114$lut$aiger4633113$23213.A1, connected to net 'player.counter[1][4]', has negative timing budget of -0.008000ns
Info: port $abc$4633114$lut$aiger4633113$24091.A1, connected to net 'player.counter[4][4]', has negative timing budget of -0.008000ns
Info: port $abc$4633114$lut$aiger4633113$22775.A1, connected to net 'player.counter[3][4]', has negative timing budget of -0.008000ns
Info: port $abc$4633114$lut$aiger4633113$23720.A1, connected to net 'player.counter[0][4]', has negative timing budget of -0.008000ns
Info: port $abc$4633114$lut$aiger4633113$22775.A2, connected to net 'player.counter[3][3]', has negative timing budget of -0.008000ns
Info: port $abc$4633114$lut$aiger4633113$24355.A2, connected to net 'player.counter[5][3]', has negative timing budget of -0.015000ns
Info: port $abc$4633114$lut$aiger4633113$23720.A3, connected to net 'player.counter[0][2]', has negative timing budget of -0.008000ns
Info: port $abc$4633114$lut$aiger4633113$22775.A3, connected to net 'player.counter[3][2]', has negative timing budget of -0.008000ns
Info: port $abc$4633114$lut$aiger4633113$23213.A3, connected to net 'player.counter[1][2]', has negative timing budget of -0.008000ns
Info: port $abc$4633114$lut$aiger4633113$24355.A3, connected to net 'player.counter[5][2]', has negative timing budget of -0.015000ns
Info: port $abc$4633114$lut$aiger4633113$31294.A2, connected to net '$techmap4638273$auto$abc9_ops.cc:1552:reintegrate$4633438.A[1]', has negative timing budget of -0.008000ns
Info: port $abc$4633114$lut$aiger4633113$31204.A2, connected to net '$techmap4638271$auto$abc9_ops.cc:1552:reintegrate$4633439.A[1]', has negative timing budget of -0.008000ns
Info: port $abc$4633114$lut$aiger4633113$30459.A1, connected to net 'resetgen.hold[8]', has negative timing budget of -0.040000ns
Info: port $abc$4633114$lut$aiger4633113$31294.A1, connected to net 'player.counter[4][9]', has negative timing budget of -0.048000ns
Info: port $abc$4633114$lut$aiger4633113$30630.A1, connected to net 'player.counter[5][9]', has negative timing budget of -0.090000ns
Info: port $abc$4633114$lut$aiger4633113$30763.A1, connected to net 'player.counter[1][9]', has negative timing budget of -0.048000ns
Info: port $abc$4633114$lut$aiger4633113$31377.A1, connected to net 'player.counter[3][9]', has negative timing budget of -0.048000ns
Info: port $abc$4633114$lut$aiger4633113$30763.A2, connected to net '$techmap4638251$auto$abc9_ops.cc:1552:reintegrate$4633448.A[1]', has negative timing budget of -0.008000ns
Info: port $abc$4633114$lut$aiger4633113$29583.A1, connected to net 'player.counter[1][8]', has negative timing budget of -0.040000ns
Info: port $abc$4633114$lut$aiger4633113$24355.A4, connected to net 'player.counter[5][1]', has negative timing budget of -0.015000ns
Info: port $auto$abc9_ops.cc:1552:reintegrate$4633199.A3, connected to net 'player.counter[5][29]', has negative timing budget of -0.386000ns
Info: port $auto$abc9_ops.cc:1552:reintegrate$4633211.A2, connected to net 'player.counter[5][29]', has negative timing budget of -0.386000ns
Info: port $auto$abc9_ops.cc:1552:reintegrate$4633215.A1, connected to net 'player.counter[5][29]', has negative timing budget of -0.386000ns
Info: port $auto$abc9_ops.cc:1552:reintegrate$4633197.A5, connected to net '$techmap4638843$auto$abc9_ops.cc:1552:reintegrate$4633223.A[1]', has negative timing budget of -0.007000ns
Info: port $auto$abc9_ops.cc:1552:reintegrate$4633204.A4, connected to net '$techmap4638843$auto$abc9_ops.cc:1552:reintegrate$4633223.A[1]', has negative timing budget of -0.007000ns
Info: port $auto$abc9_ops.cc:1552:reintegrate$4633220.A3, connected to net '$techmap4638843$auto$abc9_ops.cc:1552:reintegrate$4633223.A[1]', has negative timing budget of -0.007000ns
Info: port $auto$abc9_ops.cc:1552:reintegrate$4633223.A2, connected to net '$techmap4638843$auto$abc9_ops.cc:1552:reintegrate$4633223.A[1]', has negative timing budget of -0.007000ns
Info: port $abc$4633114$lut$aiger4633113$41788.A1, connected to net 'resetgen.hold[27]', has negative timing budget of -0.186000ns
Info: port $auto$abc9_ops.cc:1552:reintegrate$4633201.A4, connected to net 'player.counter[0][28]', has negative timing budget of -0.193000ns
Info: port $auto$abc9_ops.cc:1552:reintegrate$4633208.A3, connected to net 'player.counter[0][28]', has negative timing budget of -0.193000ns
Info: port $auto$abc9_ops.cc:1552:reintegrate$4633213.A2, connected to net 'player.counter[0][28]', has negative timing budget of -0.193000ns
Info: port $auto$abc9_ops.cc:1552:reintegrate$4633232.A1, connected to net 'player.counter[0][28]', has negative timing budget of -0.193000ns
Info: port $auto$abc9_ops.cc:1552:reintegrate$4633198.A4, connected to net 'player.counter[3][28]', has negative timing budget of -0.193000ns
Info: port $auto$abc9_ops.cc:1552:reintegrate$4633205.A3, connected to net 'player.counter[3][28]', has negative timing budget of -0.193000ns
Info: port $auto$abc9_ops.cc:1552:reintegrate$4633218.A2, connected to net 'player.counter[3][28]', has negative timing budget of -0.193000ns
Info: port $auto$abc9_ops.cc:1552:reintegrate$4633225.A1, connected to net 'player.counter[3][28]', has negative timing budget of -0.193000ns
Info: port $abc$4633114$lut$aiger4633113$41464.A2, connected to net '$techmap4638814$auto$abc9_ops.cc:1552:reintegrate$4633235.A[1]', has negative timing budget of -0.007000ns
Info: port $abc$4633114$lut$aiger4633113$29006.A1, connected to net 'player.counter[5][7]', has negative timing budget of -0.060000ns
Info: port $abc$4633114$lut$aiger4633113$41627.A2, connected to net '$techmap4638807$auto$abc9_ops.cc:1552:reintegrate$4633239.A[1]', has negative timing budget of -0.007000ns
Info: port $abc$4633114$lut$aiger4633113$28417.A1, connected to net 'player.counter[3][7]', has negative timing budget of -0.032000ns
Info: port $abc$4633114$lut$aiger4633113$41021.A1, connected to net 'resetgen.hold[26]', has negative timing budget of -0.179000ns
Info: port $abc$4633114$lut$aiger4633113$28662.A2, connected to net '$techmap4638179$auto$abc9_ops.cc:1552:reintegrate$4633466.A[1]', has negative timing budget of -0.008000ns
Info: port $abc$4633114$lut$aiger4633113$29066.A2, connected to net '$techmap4638146$auto$abc9_ops.cc:1552:reintegrate$4633480.A[1]', has negative timing budget of -0.008000ns
Info: port $abc$4633114$lut$aiger4633113$30149.A1, connected to net 'player.counter[5][8]', has negative timing budget of -0.075000ns
Info: port $abc$4633114$lut$aiger4633113$30521.A2, connected to net '$techmap4638215$auto$abc9_ops.cc:1552:reintegrate$4633461.A[1]', has negative timing budget of -0.008000ns
Info: port $abc$4633114$lut$aiger4633113$30105.A2, connected to net '$techmap4638217$auto$abc9_ops.cc:1552:reintegrate$4633460.A[1]', has negative timing budget of -0.008000ns
Info: port $abc$4633114$lut$aiger4633113$28980.A1, connected to net 'player.counter[0][7]', has negative timing budget of -0.032000ns
Info: port $abc$4633114$lut$aiger4633113$28362.A2, connected to net '$techmap4638148$auto$abc9_ops.cc:1552:reintegrate$4633479.A[1]', has negative timing budget of -0.008000ns
Info: port $abc$4633114$lut$aiger4633113$23213.A4, connected to net 'player.counter[1][1]', has negative timing budget of -0.008000ns
Info: port $abc$4633114$lut$aiger4633113$24091.A4, connected to net 'player.counter[4][1]', has negative timing budget of -0.008000ns
Info: port $abc$4633114$lut$aiger4633113$22775.A4, connected to net 'player.counter[3][1]', has negative timing budget of -0.008000ns
Info: port $abc$4633114$lut$aiger4633113$33121.A1, connected to net 'player.counter[5][13]', has negative timing budget of -0.150000ns
Info: port $abc$4633114$lut$aiger4633113$33639.A2, connected to net '$techmap4638425$auto$abc9_ops.cc:1552:reintegrate$4633380.A[1]', has negative timing budget of -0.008000ns
Info: port $auto$abc9_ops.cc:1552:reintegrate$4633199.A4, connected to net '$techmap4638855$auto$abc9_ops.cc:1552:reintegrate$4633215.A[1]', has negative timing budget of -0.014000ns
Info: port $auto$abc9_ops.cc:1552:reintegrate$4633211.A3, connected to net '$techmap4638855$auto$abc9_ops.cc:1552:reintegrate$4633215.A[1]', has negative timing budget of -0.014000ns
Info: port $auto$abc9_ops.cc:1552:reintegrate$4633215.A2, connected to net '$techmap4638855$auto$abc9_ops.cc:1552:reintegrate$4633215.A[1]', has negative timing budget of -0.014000ns
Info: port $auto$ff.cc:337:slice$256405.D, connected to net '$auto$alumacc.cc:512:replace_alu$251216.Y[28]', has negative timing budget of -0.007000ns
Info: port $auto$ff.cc:337:slice$256470.D, connected to net '$auto$alumacc.cc:512:replace_alu$251010.Y[29]', has negative timing budget of -0.014000ns
Info: port $auto$ff.cc:337:slice$256472.D, connected to net '$auto$alumacc.cc:512:replace_alu$251010.Y[31]', has negative timing budget of -0.014000ns
Info: port $abc$4633114$lut$aiger4633113$32301.A1, connected to net 'resetgen.hold[11]', has negative timing budget of -0.064000ns
Info: port $abc$4633114$lut$aiger4633113$24091.A5, connected to net 'player.counter[4][0]', has negative timing budget of -0.008000ns
Info: port $abc$4633114$lut$aiger4633113$24712.A2, connected to net '$techmap4637903$auto$abc9_ops.cc:1552:reintegrate$4633520.A[1]', has negative timing budget of -0.008000ns
Info: port $abc$4633114$lut$aiger4633113$27655.A1, connected to net 'player.counter[0][6]', has negative timing budget of -0.024000ns
Info: port $abc$4633114$lut$aiger4633113$27579.A1, connected to net 'player.counter[3][6]', has negative timing budget of -0.024000ns
Info: port $abc$4633114$lut$aiger4633113$23213.A2, connected to net 'player.counter[1][3]', has negative timing budget of -0.008000ns
Info: port $abc$4633114$lut$aiger4633113$32181.A2, connected to net '$techmap4638346$auto$abc9_ops.cc:1552:reintegrate$4633414.A[1]', has negative timing budget of -0.008000ns
Info: port $abc$4633114$lut$aiger4633113$38837.A1, connected to net 'player.counter[3][22]', has negative timing budget of -0.151000ns
Info: port $abc$4633114$lut$aiger4633113$38069.A2, connected to net '$techmap4638664$auto$abc9_ops.cc:1552:reintegrate$4633304.A[1]', has negative timing budget of -0.008000ns
Info: port $abc$4633114$lut$aiger4633113$32399.A1, connected to net 'player.counter[5][11]', has negative timing budget of -0.120000ns
Info: port $abc$4633114$lut$aiger4633113$27364.A1, connected to net 'player.counter[4][6]', has negative timing budget of -0.024000ns
Info: port $abc$4633114$lut$aiger4633113$27340.A1, connected to net 'player.counter[1][6]', has negative timing budget of -0.024000ns
Info: port $abc$4633114$lut$aiger4633113$38837.A2, connected to net '$techmap4638699$auto$abc9_ops.cc:1552:reintegrate$4633286.A[1]', has negative timing budget of -0.007000ns
Info: port $abc$4633114$lut$aiger4633113$34524.A1, connected to net 'resetgen.hold[15]', has negative timing budget of -0.096000ns
Info: port $abc$4633114$lut$aiger4633113$31980.A2, connected to net '$techmap4638322$auto$abc9_ops.cc:1552:reintegrate$4633424.A[1]', has negative timing budget of -0.008000ns
Info: port $abc$4633114$lut$aiger4633113$27579.A2, connected to net '$techmap4637978$auto$abc9_ops.cc:1552:reintegrate$4633508.A[1]', has negative timing budget of -0.008000ns
Info: port $abc$4633114$lut$aiger4633113$24091.A3, connected to net 'player.counter[4][2]', has negative timing budget of -0.008000ns
Info: port $abc$4633114$lut$aiger4633113$27340.A2, connected to net '$techmap4638023$auto$abc9_ops.cc:1552:reintegrate$4633502.A[1]', has negative timing budget of -0.008000ns
Info: port $auto$ff.cc:337:slice$267009.D, connected to net '$auto$alumacc.cc:512:replace_alu$251093.Y[28]', has negative timing budget of -0.007000ns
Info: port $auto$ff.cc:337:slice$267010.D, connected to net '$auto$alumacc.cc:512:replace_alu$251093.Y[29]', has negative timing budget of -0.007000ns
Info: port $auto$ff.cc:337:slice$256438.D, connected to net '$auto$alumacc.cc:512:replace_alu$251213.Y[29]', has negative timing budget of -0.007000ns
Info: port $abc$4633114$lut$aiger4633113$25696.A1, connected to net 'player.counter[4][5]', has negative timing budget of -0.016000ns
Info: port $abc$4633114$lut$aiger4633113$23888.A4, connected to net 'resetgen.hold[1]', has negative timing budget of -0.008000ns
Info: port $abc$4633114$lut$aiger4633113$23888.A2, connected to net 'resetgen.hold[3]', has negative timing budget of -0.008000ns
Info: port $auto$abc9_ops.cc:1552:reintegrate$4633197.A3, connected to net 'resetgen.hold[29]', has negative timing budget of -0.193000ns
Info: port $auto$abc9_ops.cc:1552:reintegrate$4633204.A2, connected to net 'resetgen.hold[29]', has negative timing budget of -0.193000ns
Info: port $auto$abc9_ops.cc:1552:reintegrate$4633220.A1, connected to net 'resetgen.hold[29]', has negative timing budget of -0.193000ns
Info: port $abc$4633114$lut$aiger4633113$30459.A2, connected to net '$techmap4638220$auto$abc9_ops.cc:1552:reintegrate$4633458.A[1]', has negative timing budget of -0.008000ns
Info: port $abc$4633114$lut$aiger4633113$23888.A3, connected to net 'resetgen.hold[2]', has negative timing budget of -0.008000ns
Info: port $abc$4633114$lut$aiger4633113$30149.A2, connected to net '$techmap4638235$auto$abc9_ops.cc:1552:reintegrate$4633455.A[1]', has negative timing budget of -0.015000ns
Info: port $abc$4633114$lut$aiger4633113$32925.A2, connected to net '$techmap4638377$auto$abc9_ops.cc:1552:reintegrate$4633403.A[1]', has negative timing budget of -0.008000ns
Info: port $abc$4633114$lut$aiger4633113$25514.A2, connected to net '$techmap4637869$auto$abc9_ops.cc:1552:reintegrate$4633528.A[1]', has negative timing budget of -0.008000ns
Info: port $abc$4633114$lut$aiger4633113$38869.A2, connected to net '$techmap4638707$auto$abc9_ops.cc:1552:reintegrate$4633283.A[1]', has negative timing budget of -0.007000ns
Info: port $abc$4633114$lut$aiger4633113$37991.A2, connected to net '$techmap4638683$auto$abc9_ops.cc:1552:reintegrate$4633294.A[1]', has negative timing budget of -0.015000ns
Info: port $abc$4633114$lut$aiger4633113$23888.A1, connected to net 'resetgen.hold[4]', has negative timing budget of -0.008000ns
Info: port $auto$abc9_ops.cc:1552:reintegrate$4633197.A1, connected to net 'resetgen.hold[31]', has negative timing budget of -0.193000ns
Info: port $abc$4633114$lut$aiger4633113$38833.A1, connected to net 'player.counter[1][22]', has negative timing budget of -0.151000ns
Info: port $auto$abc9_ops.cc:1552:reintegrate$4633191.A2, connected to net 'player.counter[1][30]', has negative timing budget of -0.193000ns
Info: port $auto$abc9_ops.cc:1552:reintegrate$4633210.A1, connected to net 'player.counter[1][30]', has negative timing budget of -0.193000ns
Info: port $abc$4633114$lut$aiger4633113$34524.A2, connected to net '$techmap4638451$auto$abc9_ops.cc:1552:reintegrate$4633366.A[1]', has negative timing budget of -0.008000ns
Info: port $abc$4633114$lut$aiger4633113$33206.A1, connected to net 'player.counter[4][13]', has negative timing budget of -0.080000ns
Info: port $auto$ff.cc:337:slice$256374.D, connected to net '$auto$alumacc.cc:512:replace_alu$251207.Y[29]', has negative timing budget of -0.007000ns
Info: port $abc$4633114$lut$aiger4633113$33532.A1, connected to net 'player.counter[0][13]', has negative timing budget of -0.080000ns
Info: port $abc$4633114$lut$aiger4633113$31843.A2, connected to net '$techmap4638303$auto$abc9_ops.cc:1552:reintegrate$4633428.A[1]', has negative timing budget of -0.008000ns
Info: port $auto$ff.cc:337:slice$256437.D, connected to net '$auto$alumacc.cc:512:replace_alu$251213.Y[28]', has negative timing budget of -0.007000ns
Info: port $abc$4633114$lut$aiger4633113$42401.A2, connected to net '$techmap4638841$auto$abc9_ops.cc:1552:reintegrate$4633224.A[1]', has negative timing budget of -0.014000ns
Info: port $auto$abc9_ops.cc:1552:reintegrate$4633224.A2, connected to net '$techmap4638841$auto$abc9_ops.cc:1552:reintegrate$4633224.A[1]', has negative timing budget of -0.007000ns
Info: port $abc$4633114$lut$aiger4633113$28662.A1, connected to net 'resetgen.hold[7]', has negative timing budget of -0.032000ns
Info: port $abc$4633114$lut$aiger4633113$31516.A1, connected to net 'player.counter[3][10]', has negative timing budget of -0.056000ns
Info: port $abc$4633114$lut$aiger4633113$28318.A1, connected to net 'player.counter[5][6]', has negative timing budget of -0.045000ns
Info: port $abc$4633114$lut$aiger4633113$23720.A4, connected to net 'player.counter[0][1]', has negative timing budget of -0.008000ns
Info: port $abc$4633114$lut$aiger4633113$33532.A2, connected to net '$techmap4638399$auto$abc9_ops.cc:1552:reintegrate$4633392.A[1]', has negative timing budget of -0.008000ns
Info: port $auto$abc9_ops.cc:1552:reintegrate$4633197.A4, connected to net 'resetgen.hold[28]', has negative timing budget of -0.193000ns
Info: port $auto$abc9_ops.cc:1552:reintegrate$4633204.A3, connected to net 'resetgen.hold[28]', has negative timing budget of -0.193000ns
Info: port $auto$abc9_ops.cc:1552:reintegrate$4633220.A2, connected to net 'resetgen.hold[28]', has negative timing budget of -0.193000ns
Info: port $auto$abc9_ops.cc:1552:reintegrate$4633223.A1, connected to net 'resetgen.hold[28]', has negative timing budget of -0.193000ns
Info: port $abc$4633114$lut$aiger4633113$24355.A5, connected to net 'player.counter[5][0]', has negative timing budget of -0.015000ns
Info: port $abc$4633114$lut$aiger4633113$25696.A2, connected to net '$techmap4637916$auto$abc9_ops.cc:1552:reintegrate$4633518.A[1]', has negative timing budget of -0.008000ns
Info: port $abc$4633114$lut$aiger4633113$32301.A2, connected to net '$techmap4638326$auto$abc9_ops.cc:1552:reintegrate$4633422.A[1]', has negative timing budget of -0.008000ns
Info: port $abc$4633114$lut$aiger4633113$31859.A2, connected to net '$techmap4638280$auto$abc9_ops.cc:1552:reintegrate$4633435.A[1]', has negative timing budget of -0.015000ns
Info: port $abc$4633114$lut$aiger4633113$31863.A2, connected to net '$techmap4638282$auto$abc9_ops.cc:1552:reintegrate$4633434.A[1]', has negative timing budget of -0.008000ns
Info: port $abc$4633114$lut$aiger4633113$31863.A1, connected to net 'player.counter[1][10]', has negative timing budget of -0.056000ns
Info: port $abc$4633114$lut$aiger4633113$31204.A1, connected to net 'resetgen.hold[9]', has negative timing budget of -0.048000ns
Info: port $abc$4633114$lut$aiger4633113$31516.A2, connected to net '$techmap4638318$auto$abc9_ops.cc:1552:reintegrate$4633426.A[1]', has negative timing budget of -0.008000ns
Info: port $abc$4633114$lut$aiger4633113$32181.A1, connected to net 'player.counter[1][11]', has negative timing budget of -0.064000ns
Info: port $abc$4633114$lut$aiger4633113$32399.A2, connected to net '$techmap4638344$auto$abc9_ops.cc:1552:reintegrate$4633415.A[1]', has negative timing budget of -0.015000ns
Info: port $auto$ff.cc:337:slice$256375.D, connected to net '$auto$alumacc.cc:512:replace_alu$251207.Y[30]', has negative timing budget of -0.007000ns
Info: port $abc$4633114$lut$aiger4633113$23720.A5, connected to net 'player.counter[0][0]', has negative timing budget of -0.008000ns
Info: port $abc$4633114$lut$aiger4633113$23213.A5, connected to net 'player.counter[1][0]', has negative timing budget of -0.008000ns
Info: port $auto$ff.cc:337:slice$256376.D, connected to net '$auto$alumacc.cc:512:replace_alu$251207.Y[31]', has negative timing budget of -0.007000ns
Info: port $abc$4633114$lut$aiger4633113$24712.A1, connected to net 'resetgen.hold[5]', has negative timing budget of -0.016000ns
Info: port $abc$4633114$lut$aiger4633113$32776.A2, connected to net '$techmap4638379$auto$abc9_ops.cc:1552:reintegrate$4633402.A[1]', has negative timing budget of -0.015000ns
Info: port $auto$ff.cc:337:slice$267011.D, connected to net '$auto$alumacc.cc:512:replace_alu$251093.Y[30]', has negative timing budget of -0.007000ns
Info: port $abc$4633114$lut$aiger4633113$38653.A2, connected to net '$techmap4638691$auto$abc9_ops.cc:1552:reintegrate$4633290.A[1]', has negative timing budget of -0.007000ns
Info: port $abc$4633114$lut$aiger4633113$32776.A1, connected to net 'player.counter[5][12]', has negative timing budget of -0.135000ns
Info: port $abc$4633114$lut$aiger4633113$32947.A1, connected to net 'player.counter[0][12]', has negative timing budget of -0.072000ns
Info: port $abc$4633114$lut$aiger4633113$33206.A2, connected to net '$techmap4638381$auto$abc9_ops.cc:1552:reintegrate$4633401.A[1]', has negative timing budget of -0.008000ns
Info: port $abc$4633114$lut$aiger4633113$38859.A1, connected to net 'player.counter[4][22]', has negative timing budget of -0.151000ns
Info: port $abc$4633114$lut$aiger4633113$33177.A1, connected to net 'player.counter[3][13]', has negative timing budget of -0.080000ns
Info: port $abc$4633114$lut$aiger4633113$33607.A2, connected to net '$techmap4638392$auto$abc9_ops.cc:1552:reintegrate$4633396.A[1]', has negative timing budget of -0.008000ns
Info: port $abc$4633114$lut$aiger4633113$33150.A1, connected to net 'resetgen.hold[13]', has negative timing budget of -0.080000ns
Info: port $abc$4633114$lut$aiger4633113$34163.A2, connected to net '$techmap4638404$auto$abc9_ops.cc:1552:reintegrate$4633389.A[1]', has negative timing budget of -0.008000ns
Info: port $abc$4633114$lut$aiger4633113$33955.A1, connected to net 'player.counter[1][14]', has negative timing budget of -0.088000ns
Info: port $abc$4633114$lut$aiger4633113$33976.A1, connected to net 'player.counter[4][14]', has negative timing budget of -0.088000ns
Info: port $abc$4633114$lut$aiger4633113$33639.A1, connected to net 'player.counter[0][14]', has negative timing budget of -0.088000ns
Info: port $abc$4633114$lut$aiger4633113$34458.A2, connected to net '$techmap4638430$auto$abc9_ops.cc:1552:reintegrate$4633377.A[1]', has negative timing budget of -0.008000ns
Info: port $abc$4633114$lut$aiger4633113$34689.A2, connected to net '$techmap4638446$auto$abc9_ops.cc:1552:reintegrate$4633369.A[1]', has negative timing budget of -0.008000ns
Info: port $abc$4633114$lut$aiger4633113$34689.A1, connected to net 'player.counter[4][15]', has negative timing budget of -0.096000ns
Info: port $abc$4633114$lut$aiger4633113$34563.A1, connected to net 'player.counter[3][15]', has negative timing budget of -0.096000ns
Info: port $abc$4633114$lut$aiger4633113$24091.A2, connected to net 'player.counter[4][3]', has negative timing budget of -0.008000ns
Info: port $abc$4633114$lut$aiger4633113$23720.A2, connected to net 'player.counter[0][3]', has negative timing budget of -0.008000ns
Info: port $abc$4633114$lut$aiger4633113$35174.A1, connected to net 'player.counter[5][16]', has negative timing budget of -0.195000ns
Info: port $abc$4633114$lut$aiger4633113$35312.A1, connected to net 'player.counter[0][16]', has negative timing budget of -0.104000ns
Info: port $abc$4633114$lut$aiger4633113$41147.A1, connected to net 'player.counter[4][26]', has negative timing budget of -0.179000ns
Info: port $abc$4633114$lut$aiger4633113$36952.A2, connected to net '$techmap4638571$auto$abc9_ops.cc:1552:reintegrate$4633323.A[1]', has negative timing budget of -0.008000ns
Info: port $abc$4633114$lut$aiger4633113$22775.A5, connected to net 'player.counter[3][0]', has negative timing budget of -0.008000ns
Info: port $abc$4633114$lut$aiger4633113$37913.A2, connected to net '$techmap4638670$auto$abc9_ops.cc:1552:reintegrate$4633301.A[1]', has negative timing budget of -0.008000ns
Info: port $abc$4633114$lut$aiger4633113$38911.A2, connected to net '$techmap4638697$auto$abc9_ops.cc:1552:reintegrate$4633287.A[1]', has negative timing budget of -0.015000ns
Info: port $abc$4633114$lut$aiger4633113$27813.A2, connected to net '$techmap4637954$auto$abc9_ops.cc:1552:reintegrate$4633514.A[1]', has negative timing budget of -0.008000ns
Info: port $abc$4633114$lut$aiger4633113$38869.A1, connected to net 'player.counter[0][22]', has negative timing budget of -0.151000ns
Info: port $abc$4633114$lut$aiger4633113$38653.A1, connected to net 'resetgen.hold[22]', has negative timing budget of -0.151000ns
Info: port $abc$4633114$lut$aiger4633113$28318.A2, connected to net '$techmap4638025$auto$abc9_ops.cc:1552:reintegrate$4633501.A[1]', has negative timing budget of -0.015000ns
Info: port $abc$4633114$lut$aiger4633113$39992.A1, connected to net 'player.counter[4][24]', has negative timing budget of -0.165000ns
Info: port $abc$4633114$lut$aiger4633113$39624.A1, connected to net 'player.counter[5][24]', has negative timing budget of -0.315000ns
Info: port $abc$4633114$lut$aiger4633113$39992.A2, connected to net '$techmap4638748$auto$abc9_ops.cc:1552:reintegrate$4633271.A[1]', has negative timing budget of -0.007000ns
Info: port $abc$4633114$lut$aiger4633113$39624.A2, connected to net '$techmap4638757$auto$abc9_ops.cc:1552:reintegrate$4633266.A[1]', has negative timing budget of -0.015000ns
Info: port $abc$4633114$lut$aiger4633113$39447.A1, connected to net 'resetgen.hold[23]', has negative timing budget of -0.158000ns
Info: port $abc$4633114$lut$aiger4633113$40163.A2, connected to net '$techmap4638774$auto$abc9_ops.cc:1552:reintegrate$4633258.A[1]', has negative timing budget of -0.007000ns
Info: port $abc$4633114$lut$aiger4633113$40154.A2, connected to net '$techmap4638780$auto$abc9_ops.cc:1552:reintegrate$4633255.A[1]', has negative timing budget of -0.007000ns
Info: port $abc$4633114$lut$aiger4633113$40154.A1, connected to net 'player.counter[4][25]', has negative timing budget of -0.172000ns
Info: port $abc$4633114$lut$aiger4633113$41021.A2, connected to net '$techmap4638791$auto$abc9_ops.cc:1552:reintegrate$4633249.A[1]', has negative timing budget of -0.007000ns
Info: port $abc$4633114$lut$aiger4633113$41265.A2, connected to net '$techmap4638793$auto$abc9_ops.cc:1552:reintegrate$4633248.A[1]', has negative timing budget of -0.007000ns
Info: port $abc$4633114$lut$aiger4633113$41265.A1, connected to net 'player.counter[1][26]', has negative timing budget of -0.179000ns
Info: port $abc$4633114$lut$aiger4633113$31444.A2, connected to net '$techmap4638297$auto$abc9_ops.cc:1552:reintegrate$4633431.A[1]', has negative timing budget of -0.008000ns
Info: port $abc$4633114$lut$aiger4633113$31859.A1, connected to net 'player.counter[5][10]', has negative timing budget of -0.105000ns
Info: port $abc$4633114$lut$aiger4633113$31843.A1, connected to net 'player.counter[4][10]', has negative timing budget of -0.056000ns
Info: port $abc$4633114$lut$aiger4633113$31444.A1, connected to net 'player.counter[0][10]', has negative timing budget of -0.056000ns
Info: port $abc$4633114$lut$aiger4633113$31524.A2, connected to net '$techmap4638301$auto$abc9_ops.cc:1552:reintegrate$4633429.A[1]', has negative timing budget of -0.008000ns
Info: port $abc$4633114$lut$aiger4633113$32390.A2, connected to net '$techmap4638324$auto$abc9_ops.cc:1552:reintegrate$4633423.A[1]', has negative timing budget of -0.008000ns
Info: port $abc$4633114$lut$aiger4633113$31524.A1, connected to net 'resetgen.hold[10]', has negative timing budget of -0.056000ns
Info: port $abc$4633114$lut$aiger4633113$32390.A1, connected to net 'player.counter[3][11]', has negative timing budget of -0.064000ns
Info: port $abc$4633114$lut$aiger4633113$32185.A1, connected to net 'player.counter[4][11]', has negative timing budget of -0.064000ns
Info: port $abc$4633114$lut$aiger4633113$31980.A1, connected to net 'player.counter[0][11]', has negative timing budget of -0.064000ns
Info: port $abc$4633114$lut$aiger4633113$32185.A2, connected to net '$techmap4638342$auto$abc9_ops.cc:1552:reintegrate$4633416.A[1]', has negative timing budget of -0.008000ns
Info: port $abc$4633114$lut$aiger4633113$32947.A2, connected to net '$techmap4638348$auto$abc9_ops.cc:1552:reintegrate$4633413.A[1]', has negative timing budget of -0.008000ns
Info: port $abc$4633114$lut$aiger4633113$32782.A2, connected to net '$techmap4638351$auto$abc9_ops.cc:1552:reintegrate$4633411.A[1]', has negative timing budget of -0.008000ns
Info: port $abc$4633114$lut$aiger4633113$32504.A2, connected to net '$techmap4638353$auto$abc9_ops.cc:1552:reintegrate$4633410.A[1]', has negative timing budget of -0.008000ns
Info: port $abc$4633114$lut$aiger4633113$32567.A2, connected to net '$techmap4638362$auto$abc9_ops.cc:1552:reintegrate$4633407.A[1]', has negative timing budget of -0.008000ns
Info: port $auto$ff.cc:337:slice$256408.D, connected to net '$auto$alumacc.cc:512:replace_alu$251216.Y[31]', has negative timing budget of -0.007000ns
Info: port $auto$ff.cc:337:slice$256439.D, connected to net '$auto$alumacc.cc:512:replace_alu$251213.Y[30]', has negative timing budget of -0.007000ns
Info: port $auto$ff.cc:337:slice$256407.D, connected to net '$auto$alumacc.cc:512:replace_alu$251216.Y[30]', has negative timing budget of -0.007000ns
Info: port $auto$ff.cc:337:slice$256471.D, connected to net '$auto$alumacc.cc:512:replace_alu$251010.Y[30]', has negative timing budget of -0.014000ns
Info: port $auto$ff.cc:337:slice$256406.D, connected to net '$auto$alumacc.cc:512:replace_alu$251216.Y[29]', has negative timing budget of -0.007000ns
Info: port $auto$ff.cc:337:slice$256469.D, connected to net '$auto$alumacc.cc:512:replace_alu$251010.Y[28]', has negative timing budget of -0.007000ns
Info: port $abc$4633114$lut$aiger4633113$32782.A1, connected to net 'player.counter[1][12]', has negative timing budget of -0.072000ns
Info: port $abc$4633114$lut$aiger4633113$32504.A1, connected to net 'player.counter[4][12]', has negative timing budget of -0.072000ns
Info: port $auto$ff.cc:337:slice$256373.D, connected to net '$auto$alumacc.cc:512:replace_alu$251207.Y[28]', has negative timing budget of -0.007000ns
Info: port $abc$4633114$lut$aiger4633113$32925.A1, connected to net 'player.counter[3][12]', has negative timing budget of -0.072000ns
Info: port $auto$ff.cc:337:slice$256309.D, connected to net '$auto$alumacc.cc:512:replace_alu$251204.Y[28]', has negative timing budget of -0.007000ns
Info: port $abc$4633114$lut$aiger4633113$32567.A1, connected to net 'resetgen.hold[12]', has negative timing budget of -0.072000ns
Info: port $abc$4633114$lut$aiger4633113$33150.A2, connected to net '$techmap4638385$auto$abc9_ops.cc:1552:reintegrate$4633399.A[1]', has negative timing budget of -0.008000ns
Info: port $abc$4633114$lut$aiger4633113$33607.A1, connected to net 'player.counter[1][13]', has negative timing budget of -0.080000ns
Info: port $abc$4633114$lut$aiger4633113$33121.A2, connected to net '$techmap4638390$auto$abc9_ops.cc:1552:reintegrate$4633397.A[1]', has negative timing budget of -0.015000ns
Info: port $abc$4633114$lut$aiger4633113$33177.A2, connected to net '$techmap4638397$auto$abc9_ops.cc:1552:reintegrate$4633393.A[1]', has negative timing budget of -0.008000ns
Info: port $abc$4633114$lut$aiger4633113$33959.A2, connected to net '$techmap4638402$auto$abc9_ops.cc:1552:reintegrate$4633390.A[1]', has negative timing budget of -0.015000ns
Info: port $abc$4633114$lut$aiger4633113$33721.A2, connected to net '$techmap4638406$auto$abc9_ops.cc:1552:reintegrate$4633388.A[1]', has negative timing budget of -0.008000ns
Info: port $abc$4633114$lut$aiger4633113$33976.A2, connected to net '$techmap4638410$auto$abc9_ops.cc:1552:reintegrate$4633386.A[1]', has negative timing budget of -0.008000ns
Info: port $abc$4633114$lut$aiger4633113$33721.A1, connected to net 'player.counter[3][14]', has negative timing budget of -0.088000ns
Info: port $abc$4633114$lut$aiger4633113$33959.A1, connected to net 'player.counter[5][14]', has negative timing budget of -0.165000ns
Info: port $abc$4633114$lut$aiger4633113$33955.A2, connected to net '$techmap4638428$auto$abc9_ops.cc:1552:reintegrate$4633378.A[1]', has negative timing budget of -0.008000ns
Info: port $abc$4633114$lut$aiger4633113$34563.A2, connected to net '$techmap4638437$auto$abc9_ops.cc:1552:reintegrate$4633374.A[1]', has negative timing budget of -0.008000ns
Info: port $abc$4633114$lut$aiger4633113$34701.A2, connected to net '$techmap4638440$auto$abc9_ops.cc:1552:reintegrate$4633372.A[1]', has negative timing budget of -0.008000ns
Info: port $abc$4633114$lut$aiger4633113$34731.A2, connected to net '$techmap4638442$auto$abc9_ops.cc:1552:reintegrate$4633371.A[1]', has negative timing budget of -0.015000ns
Info: port $abc$4633114$lut$aiger4633113$34731.A1, connected to net 'player.counter[5][15]', has negative timing budget of -0.180000ns
Info: port $abc$4633114$lut$aiger4633113$34458.A1, connected to net 'player.counter[0][15]', has negative timing budget of -0.096000ns
Info: port $abc$4633114$lut$aiger4633113$34701.A1, connected to net 'player.counter[1][15]', has negative timing budget of -0.096000ns
Info: port $abc$4633114$lut$aiger4633113$34163.A1, connected to net 'resetgen.hold[14]', has negative timing budget of -0.088000ns
Info: port $abc$4633114$lut$aiger4633113$35298.A1, connected to net 'player.counter[3][16]', has negative timing budget of -0.104000ns
Info: port $abc$4633114$lut$aiger4633113$35197.A1, connected to net 'player.counter[4][16]', has negative timing budget of -0.104000ns
Info: port $abc$4633114$lut$aiger4633113$35170.A1, connected to net 'player.counter[1][16]', has negative timing budget of -0.104000ns
Info: port $abc$4633114$lut$aiger4633113$35312.A2, connected to net '$techmap4638455$auto$abc9_ops.cc:1552:reintegrate$4633363.A[1]', has negative timing budget of -0.008000ns
Info: port $abc$4633114$lut$aiger4633113$35321.A2, connected to net '$techmap4638459$auto$abc9_ops.cc:1552:reintegrate$4633361.A[1]', has negative timing budget of -0.008000ns
Info: port $abc$4633114$lut$aiger4633113$35298.A2, connected to net '$techmap4638461$auto$abc9_ops.cc:1552:reintegrate$4633360.A[1]', has negative timing budget of -0.008000ns
Info: port $abc$4633114$lut$aiger4633113$35197.A2, connected to net '$techmap4638468$auto$abc9_ops.cc:1552:reintegrate$4633356.A[1]', has negative timing budget of -0.008000ns
Info: port $abc$4633114$lut$aiger4633113$35170.A2, connected to net '$techmap4638470$auto$abc9_ops.cc:1552:reintegrate$4633355.A[1]', has negative timing budget of -0.008000ns
Info: port $abc$4633114$lut$aiger4633113$35174.A2, connected to net '$techmap4638472$auto$abc9_ops.cc:1552:reintegrate$4633354.A[1]', has negative timing budget of -0.015000ns
Info: port $abc$4633114$lut$aiger4633113$35479.A2, connected to net '$techmap4638477$auto$abc9_ops.cc:1552:reintegrate$4633351.A[1]', has negative timing budget of -0.008000ns
Info: port $abc$4633114$lut$aiger4633113$35780.A2, connected to net '$techmap4638479$auto$abc9_ops.cc:1552:reintegrate$4633350.A[1]', has negative timing budget of -0.015000ns
Info: port $abc$4633114$lut$aiger4633113$35634.A2, connected to net '$techmap4638483$auto$abc9_ops.cc:1552:reintegrate$4633348.A[1]', has negative timing budget of -0.008000ns
Info: port $abc$4633114$lut$aiger4633113$35634.A1, connected to net 'player.counter[4][17]', has negative timing budget of -0.112000ns
Info: port $abc$4633114$lut$aiger4633113$35780.A1, connected to net 'player.counter[5][17]', has negative timing budget of -0.210000ns
Info: port $abc$4633114$lut$aiger4633113$35501.A1, connected to net 'player.counter[3][17]', has negative timing budget of -0.112000ns
Info: port $abc$4633114$lut$aiger4633113$35462.A1, connected to net 'player.counter[0][17]', has negative timing budget of -0.112000ns
Info: port $abc$4633114$lut$aiger4633113$35479.A1, connected to net 'player.counter[1][17]', has negative timing budget of -0.112000ns
Info: port $abc$4633114$lut$aiger4633113$35501.A2, connected to net '$techmap4638507$auto$abc9_ops.cc:1552:reintegrate$4633346.A[1]', has negative timing budget of -0.008000ns
Info: port $abc$4633114$lut$aiger4633113$35462.A2, connected to net '$techmap4638512$auto$abc9_ops.cc:1552:reintegrate$4633343.A[1]', has negative timing budget of -0.008000ns
Info: port $abc$4633114$lut$aiger4633113$35321.A1, connected to net 'resetgen.hold[16]', has negative timing budget of -0.104000ns
Info: port $abc$4633114$lut$aiger4633113$35879.A2, connected to net '$techmap4638514$auto$abc9_ops.cc:1552:reintegrate$4633342.A[1]', has negative timing budget of -0.008000ns
Info: port $abc$4633114$lut$aiger4633113$36141.A2, connected to net '$techmap4638520$auto$abc9_ops.cc:1552:reintegrate$4633338.A[1]', has negative timing budget of -0.008000ns
Info: port $abc$4633114$lut$aiger4633113$36585.A2, connected to net '$techmap4638522$auto$abc9_ops.cc:1552:reintegrate$4633337.A[1]', has negative timing budget of -0.008000ns
Info: port $abc$4633114$lut$aiger4633113$36609.A2, connected to net '$techmap4638524$auto$abc9_ops.cc:1552:reintegrate$4633336.A[1]', has negative timing budget of -0.008000ns
Info: port $abc$4633114$lut$aiger4633113$36609.A1, connected to net 'player.counter[3][18]', has negative timing budget of -0.120000ns
Info: port $abc$4633114$lut$aiger4633113$36561.A1, connected to net 'player.counter[4][18]', has negative timing budget of -0.120000ns
Info: port $abc$4633114$lut$aiger4633113$36121.A1, connected to net 'player.counter[5][18]', has negative timing budget of -0.225000ns
Info: port $abc$4633114$lut$aiger4633113$36585.A1, connected to net 'player.counter[1][18]', has negative timing budget of -0.120000ns
Info: port $abc$4633114$lut$aiger4633113$36141.A1, connected to net 'player.counter[0][18]', has negative timing budget of -0.120000ns
Info: port $abc$4633114$lut$aiger4633113$36561.A2, connected to net '$techmap4638549$auto$abc9_ops.cc:1552:reintegrate$4633333.A[1]', has negative timing budget of -0.008000ns
Info: port $abc$4633114$lut$aiger4633113$36121.A2, connected to net '$techmap4638556$auto$abc9_ops.cc:1552:reintegrate$4633330.A[1]', has negative timing budget of -0.015000ns
Info: port $abc$4633114$lut$aiger4633113$35879.A1, connected to net 'resetgen.hold[17]', has negative timing budget of -0.112000ns
Info: port $abc$4633114$lut$aiger4633113$36316.A2, connected to net '$techmap4638558$auto$abc9_ops.cc:1552:reintegrate$4633329.A[1]', has negative timing budget of -0.008000ns
Info: port $abc$4633114$lut$aiger4633113$36613.A1, connected to net 'player.counter[4][19]', has negative timing budget of -0.128000ns
Info: port $abc$4633114$lut$aiger4633113$36674.A1, connected to net 'player.counter[3][19]', has negative timing budget of -0.128000ns
Info: port $abc$4633114$lut$aiger4633113$36689.A1, connected to net 'player.counter[1][19]', has negative timing budget of -0.128000ns
Info: port $abc$4633114$lut$aiger4633113$36866.A1, connected to net 'player.counter[0][19]', has negative timing budget of -0.128000ns
Info: port $abc$4633114$lut$aiger4633113$36657.A1, connected to net 'player.counter[5][19]', has negative timing budget of -0.240000ns
Info: port $abc$4633114$lut$aiger4633113$36657.A2, connected to net '$techmap4638560$auto$abc9_ops.cc:1552:reintegrate$4633328.A[1]', has negative timing budget of -0.015000ns
Info: port $abc$4633114$lut$aiger4633113$36866.A2, connected to net '$techmap4638562$auto$abc9_ops.cc:1552:reintegrate$4633327.A[1]', has negative timing budget of -0.008000ns
Info: port $abc$4633114$lut$aiger4633113$36316.A1, connected to net 'resetgen.hold[18]', has negative timing budget of -0.120000ns
Info: port $abc$4633114$lut$aiger4633113$36613.A2, connected to net '$techmap4638613$auto$abc9_ops.cc:1552:reintegrate$4633320.A[1]', has negative timing budget of -0.008000ns
Info: port $abc$4633114$lut$aiger4633113$36689.A2, connected to net '$techmap4638617$auto$abc9_ops.cc:1552:reintegrate$4633318.A[1]', has negative timing budget of -0.008000ns
Info: port $abc$4633114$lut$aiger4633113$36674.A2, connected to net '$techmap4638619$auto$abc9_ops.cc:1552:reintegrate$4633317.A[1]', has negative timing budget of -0.008000ns
Info: port $abc$4633114$lut$aiger4633113$37531.A2, connected to net '$techmap4638621$auto$abc9_ops.cc:1552:reintegrate$4633316.A[1]', has negative timing budget of -0.008000ns
Info: port $abc$4633114$lut$aiger4633113$37711.A2, connected to net '$techmap4638623$auto$abc9_ops.cc:1552:reintegrate$4633315.A[1]', has negative timing budget of -0.015000ns
Info: port $abc$4633114$lut$aiger4633113$37540.A2, connected to net '$techmap4638625$auto$abc9_ops.cc:1552:reintegrate$4633314.A[1]', has negative timing budget of -0.008000ns
Info: port $abc$4633114$lut$aiger4633113$37208.A2, connected to net '$techmap4638627$auto$abc9_ops.cc:1552:reintegrate$4633313.A[1]', has negative timing budget of -0.008000ns
Info: port $abc$4633114$lut$aiger4633113$37711.A1, connected to net 'player.counter[5][20]', has negative timing budget of -0.255000ns
Info: port $abc$4633114$lut$aiger4633113$37531.A1, connected to net 'player.counter[4][20]', has negative timing budget of -0.136000ns
Info: port $abc$4633114$lut$aiger4633113$37540.A1, connected to net 'player.counter[3][20]', has negative timing budget of -0.136000ns
Info: port $abc$4633114$lut$aiger4633113$37388.A1, connected to net 'player.counter[0][20]', has negative timing budget of -0.136000ns
Info: port $abc$4633114$lut$aiger4633113$37208.A1, connected to net 'player.counter[1][20]', has negative timing budget of -0.136000ns
Info: port $abc$4633114$lut$aiger4633113$37388.A2, connected to net '$techmap4638650$auto$abc9_ops.cc:1552:reintegrate$4633310.A[1]', has negative timing budget of -0.008000ns
Info: port $abc$4633114$lut$aiger4633113$36952.A1, connected to net 'resetgen.hold[19]', has negative timing budget of -0.128000ns
Info: port $abc$4633114$lut$aiger4633113$37470.A2, connected to net '$techmap4638654$auto$abc9_ops.cc:1552:reintegrate$4633308.A[1]', has negative timing budget of -0.008000ns
Info: port $abc$4633114$lut$aiger4633113$37935.A1, connected to net 'player.counter[4][21]', has negative timing budget of -0.144000ns
Info: port $abc$4633114$lut$aiger4633113$38069.A1, connected to net 'player.counter[1][21]', has negative timing budget of -0.144000ns
Info: port $abc$4633114$lut$aiger4633113$38029.A1, connected to net 'player.counter[3][21]', has negative timing budget of -0.144000ns
Info: port $abc$4633114$lut$aiger4633113$38285.A1, connected to net 'player.counter[0][21]', has negative timing budget of -0.144000ns
Info: port $abc$4633114$lut$aiger4633113$37991.A1, connected to net 'player.counter[5][21]', has negative timing budget of -0.270000ns
Info: port $abc$4633114$lut$aiger4633113$38285.A2, connected to net '$techmap4638666$auto$abc9_ops.cc:1552:reintegrate$4633303.A[1]', has negative timing budget of -0.008000ns
Info: port $abc$4633114$lut$aiger4633113$37470.A1, connected to net 'resetgen.hold[20]', has negative timing budget of -0.136000ns
Info: port $abc$4633114$lut$aiger4633113$37935.A2, connected to net '$techmap4638678$auto$abc9_ops.cc:1552:reintegrate$4633297.A[1]', has negative timing budget of -0.008000ns
Info: port $abc$4633114$lut$aiger4633113$38029.A2, connected to net '$techmap4638680$auto$abc9_ops.cc:1552:reintegrate$4633296.A[1]', has negative timing budget of -0.008000ns
Info: port $abc$4633114$lut$aiger4633113$37913.A1, connected to net 'resetgen.hold[21]', has negative timing budget of -0.144000ns
Info: port $abc$4633114$lut$aiger4633113$38859.A2, connected to net '$techmap4638693$auto$abc9_ops.cc:1552:reintegrate$4633289.A[1]', has negative timing budget of -0.007000ns
Info: port $abc$4633114$lut$aiger4633113$38833.A2, connected to net '$techmap4638701$auto$abc9_ops.cc:1552:reintegrate$4633285.A[1]', has negative timing budget of -0.007000ns
Info: port $abc$4633114$lut$aiger4633113$38911.A1, connected to net 'player.counter[5][22]', has negative timing budget of -0.285000ns
Info: port $abc$4633114$lut$aiger4633113$39447.A2, connected to net '$techmap4638711$auto$abc9_ops.cc:1552:reintegrate$4633280.A[1]', has negative timing budget of -0.007000ns
Info: port $abc$4633114$lut$aiger4633113$39143.A1, connected to net 'player.counter[3][23]', has negative timing budget of -0.158000ns
Info: port $abc$4633114$lut$aiger4633113$39312.A1, connected to net 'player.counter[5][23]', has negative timing budget of -0.300000ns
Info: port $abc$4633114$lut$aiger4633113$39108.A1, connected to net 'player.counter[4][23]', has negative timing budget of -0.158000ns
Info: port $abc$4633114$lut$aiger4633113$39134.A1, connected to net 'player.counter[1][23]', has negative timing budget of -0.158000ns
Info: port $abc$4633114$lut$aiger4633113$39282.A1, connected to net 'player.counter[0][23]', has negative timing budget of -0.158000ns
Info: port $abc$4633114$lut$aiger4633113$39134.A2, connected to net '$techmap4638717$auto$abc9_ops.cc:1552:reintegrate$4633277.A[1]', has negative timing budget of -0.007000ns
Info: port $abc$4633114$lut$aiger4633113$39143.A2, connected to net '$techmap4638719$auto$abc9_ops.cc:1552:reintegrate$4633276.A[1]', has negative timing budget of -0.007000ns
Info: port $abc$4633114$lut$aiger4633113$39108.A2, connected to net '$techmap4638721$auto$abc9_ops.cc:1552:reintegrate$4633275.A[1]', has negative timing budget of -0.007000ns
Info: port $abc$4633114$lut$aiger4633113$39282.A2, connected to net '$techmap4638723$auto$abc9_ops.cc:1552:reintegrate$4633274.A[1]', has negative timing budget of -0.007000ns
Info: port $abc$4633114$lut$aiger4633113$39312.A2, connected to net '$techmap4638725$auto$abc9_ops.cc:1552:reintegrate$4633273.A[1]', has negative timing budget of -0.015000ns
Info: port $abc$4633114$lut$aiger4633113$39893.A1, connected to net 'player.counter[3][24]', has negative timing budget of -0.165000ns
Info: port $abc$4633114$lut$aiger4633113$39964.A1, connected to net 'player.counter[0][24]', has negative timing budget of -0.165000ns
Info: port $abc$4633114$lut$aiger4633113$39953.A1, connected to net 'player.counter[1][24]', has negative timing budget of -0.165000ns
Info: port $abc$4633114$lut$aiger4633113$39953.A2, connected to net '$techmap4638750$auto$abc9_ops.cc:1552:reintegrate$4633270.A[1]', has negative timing budget of -0.007000ns
Info: port $abc$4633114$lut$aiger4633113$39893.A2, connected to net '$techmap4638752$auto$abc9_ops.cc:1552:reintegrate$4633269.A[1]', has negative timing budget of -0.007000ns
Info: port $abc$4633114$lut$aiger4633113$39964.A2, connected to net '$techmap4638755$auto$abc9_ops.cc:1552:reintegrate$4633267.A[1]', has negative timing budget of -0.007000ns
Info: port $abc$4633114$lut$aiger4633113$39579.A2, connected to net '$techmap4638766$auto$abc9_ops.cc:1552:reintegrate$4633262.A[1]', has negative timing budget of -0.007000ns
Info: port $abc$4633114$lut$aiger4633113$39579.A1, connected to net 'resetgen.hold[24]', has negative timing budget of -0.165000ns
Info: port $abc$4633114$lut$aiger4633113$40213.A2, connected to net '$techmap4638768$auto$abc9_ops.cc:1552:reintegrate$4633261.A[1]', has negative timing budget of -0.007000ns
Info: port $abc$4633114$lut$aiger4633113$40359.A2, connected to net '$techmap4638770$auto$abc9_ops.cc:1552:reintegrate$4633260.A[1]', has negative timing budget of -0.015000ns
Info: port $abc$4633114$lut$aiger4633113$40217.A2, connected to net '$techmap4638776$auto$abc9_ops.cc:1552:reintegrate$4633257.A[1]', has negative timing budget of -0.007000ns
Info: port $abc$4633114$lut$aiger4633113$40209.A2, connected to net '$techmap4638778$auto$abc9_ops.cc:1552:reintegrate$4633256.A[1]', has negative timing budget of -0.007000ns
Info: port $abc$4633114$lut$aiger4633113$40217.A1, connected to net 'player.counter[1][25]', has negative timing budget of -0.172000ns
Info: port $abc$4633114$lut$aiger4633113$40163.A1, connected to net 'player.counter[3][25]', has negative timing budget of -0.172000ns
Info: port $abc$4633114$lut$aiger4633113$40359.A1, connected to net 'player.counter[5][25]', has negative timing budget of -0.330000ns
Info: port $abc$4633114$lut$aiger4633113$40209.A1, connected to net 'player.counter[0][25]', has negative timing budget of -0.172000ns
Info: port $abc$4633114$lut$aiger4633113$41147.A2, connected to net '$techmap4638785$auto$abc9_ops.cc:1552:reintegrate$4633252.A[1]', has negative timing budget of -0.007000ns
Info: port $abc$4633114$lut$aiger4633113$41094.A2, connected to net '$techmap4638787$auto$abc9_ops.cc:1552:reintegrate$4633251.A[1]', has negative timing budget of -0.007000ns
Info: port $abc$4633114$lut$aiger4633113$40983.A2, connected to net '$techmap4638789$auto$abc9_ops.cc:1552:reintegrate$4633250.A[1]', has negative timing budget of -0.007000ns
Info: port $abc$4633114$lut$aiger4633113$40213.A1, connected to net 'resetgen.hold[25]', has negative timing budget of -0.172000ns
Info: port $abc$4633114$lut$aiger4633113$41191.A1, connected to net 'player.counter[5][26]', has negative timing budget of -0.344000ns
Info: port $abc$4633114$lut$aiger4633113$41094.A1, connected to net 'player.counter[3][26]', has negative timing budget of -0.179000ns
Info: port $abc$4633114$lut$aiger4633113$40983.A1, connected to net 'player.counter[0][26]', has negative timing budget of -0.179000ns
Info: port $abc$4633114$lut$aiger4633113$41191.A2, connected to net '$techmap4638797$auto$abc9_ops.cc:1552:reintegrate$4633245.A[1]', has negative timing budget of -0.014000ns
Info: port $abc$4633114$lut$aiger4633113$41627.A1, connected to net 'player.counter[3][27]', has negative timing budget of -0.186000ns
Info: port $abc$4633114$lut$aiger4633113$41679.A1, connected to net 'player.counter[5][27]', has negative timing budget of -0.358000ns
Info: port $abc$4633114$lut$aiger4633113$41577.A1, connected to net 'player.counter[4][27]', has negative timing budget of -0.186000ns
Info: port $abc$4633114$lut$aiger4633113$41464.A1, connected to net 'player.counter[1][27]', has negative timing budget of -0.186000ns
Info: port $abc$4633114$lut$aiger4633113$41423.A1, connected to net 'player.counter[0][27]', has negative timing budget of -0.186000ns
Info: port $abc$4633114$lut$aiger4633113$41423.A2, connected to net '$techmap4638803$auto$abc9_ops.cc:1552:reintegrate$4633241.A[1]', has negative timing budget of -0.007000ns
Info: port $abc$4633114$lut$aiger4633113$41788.A2, connected to net '$techmap4638805$auto$abc9_ops.cc:1552:reintegrate$4633240.A[1]', has negative timing budget of -0.007000ns
Info: port $abc$4633114$lut$aiger4633113$41577.A2, connected to net '$techmap4638809$auto$abc9_ops.cc:1552:reintegrate$4633238.A[1]', has negative timing budget of -0.007000ns
Info: port $abc$4633114$lut$aiger4633113$41679.A2, connected to net '$techmap4638811$auto$abc9_ops.cc:1552:reintegrate$4633237.A[1]', has negative timing budget of -0.014000ns
Info: port $auto$abc9_ops.cc:1552:reintegrate$4633191.A4, connected to net 'player.counter[1][28]', has negative timing budget of -0.193000ns
Info: port $auto$abc9_ops.cc:1552:reintegrate$4633210.A3, connected to net 'player.counter[1][28]', has negative timing budget of -0.193000ns
Info: port $auto$abc9_ops.cc:1552:reintegrate$4633221.A2, connected to net 'player.counter[1][28]', has negative timing budget of -0.193000ns
Info: port $auto$abc9_ops.cc:1552:reintegrate$4633230.A1, connected to net 'player.counter[1][28]', has negative timing budget of -0.193000ns
Info: port $auto$abc9_ops.cc:1552:reintegrate$4633196.A4, connected to net 'player.counter[4][28]', has negative timing budget of -0.193000ns
Info: port $auto$abc9_ops.cc:1552:reintegrate$4633206.A3, connected to net 'player.counter[4][28]', has negative timing budget of -0.193000ns
Info: port $auto$abc9_ops.cc:1552:reintegrate$4633212.A2, connected to net 'player.counter[4][28]', has negative timing budget of -0.193000ns
Info: port $auto$abc9_ops.cc:1552:reintegrate$4633227.A1, connected to net 'player.counter[4][28]', has negative timing budget of -0.193000ns
Info: port $abc$4633114$lut$aiger4633113$42401.A1, connected to net 'player.counter[5][28]', has negative timing budget of -0.372000ns
Info: port $auto$abc9_ops.cc:1552:reintegrate$4633224.A1, connected to net 'player.counter[5][28]', has negative timing budget of -0.193000ns
Info: port $auto$abc9_ops.cc:1552:reintegrate$4633201.A5, connected to net '$techmap4638820$auto$abc9_ops.cc:1552:reintegrate$4633232.A[1]', has negative timing budget of -0.007000ns
Info: port $auto$abc9_ops.cc:1552:reintegrate$4633208.A4, connected to net '$techmap4638820$auto$abc9_ops.cc:1552:reintegrate$4633232.A[1]', has negative timing budget of -0.007000ns
Info: port $auto$abc9_ops.cc:1552:reintegrate$4633213.A3, connected to net '$techmap4638820$auto$abc9_ops.cc:1552:reintegrate$4633232.A[1]', has negative timing budget of -0.007000ns
Info: port $auto$abc9_ops.cc:1552:reintegrate$4633232.A2, connected to net '$techmap4638820$auto$abc9_ops.cc:1552:reintegrate$4633232.A[1]', has negative timing budget of -0.007000ns
Info: port $auto$abc9_ops.cc:1552:reintegrate$4633191.A5, connected to net '$techmap4638826$auto$abc9_ops.cc:1552:reintegrate$4633230.A[1]', has negative timing budget of -0.007000ns
Info: port $auto$abc9_ops.cc:1552:reintegrate$4633210.A4, connected to net '$techmap4638826$auto$abc9_ops.cc:1552:reintegrate$4633230.A[1]', has negative timing budget of -0.007000ns
Info: port $auto$abc9_ops.cc:1552:reintegrate$4633221.A3, connected to net '$techmap4638826$auto$abc9_ops.cc:1552:reintegrate$4633230.A[1]', has negative timing budget of -0.007000ns
Info: port $auto$abc9_ops.cc:1552:reintegrate$4633230.A2, connected to net '$techmap4638826$auto$abc9_ops.cc:1552:reintegrate$4633230.A[1]', has negative timing budget of -0.007000ns
Info: port $auto$abc9_ops.cc:1552:reintegrate$4633196.A5, connected to net '$techmap4638830$auto$abc9_ops.cc:1552:reintegrate$4633227.A[1]', has negative timing budget of -0.007000ns
Info: port $auto$abc9_ops.cc:1552:reintegrate$4633206.A4, connected to net '$techmap4638830$auto$abc9_ops.cc:1552:reintegrate$4633227.A[1]', has negative timing budget of -0.007000ns
Info: port $auto$abc9_ops.cc:1552:reintegrate$4633212.A3, connected to net '$techmap4638830$auto$abc9_ops.cc:1552:reintegrate$4633227.A[1]', has negative timing budget of -0.007000ns
Info: port $auto$abc9_ops.cc:1552:reintegrate$4633227.A2, connected to net '$techmap4638830$auto$abc9_ops.cc:1552:reintegrate$4633227.A[1]', has negative timing budget of -0.007000ns
Info: port $auto$abc9_ops.cc:1552:reintegrate$4633198.A5, connected to net '$techmap4638839$auto$abc9_ops.cc:1552:reintegrate$4633225.A[1]', has negative timing budget of -0.007000ns
Info: port $auto$abc9_ops.cc:1552:reintegrate$4633205.A4, connected to net '$techmap4638839$auto$abc9_ops.cc:1552:reintegrate$4633225.A[1]', has negative timing budget of -0.007000ns
Info: port $auto$abc9_ops.cc:1552:reintegrate$4633218.A3, connected to net '$techmap4638839$auto$abc9_ops.cc:1552:reintegrate$4633225.A[1]', has negative timing budget of -0.007000ns
Info: port $auto$abc9_ops.cc:1552:reintegrate$4633225.A2, connected to net '$techmap4638839$auto$abc9_ops.cc:1552:reintegrate$4633225.A[1]', has negative timing budget of -0.007000ns
Info: port $auto$abc9_ops.cc:1552:reintegrate$4633196.A3, connected to net 'player.counter[4][29]', has negative timing budget of -0.193000ns
Info: port $auto$abc9_ops.cc:1552:reintegrate$4633206.A2, connected to net 'player.counter[4][29]', has negative timing budget of -0.193000ns
Info: port $auto$abc9_ops.cc:1552:reintegrate$4633212.A1, connected to net 'player.counter[4][29]', has negative timing budget of -0.193000ns
Info: port $auto$abc9_ops.cc:1552:reintegrate$4633198.A3, connected to net 'player.counter[3][29]', has negative timing budget of -0.193000ns
Info: port $auto$abc9_ops.cc:1552:reintegrate$4633205.A2, connected to net 'player.counter[3][29]', has negative timing budget of -0.193000ns
Info: port $auto$abc9_ops.cc:1552:reintegrate$4633218.A1, connected to net 'player.counter[3][29]', has negative timing budget of -0.193000ns
Info: port $auto$abc9_ops.cc:1552:reintegrate$4633191.A3, connected to net 'player.counter[1][29]', has negative timing budget of -0.193000ns
Info: port $auto$abc9_ops.cc:1552:reintegrate$4633210.A2, connected to net 'player.counter[1][29]', has negative timing budget of -0.193000ns
Info: port $auto$abc9_ops.cc:1552:reintegrate$4633221.A1, connected to net 'player.counter[1][29]', has negative timing budget of -0.193000ns
Info: port $auto$abc9_ops.cc:1552:reintegrate$4633201.A3, connected to net 'player.counter[0][29]', has negative timing budget of -0.193000ns
Info: port $auto$abc9_ops.cc:1552:reintegrate$4633208.A2, connected to net 'player.counter[0][29]', has negative timing budget of -0.193000ns
Info: port $auto$abc9_ops.cc:1552:reintegrate$4633213.A1, connected to net 'player.counter[0][29]', has negative timing budget of -0.193000ns
Info: port $auto$abc9_ops.cc:1552:reintegrate$4633198.A2, connected to net 'player.counter[3][30]', has negative timing budget of -0.193000ns
Info: port $auto$abc9_ops.cc:1552:reintegrate$4633205.A1, connected to net 'player.counter[3][30]', has negative timing budget of -0.193000ns
Info: port $auto$abc9_ops.cc:1552:reintegrate$4633199.A2, connected to net 'player.counter[5][30]', has negative timing budget of -0.386000ns
Info: port $auto$abc9_ops.cc:1552:reintegrate$4633211.A1, connected to net 'player.counter[5][30]', has negative timing budget of -0.386000ns
Info: port $auto$abc9_ops.cc:1552:reintegrate$4633196.A2, connected to net 'player.counter[4][30]', has negative timing budget of -0.193000ns
Info: port $auto$abc9_ops.cc:1552:reintegrate$4633206.A1, connected to net 'player.counter[4][30]', has negative timing budget of -0.193000ns
Info: port $auto$abc9_ops.cc:1552:reintegrate$4633201.A2, connected to net 'player.counter[0][30]', has negative timing budget of -0.193000ns
Info: port $auto$abc9_ops.cc:1552:reintegrate$4633208.A1, connected to net 'player.counter[0][30]', has negative timing budget of -0.193000ns
Info: port $auto$abc9_ops.cc:1552:reintegrate$4633199.A1, connected to net 'player.counter[5][31]', has negative timing budget of -0.386000ns
Info: port $auto$abc9_ops.cc:1552:reintegrate$4633196.A1, connected to net 'player.counter[4][31]', has negative timing budget of -0.193000ns
Info: port $auto$abc9_ops.cc:1552:reintegrate$4633191.A1, connected to net 'player.counter[1][31]', has negative timing budget of -0.193000ns
Info: port $auto$abc9_ops.cc:1552:reintegrate$4633198.A1, connected to net 'player.counter[3][31]', has negative timing budget of -0.193000ns
Info: port $auto$abc9_ops.cc:1552:reintegrate$4633201.A1, connected to net 'player.counter[0][31]', has negative timing budget of -0.193000ns
Info: port $auto$abc9_ops.cc:1552:reintegrate$4633197.A2, connected to net 'resetgen.hold[30]', has negative timing budget of -0.193000ns
Info: port $auto$abc9_ops.cc:1552:reintegrate$4633204.A1, connected to net 'resetgen.hold[30]', has negative timing budget of -0.193000ns
Info: port $auto$ff.cc:337:slice$267012.D, connected to net '$auto$alumacc.cc:512:replace_alu$251093.Y[31]', has negative timing budget of -0.007000ns
Info: port $auto$ff.cc:337:slice$256440.D, connected to net '$auto$alumacc.cc:512:replace_alu$251213.Y[31]', has negative timing budget of -0.007000ns
Info: port $auto$ff.cc:337:slice$256312.D, connected to net '$auto$alumacc.cc:512:replace_alu$251204.Y[31]', has negative timing budget of -0.007000ns
Info: port $auto$ff.cc:337:slice$256311.D, connected to net '$auto$alumacc.cc:512:replace_alu$251204.Y[30]', has negative timing budget of -0.007000ns
Info: port $auto$ff.cc:337:slice$256310.D, connected to net '$auto$alumacc.cc:512:replace_alu$251204.Y[29]', has negative timing budget of -0.007000ns
Info: Checksum: 0x39d4fdc1

Info: Device utilisation:
Info: 	          SLICE_LUTX:  7870/269200     2%
Info: 	           SLICE_FFX:  3612/269200     1%
Info: 	              CARRY4:     0/33650     0%
Info: 	          PSEUDO_GND:     1/69165     0%
Info: 	          PSEUDO_VCC:     1/69165     0%
Info: 	               HARD0:     0/ 3960     0%
Info: 	            RAMB18E1:     0/  730     0%
Info: 	            FIFO18E1:     0/  365     0%
Info: 	        RAMBFIFO36E1:     0/  365     0%
Info: 	            RAMB36E1:     0/  365     0%
Info: 	             DSP48E1:     0/  740     0%
Info: 	                 PAD:     9/ 1062     0%
Info: 	       IOB33M_OUTBUF:     0/  240     0%
Info: 	       IOB33S_OUTBUF:     0/  240     0%
Info: 	        IOB33_OUTBUF:     5/  500     1%
Info: 	     IOB33M_INBUF_EN:     1/  240     0%
Info: 	     IOB33S_INBUF_EN:     0/  240     0%
Info: 	      IOB33_INBUF_EN:     2/  500     0%
Info: 	IOB33M_TERM_OVERRIDE:     0/  240     0%
Info: 	IOB33S_TERM_OVERRIDE:     0/  240     0%
Info: 	 IOB33_TERM_OVERRIDE:     0/  500     0%
Info: 	       PULL_OR_KEEP1:     0/  980     0%
Info: 	            IDELAYE2:     0/  500     0%
Info: 	        OLOGICE3_TFF:     0/  500     0%
Info: 	      OLOGICE3_OUTFF:     0/  500     0%
Info: 	       OLOGICE3_MISR:     0/  500     0%
Info: 	           OSERDESE2:     0/  500     0%
Info: 	        ILOGICE3_IFF:     0/  500     0%
Info: 	ILOGICE3_ZHOLD_DELAY:     0/  500     0%
Info: 	           ISERDESE2:     0/  500     0%
Info: 	                BUFR:     0/   40     0%
Info: 	               BUFIO:     0/   40     0%
Info: 	          IDELAYCTRL:     0/   10     0%
Info: 	            BUFGCTRL:     2/   32     6%
Info: 	            PCIE_2_1:     0/    1     0%
Info: 	               BSCAN:     0/    4     0%
Info: 	                BUFG:     0/   32     0%
Info: 	              BUFHCE:     0/  120     0%
Info: 	            DCIRESET:     0/    1     0%
Info: 	            DNA_PORT:     0/    1     0%
Info: 	           EFUSE_USR:     0/    1     0%
Info: 	           FRAME_ECC:     0/    1     0%
Info: 	       GTPE2_CHANNEL:     0/   16     0%
Info: 	        GTPE2_COMMON:     0/    4     0%
Info: 	         IBUFDS_GTE2:     0/    8     0%
Info: 	                ICAP:     0/    2     0%
Info: 	            INVERTER:     0/  240     0%
Info: 	          MMCME2_ADV:     0/   10     0%
Info: 	        OLOGICE2_TFF:     0/  500     0%
Info: 	      OLOGICE2_OUTFF:     0/  500     0%
Info: 	           PLLE2_ADV:     0/   10     0%
Info: 	           SELMUX2_1:     0/102950     0%
Info: 	             STARTUP:     0/    1     0%
Info: 	          USR_ACCESS:     0/    1     0%
Info: 	              BUFFER:     0/   82     0%
Info: 	        ILOGICE2_IFF:     0/  500     0%
Info: 	       OLOGICE2_MISR:     0/  500     0%

Info: Placed 18 cells based on constraints.
Info: Creating initial analytic placement for 9072 cells, random placement wirelen = 3484285.
Info:     at initial placer iter 0, wirelen = 1965
Info:     at initial placer iter 1, wirelen = 1207
Info:     at initial placer iter 2, wirelen = 1267
Info:     at initial placer iter 3, wirelen = 1201
Info: Running main analytical placer.
Info:     at iteration #1, type ALL: wirelen solved = 1227, spread = 175888, legal = 183856; time = 0.47s
Info:     at iteration #2, type ALL: wirelen solved = 21498, spread = 116870, legal = 125116; time = 0.43s
Info:     at iteration #3, type ALL: wirelen solved = 40167, spread = 103507, legal = 113028; time = 0.36s
Info:     at iteration #4, type ALL: wirelen solved = 49191, spread = 95324, legal = 104853; time = 0.48s
Info:     at iteration #5, type ALL: wirelen solved = 54249, spread = 94383, legal = 104650; time = 0.39s
Info:     at iteration #6, type ALL: wirelen solved = 58568, spread = 92763, legal = 103257; time = 0.36s
Info:     at iteration #7, type ALL: wirelen solved = 62633, spread = 94438, legal = 104112; time = 0.36s
Info:     at iteration #8, type ALL: wirelen solved = 66802, spread = 91010, legal = 101335; time = 0.35s
Info:     at iteration #9, type ALL: wirelen solved = 67515, spread = 94811, legal = 104465; time = 0.31s
Info:     at iteration #10, type ALL: wirelen solved = 71514, spread = 99222, legal = 106956; time = 0.30s
Info:     at iteration #11, type ALL: wirelen solved = 78198, spread = 104982, legal = 115288; time = 0.31s
Info:     at iteration #12, type ALL: wirelen solved = 85157, spread = 102737, legal = 110641; time = 0.31s
Info:     at iteration #13, type ALL: wirelen solved = 85271, spread = 98075, legal = 110003; time = 0.31s
Info: HeAP Placer Time: 6.99s
Info:   of which solving equations: 3.72s
Info:   of which spreading cells: 0.69s
Info:   of which strict legalisation: 1.43s

Info: Running simulated annealing placer for refinement.
Info:   at iteration #1: temp = 0.000000, timing cost = 691, wirelen = 101335
Info:   at iteration #5: temp = 0.000000, timing cost = 636, wirelen = 92936
Info:   at iteration #10: temp = 0.000000, timing cost = 638, wirelen = 92032
Info:   at iteration #15: temp = 0.000000, timing cost = 658, wirelen = 91795
Info:   at iteration #16: temp = 0.000000, timing cost = 625, wirelen = 91807 
Info: SA placement time 6.88s

Info: Max frequency for clock    'clk': 52.07 MHz (FAIL at 200.00 MHz)
Info: Max frequency for clock 'clk200': 1024.59 MHz (PASS at 200.00 MHz)

Info: Slack histogram:
Info:  legend: * represents 16 endpoint(s)
Info:          + represents [1,16) endpoint(s)
Info: [-14206, -13261) |*+
Info: [-13261, -12316) | 
Info: [-12316, -11371) |+
Info: [-11371, -10426) | 
Info: [-10426,  -9481) |*******+
Info: [ -9481,  -8536) |***********************************+
Info: [ -8536,  -7591) |**************************************+
Info: [ -7591,  -6646) |******************************+
Info: [ -6646,  -5701) |**************************+
Info: [ -5701,  -4756) |****************************************************+
Info: [ -4756,  -3811) |***************************************************+
Info: [ -3811,  -2866) |***************************+
Info: [ -2866,  -1921) |*******************************+
Info: [ -1921,   -976) |******************************+
Info: [  -976,    -31) |******************************+
Info: [   -31,    914) |*************************+
Info: [   914,   1859) |*******************************+
Info: [  1859,   2804) |************************************************************ 
Info: [  2804,   3749) |*************************************************+
Info: [  3749,   4694) |********************+
Info: Checksum: 0xa6471f4d
Info: Running post-placement legalisation...
Info: Routing Vcc connections...
Info: Routing global clocks...
Info:     routing clock 'clk'
Info:     routing clock 'clk200'

Info: Routing..
Info: Setting up routing queue.
Info: Routing 36262 arcs.
Info:            |   (re-)routed arcs  |   delta    | remaining|       time spent     |
Info:    IterCnt |  w/ripup   wo/ripup |  w/r  wo/r |      arcs| batch(sec) total(sec)|
Info:       1000 |        6        993 |    6   993 |     35270|      26.78      26.78|
Info:       2000 |       47       1952 |   41   959 |     34367|       1.23      28.01|
Info:       3000 |       88       2911 |   41   959 |     33453|       0.92      28.93|
Info:       4000 |      122       3877 |   34   966 |     32519|       0.97      29.91|
Info:       5000 |      172       4827 |   50   950 |     31638|       0.89      30.79|
Info:       6000 |      236       5763 |   64   936 |     30804|       1.09      31.88|
Info:       7000 |      273       6726 |   37   963 |     29914|       7.84      39.73|
Info:       8000 |      326       7673 |   53   947 |     29023|       1.07      40.79|
Info:       9000 |      405       8594 |   79   921 |     28195|       1.00      41.79|
Info:      10000 |      469       9530 |   64   936 |     27336|       1.06      42.85|
Info:      11000 |      569      10430 |  100   900 |     26531|       1.04      43.90|
Info:      12000 |      676      11323 |  107   893 |     25733|       1.12      45.01|
Info:      13000 |      768      12231 |   92   908 |     24935|       1.23      46.25|
Info:      14000 |      881      13118 |  113   887 |     24150|       1.08      47.33|
Info:      15000 |      995      14004 |  114   886 |     23351|       0.90      48.22|
Info:      16000 |     1106      14893 |  111   889 |     22565|       0.99      49.22|
Info:      17000 |     1167      15832 |   61   939 |     21670|       1.01      50.23|
Info:      18000 |     1255      16744 |   88   912 |     20843|       0.65      50.87|
Info:      19000 |     1357      17642 |  102   898 |     20073|       3.05      53.92|
Info:      20000 |     1487      18512 |  130   870 |     19301|       0.99      54.92|
Info:      21000 |     1603      19396 |  116   884 |     18511|       1.73      56.64|
Info:      22000 |     1733      20266 |  130   870 |     17745|       1.20      57.85|
Info:      23000 |     1872      21127 |  139   861 |     16944|       0.96      58.81|
Info:      24000 |     1998      22001 |  126   874 |     16133|       1.01      59.82|
Info:      25000 |     2144      22855 |  146   854 |     15395|       1.06      60.88|
Info:      26000 |     2286      23713 |  142   858 |     14639|       1.07      61.94|
Info:      27000 |     2447      24552 |  161   839 |     13917|       1.33      63.27|
Info:      28000 |     2608      25391 |  161   839 |     13189|       1.22      64.49|
Info:      29000 |     2759      26240 |  151   849 |     12451|       1.63      66.12|
Info:      30000 |     2891      27108 |  132   868 |     11646|       1.10      67.22|
Info:      31000 |     3030      27969 |  139   861 |     10877|       1.19      68.41|
Info:      32000 |     3167      28832 |  137   863 |     10079|       1.30      69.71|
Info:      33000 |     3344      29655 |  177   823 |      9369|       1.51      71.21|
Info:      34000 |     3504      30495 |  160   840 |      8717|       1.48      72.69|
Info:      35000 |     3690      31309 |  186   814 |      8011|       1.49      74.18|
Info:      36000 |     3859      32140 |  169   831 |      7311|       1.46      75.65|
Info:      37000 |     4031      32968 |  172   828 |      6830|      27.46     103.10|
Info:      38000 |     4233      33766 |  202   798 |      6106|       6.37     109.47|
Info:      39000 |     4501      34498 |  268   732 |      5460|       1.76     111.23|
Info:      40000 |     4754      35245 |  253   747 |      4823|       2.31     113.54|
Info:      41000 |     5007      35992 |  253   747 |      4163|       2.22     115.76|
Info:      42000 |     5237      36762 |  230   770 |      3482|       2.09     117.85|
Info:      43000 |     5494      37505 |  257   743 |      2989|       2.34     120.19|
Info:      44000 |     5761      38238 |  267   733 |      2340|       3.59     123.77|
Info:      45000 |     6041      38958 |  280   720 |      1886|       2.41     126.19|
Info:      46000 |     6346      39653 |  305   695 |      1244|       2.75     128.94|
Info:      47000 |     6651      40348 |  305   695 |       765|       6.86     135.80|
Info:      48000 |     6858      41141 |  207   793 |        71|       2.12     137.92|
Info:      48076 |     6864      41212 |    6    71 |         0|       2.53     140.45|
Info: Routing complete.
Info: Router1 time 140.45s
Info: Checksum: 0x0c7b0e9d

Info: Critical path report for clock 'clk' (posedge -> posedge):
Info: curr total
Info:  0.1  0.1  Source $auto$ff.cc:337:slice$262380.Q
Info:  0.6  0.7    Net $techmap4636488$abc$4633114$lut$aiger4633113$5995.A[1] budget 0.069000 ns (13,65) -> (13,61)
Info:                Sink $abc$4633114$lut$aiger4633113$5995.A2
Info:  0.2  0.8  Source $abc$4633114$lut$aiger4633113$5995.O5
Info:  0.5  1.3    Net $techmap4636489$abc$4633114$lut$aiger4633113$6048.A[2] budget 0.069000 ns (13,61) -> (13,61)
Info:                Sink $abc$4633114$lut$aiger4633113$5999.A3
Info:  0.1  1.5  Source $abc$4633114$lut$aiger4633113$5999.O6
Info:  0.7  2.2    Net $techmap4636538$abc$4633114$lut$aiger4633113$14456.A[5] budget 0.069000 ns (13,61) -> (14,57)
Info:                Sink $abc$4633114$lut$aiger4633113$6017.A5
Info:  0.1  2.3  Source $abc$4633114$lut$aiger4633113$6017.O6
Info:  0.6  2.9    Net $techmap4637678$abc$4633114$lut$aiger4633113$7709.A[2] budget 0.069000 ns (14,57) -> (14,55)
Info:                Sink $abc$4633114$lut$aiger4633113$7709.A2
Info:  0.1  3.0  Source $abc$4633114$lut$aiger4633113$7709.O6
Info:  1.5  4.5    Net $techmap4637684$abc$4633114$lut$aiger4633113$7891.A[1] budget 0.069000 ns (14,55) -> (14,30)
Info:                Sink $abc$4633114$lut$aiger4633113$7711.A3
Info:  0.2  4.7  Source $abc$4633114$lut$aiger4633113$7711.O5
Info:  0.6  5.3    Net $techmap4637692$abc$4633114$lut$aiger4633113$8274.A[1] budget 0.069000 ns (14,30) -> (14,28)
Info:                Sink $abc$4633114$lut$aiger4633113$7715.A1
Info:  0.1  5.4  Source $abc$4633114$lut$aiger4633113$7715.O6
Info:  0.5  6.0    Net $techmap4637697$abc$4633114$lut$aiger4633113$8269.A[0] budget 0.069000 ns (14,28) -> (14,28)
Info:                Sink $abc$4633114$lut$aiger4633113$8257.A2
Info:  0.2  6.1  Source $abc$4633114$lut$aiger4633113$8257.O5
Info:  0.5  6.6    Net $techmap4637704$abc$4633114$lut$aiger4633113$8261.A[2] budget 0.069000 ns (14,28) -> (14,28)
Info:                Sink $abc$4633114$lut$aiger4633113$8261.A4
Info:  0.1  6.7  Source $abc$4633114$lut$aiger4633113$8261.O6
Info:  0.3  7.0    Net $techmap4637707$abc$4633114$lut$aiger4633113$8268.A[3] budget 0.069000 ns (14,28) -> (14,28)
Info:                Sink $abc$4633114$lut$aiger4633113$8268.A5
Info:  0.1  7.1  Source $abc$4633114$lut$aiger4633113$8268.O5
Info:  0.5  7.7    Net $techmap4637708$abc$4633114$lut$aiger4633113$8294.A[3] budget 0.069000 ns (14,28) -> (14,28)
Info:                Sink $abc$4633114$lut$aiger4633113$8294.A2
Info:  0.1  7.8  Source $abc$4633114$lut$aiger4633113$8294.O6
Info:  0.4  8.2    Net $techmap4637709$abc$4633114$lut$aiger4633113$8493.A[1] budget 0.069000 ns (14,28) -> (14,27)
Info:                Sink $abc$4633114$lut$aiger4633113$8365.A4
Info:  0.2  8.4  Source $abc$4633114$lut$aiger4633113$8365.O5
Info:  0.7  9.1    Net $techmap4637735$abc$4633114$lut$aiger4633113$8485.A[2] budget 0.069000 ns (14,27) -> (14,29)
Info:                Sink $abc$4633114$lut$aiger4633113$8395.A4
Info:  0.1  9.2  Source $abc$4633114$lut$aiger4633113$8395.O6
Info:  0.6  9.8    Net $techmap4637749$abc$4633114$lut$aiger4633113$8398.A[0] budget 0.069000 ns (14,29) -> (17,29)
Info:                Sink $abc$4633114$lut$aiger4633113$8398.A4
Info:  0.2 10.0  Source $abc$4633114$lut$aiger4633113$8398.O5
Info:  0.7 10.7    Net $techmap4637751$abc$4633114$lut$aiger4633113$8483.A[4] budget 0.069000 ns (17,29) -> (17,28)
Info:                Sink $abc$4633114$lut$aiger4633113$8444.A6
Info:  0.1 10.8  Source $abc$4633114$lut$aiger4633113$8444.O6
Info:  0.5 11.3    Net $techmap4637769$abc$4633114$lut$aiger4633113$8475.A[5] budget 0.069000 ns (17,28) -> (17,28)
Info:                Sink $abc$4633114$lut$aiger4633113$8475.A6
Info:  0.1 11.5  Source $abc$4633114$lut$aiger4633113$8475.O6
Info:  0.6 12.1    Net $techmap4639127$auto$abc9_ops.cc:1552:reintegrate$4633148.A[3] budget 0.068000 ns (17,28) -> (14,30)
Info:                Sink $abc$4633114$lut$aiger4633113$8554.A6
Info:  0.1 12.2  Source $abc$4633114$lut$aiger4633113$8554.O6
Info:  0.6 12.7    Net $techmap4637787$auto$abc9_ops.cc:1552:reintegrate$4633543.A[3] budget 0.068000 ns (14,30) -> (17,32)
Info:                Sink $abc$4633114$lut$aiger4633113$8670.A6
Info:  0.1 12.9  Source $abc$4633114$lut$aiger4633113$8670.O6
Info:  0.4 13.3    Net $techmap4638019$abc$4633114$lut$aiger4633113$8765.A[3] budget 0.068000 ns (17,32) -> (17,33)
Info:                Sink $abc$4633114$lut$aiger4633113$8993.A6
Info:  0.1 13.4  Source $abc$4633114$lut$aiger4633113$8993.O6
Info:  0.5 13.9    Net $techmap4639143$auto$abc9_ops.cc:1552:reintegrate$4633146.A[5] budget 0.068000 ns (17,33) -> (17,33)
Info:                Sink $auto$abc9_ops.cc:1552:reintegrate$4633146.A6
Info:  0.1 14.1  Source $auto$abc9_ops.cc:1552:reintegrate$4633146.O6
Info:  0.6 14.6    Net observed[9] budget 0.068000 ns (17,33) -> (17,30)
Info:                Sink $abc$4633114$lut$aiger4633113$9431.A4
Info:  0.1 14.8  Source $abc$4633114$lut$aiger4633113$9431.O5
Info:  0.6 15.4    Net $techmap4639336$abc$4633114$lut$aiger4633113$9439.A[2] budget 0.068000 ns (17,30) -> (17,29)
Info:                Sink $abc$4633114$lut$aiger4633113$9439.A3
Info:  0.1 15.5  Source $abc$4633114$lut$aiger4633113$9439.O6
Info:  0.4 15.9    Net $techmap4639338$abc$4633114$lut$aiger4633113$9544.A[0] budget 0.068000 ns (17,29) -> (17,31)
Info:                Sink $abc$4633114$lut$aiger4633113$9540.A5
Info:  0.1 16.1  Source $abc$4633114$lut$aiger4633113$9540.O6
Info:  1.5 17.6    Net $techmap4639340$abc$4633114$lut$auto$opt_dff.cc:251:make_patterns_logic$243768.A[4] budget 0.068000 ns (17,31) -> (24,57)
Info:                Sink $abc$4633114$lut$auto$opt_dff.cc:251:make_patterns_logic$244099.A4
Info:  0.2 17.7  Source $abc$4633114$lut$auto$opt_dff.cc:251:make_patterns_logic$244099.O5
Info:  1.0 18.7    Net $abc$4633114$auto$opt_dff.cc:251:make_patterns_logic$244099 budget 0.068000 ns (24,57) -> (37,54)
Info:                Sink $auto$ff.cc:337:slice$263714.CE
Info:  0.1 18.8  Setup $auto$ff.cc:337:slice$263714.CE
Info: 3.2 ns logic, 15.6 ns routing

Info: Critical path report for clock 'clk200' (posedge -> posedge):
Info: curr total
Info:  0.1  0.1  Source $auto$ff.cc:337:slice$267484.Q
Info:  0.6  0.7    Net div_bit budget 2.325000 ns (150,134) -> (150,134)
Info:                Sink $auto$abc9_ops.cc:1552:reintegrate$4633601.A2
Info:  0.1  0.9  Source $auto$abc9_ops.cc:1552:reintegrate$4633601.O5
Info:  0.0  0.9    Net $auto$alumacc.cc:512:replace_alu$251087.Y[2] budget 2.325000 ns (150,134) -> (150,134)
Info:                Sink $auto$ff.cc:337:slice$267484.D
Info:  0.1  1.0  Setup $auto$ff.cc:337:slice$267484.D
Info: 0.3 ns logic, 0.7 ns routing

Warning: Max frequency for clock    'clk': 53.14 MHz (FAIL at 200.00 MHz)
Info: Max frequency for clock 'clk200': 982.32 MHz (PASS at 200.00 MHz)

Info: Slack histogram:
Info:  legend: * represents 23 endpoint(s)
Info:          + represents [1,23) endpoint(s)
Info: [-13819, -12907) |*+
Info: [-12907, -11995) |+
Info: [-11995, -11083) |+
Info: [-11083, -10171) |***+
Info: [-10171,  -9259) |*************+
Info: [ -9259,  -8347) |*************+
Info: [ -8347,  -7435) |*********+
Info: [ -7435,  -6523) |*********+
Info: [ -6523,  -5611) |***********************+
Info: [ -5611,  -4699) |******+
Info: [ -4699,  -3787) |******************+
Info: [ -3787,  -2875) |********************+
Info: [ -2875,  -1963) |***********************************************+
Info: [ -1963,  -1051) |************************************+
Info: [ -1051,   -139) |**********************+
Info: [  -139,    773) |********************+
Info: [   773,   1685) |********************+
Info: [  1685,   2597) |************************+
Info: [  2597,   3509) |************************************************************ 
Info: [  3509,   4421) |*****************************+
Info: Running post-routing legalisation...

1 warning, 0 errors
