Info: Packing constants..
Info: Inserting IO buffers..
Info:     IO port 'clk200_n' driven by IBUFDS 'clk_ibufds'
Info:     IO port 'clk200_p' driven by IBUFDS 'clk_ibufds'
Info:     IO port 'rst_n' driven by IBUF '$iopadmap$tms_trace_player_ax7203.rst_n'
Info:     IO port 'uart_rx' driven by IBUF '$iopadmap$tms_trace_player_ax7203.uart_rx'
Info:     IO port 'uart_tx' driven by OBUF '$iopadmap$tms_trace_player_ax7203.uart_tx'
Info:     IO port 'led[0]' driven by OBUF '$iopadmap$tms_trace_player_ax7203.led'
Info:     IO port 'led[1]' driven by OBUF '$iopadmap$tms_trace_player_ax7203.led_1'
Info:     IO port 'led[2]' driven by OBUF '$iopadmap$tms_trace_player_ax7203.led_2'
Info:     IO port 'led[3]' driven by OBUF '$iopadmap$tms_trace_player_ax7203.led_3'
Info:     Constraining 'clk200_n' to site 'IOB_X1Y123'
Info:     Tile 'RIOB33_X105Y123'
Info:     Constraining 'clk200_p' to site 'IOB_X1Y124'
Info:     Tile 'RIOB33_X105Y123'
Info:     Constraining 'rst_n' to site 'IOB_X1Y115'
Info:     Tile 'RIOB33_X105Y115'
Info:     Constraining 'uart_rx' to site 'IOB_X0Y149'
Info:     Tile 'LIOB33_SING_X0Y149'
Info:     Constraining 'uart_tx' to site 'IOB_X0Y100'
Info:     Tile 'LIOB33_SING_X0Y100'
Info:     Constraining 'led[0]' to site 'IOB_X0Y233'
Info:     Tile 'LIOB33_X0Y233'
Info:     Constraining 'led[1]' to site 'IOB_X0Y234'
Info:     Tile 'LIOB33_X0Y233'
Info:     Constraining 'led[2]' to site 'IOB_X0Y238'
Info:     Tile 'LIOB33_X0Y237'
Info:     Constraining 'led[3]' to site 'IOB_X0Y237'
Info:     Tile 'LIOB33_X0Y237'
Info: Generating input buffer for '$iopadmap$tms_trace_player_ax7203.rst_n'
Info: Generating input buffer for '$iopadmap$tms_trace_player_ax7203.uart_rx'
Info: Generating output buffer for '$iopadmap$tms_trace_player_ax7203.uart_tx'
Info: Generating output buffer for '$iopadmap$tms_trace_player_ax7203.led'
Info: Generating output buffer for '$iopadmap$tms_trace_player_ax7203.led_1'
Info: Generating output buffer for '$iopadmap$tms_trace_player_ax7203.led_2'
Info: Generating output buffer for '$iopadmap$tms_trace_player_ax7203.led_3'
Info:     Created 9 PAD cells from:
Info:              9x PAD
Info: Preparing clocking...
Info: Packing constants..
Info: Packing cfg...
Info: Packing PLLs...
Info: Packing Gigabit Transceivers..
Info: Packing global buffers...
Info:     Constrained BUFGCTRL 'clk200_bufg' to bel 'BUFGCTRL_X0Y0/BUFGCTRL' based on dedicated routing
Info: Packing MUX[789]s..
Info: Packing carries..
Info:    Grouped 0 MUXCYs and 0 XORCYs into 0 chains.
Info:    Blasted 0 non-chain MUXCYs and 0 non-chain XORCYs to soft logic
Info: Packing LUTs..
Info:     Created 7842 SLICE_LUTX cells from:
Info:              3x LUT1
Info:           1962x LUT2
Info:           1015x LUT3
Info:           1462x LUT4
Info:           2314x LUT5
Info:           1086x LUT6
Info: Packing DRAM..
Info:    Transformed 0 tied-low DRAM address inputs to be tied-high
Info: Packing BRAM..
Info: Packing DSPs..
Info: Packing flipflops..
Info:     Created 3611 SLICE_FFX cells from:
Info:           2327x FDCE
Info:             15x FDPE
Info:           1269x FDRE
Info: Constrained 2391 LUTFF pairs.

Info: Annotating ports with timing budgets for target frequency 200.00 MHz
Info: Checksum: 0x738b2d1a

Info: Device utilisation:
Info: 	          SLICE_LUTX:  7842/269200     2%
Info: 	           SLICE_FFX:  3611/269200     1%
Info: 	              CARRY4:     0/33650     0%
Info: 	          PSEUDO_GND:     1/69165     0%
Info: 	          PSEUDO_VCC:     1/69165     0%
Info: 	               HARD0:     0/ 3960     0%
Info: 	            RAMB18E1:     0/  730     0%
Info: 	            FIFO18E1:     0/  365     0%
Info: 	        RAMBFIFO36E1:     0/  365     0%
Info: 	            RAMB36E1:     0/  365     0%
Info: 	             DSP48E1:     0/  740     0%
Info: 	                 PAD:     9/ 1062     0%
Info: 	       IOB33M_OUTBUF:     0/  240     0%
Info: 	       IOB33S_OUTBUF:     0/  240     0%
Info: 	        IOB33_OUTBUF:     5/  500     1%
Info: 	     IOB33M_INBUF_EN:     1/  240     0%
Info: 	     IOB33S_INBUF_EN:     0/  240     0%
Info: 	      IOB33_INBUF_EN:     2/  500     0%
Info: 	IOB33M_TERM_OVERRIDE:     0/  240     0%
Info: 	IOB33S_TERM_OVERRIDE:     0/  240     0%
Info: 	 IOB33_TERM_OVERRIDE:     0/  500     0%
Info: 	       PULL_OR_KEEP1:     0/  980     0%
Info: 	            IDELAYE2:     0/  500     0%
Info: 	        OLOGICE3_TFF:     0/  500     0%
Info: 	      OLOGICE3_OUTFF:     0/  500     0%
Info: 	       OLOGICE3_MISR:     0/  500     0%
Info: 	           OSERDESE2:     0/  500     0%
Info: 	        ILOGICE3_IFF:     0/  500     0%
Info: 	ILOGICE3_ZHOLD_DELAY:     0/  500     0%
Info: 	           ISERDESE2:     0/  500     0%
Info: 	                BUFR:     0/   40     0%
Info: 	               BUFIO:     0/   40     0%
Info: 	          IDELAYCTRL:     0/   10     0%
Info: 	            BUFGCTRL:     2/   32     6%
Info: 	            PCIE_2_1:     0/    1     0%
Info: 	               BSCAN:     0/    4     0%
Info: 	                BUFG:     0/   32     0%
Info: 	              BUFHCE:     0/  120     0%
Info: 	            DCIRESET:     0/    1     0%
Info: 	            DNA_PORT:     0/    1     0%
Info: 	           EFUSE_USR:     0/    1     0%
Info: 	           FRAME_ECC:     0/    1     0%
Info: 	       GTPE2_CHANNEL:     0/   16     0%
Info: 	        GTPE2_COMMON:     0/    4     0%
Info: 	         IBUFDS_GTE2:     0/    8     0%
Info: 	                ICAP:     0/    2     0%
Info: 	            INVERTER:     0/  240     0%
Info: 	          MMCME2_ADV:     0/   10     0%
Info: 	        OLOGICE2_TFF:     0/  500     0%
Info: 	      OLOGICE2_OUTFF:     0/  500     0%
Info: 	           PLLE2_ADV:     0/   10     0%
Info: 	           SELMUX2_1:     0/102950     0%
Info: 	             STARTUP:     0/    1     0%
Info: 	          USR_ACCESS:     0/    1     0%
Info: 	              BUFFER:     0/   82     0%
Info: 	        ILOGICE2_IFF:     0/  500     0%
Info: 	       OLOGICE2_MISR:     0/  500     0%

Info: Placed 18 cells based on constraints.
Info: Creating initial analytic placement for 9063 cells, random placement wirelen = 3495705.
Info:     at initial placer iter 0, wirelen = 1596
Info:     at initial placer iter 1, wirelen = 1271
Info:     at initial placer iter 2, wirelen = 1217
Info:     at initial placer iter 3, wirelen = 1209
Info: Running main analytical placer.
Info:     at iteration #1, type ALL: wirelen solved = 1257, spread = 168098, legal = 176472; time = 0.24s
Info:     at iteration #2, type ALL: wirelen solved = 21952, spread = 116972, legal = 123703; time = 0.21s
Info:     at iteration #3, type ALL: wirelen solved = 39351, spread = 96570, legal = 104791; time = 0.19s
Info:     at iteration #4, type ALL: wirelen solved = 45124, spread = 93748, legal = 103166; time = 0.19s
Info:     at iteration #5, type ALL: wirelen solved = 50848, spread = 88321, legal = 98405; time = 0.19s
Info:     at iteration #6, type ALL: wirelen solved = 54179, spread = 87065, legal = 97065; time = 0.19s
Info:     at iteration #7, type ALL: wirelen solved = 57569, spread = 86739, legal = 96455; time = 0.17s
Info:     at iteration #8, type ALL: wirelen solved = 60578, spread = 88499, legal = 100684; time = 0.19s
Info:     at iteration #9, type ALL: wirelen solved = 64730, spread = 87258, legal = 97984; time = 0.18s
Info:     at iteration #10, type ALL: wirelen solved = 67946, spread = 87381, legal = 98628; time = 0.19s
Info:     at iteration #11, type ALL: wirelen solved = 69530, spread = 91588, legal = 102786; time = 0.19s
Info:     at iteration #12, type ALL: wirelen solved = 74005, spread = 94275, legal = 104288; time = 0.18s
Info: HeAP Placer Time: 3.32s
Info:   of which solving equations: 1.76s
Info:   of which spreading cells: 0.31s
Info:   of which strict legalisation: 0.75s

Info: Running simulated annealing placer for refinement.
Info:   at iteration #1: temp = 0.000000, timing cost = 925, wirelen = 96455
Info:   at iteration #5: temp = 0.000000, timing cost = 1053, wirelen = 88391
Info:   at iteration #10: temp = 0.000000, timing cost = 1143, wirelen = 87430
Info:   at iteration #15: temp = 0.000000, timing cost = 1114, wirelen = 87249
Info:   at iteration #19: temp = 0.000000, timing cost = 1185, wirelen = 87183 
Info: SA placement time 4.30s

Info: Max frequency for clock    'clk': 57.36 MHz (FAIL at 200.00 MHz)
Info: Max frequency for clock 'clk200': 950.57 MHz (PASS at 200.00 MHz)

Info: Slack histogram:
Info:  legend: * represents 15 endpoint(s)
Info:          + represents [1,15) endpoint(s)
Info: [-12434, -11572) |***+
Info: [-11572, -10710) |*****+
Info: [-10710,  -9848) |******+
Info: [ -9848,  -8986) |*************************+
Info: [ -8986,  -8124) |*******************+
Info: [ -8124,  -7262) |********************************+
Info: [ -7262,  -6400) |***********************+
Info: [ -6400,  -5538) |************+
Info: [ -5538,  -4676) |********************************************************+
Info: [ -4676,  -3814) |*****************************************************+
Info: [ -3814,  -2952) |*******************************************+
Info: [ -2952,  -2090) |**************************+
Info: [ -2090,  -1228) |**********************************+
Info: [ -1228,   -366) |***************************+
Info: [  -366,    496) |***********************+
Info: [   496,   1358) |**********************+
Info: [  1358,   2220) |***********************************+
Info: [  2220,   3082) |***************************************************+
Info: [  3082,   3944) |************************************************************ 
Info: [  3944,   4806) |***********+
Info: Checksum: 0xcf88a803
Info: Running post-placement legalisation...
Info: Routing Vcc connections...
Info: Routing global clocks...
Info:     routing clock 'clk'
Info:     routing clock 'clk200'

Info: Routing..
Info: Setting up routing queue.
Info: Routing 36113 arcs.
Info:            |   (re-)routed arcs  |   delta    | remaining|       time spent     |
Info:    IterCnt |  w/ripup   wo/ripup |  w/r  wo/r |      arcs| batch(sec) total(sec)|
Info:       1000 |       11        988 |   11   988 |     35149|      70.31      70.31|
Info:       2000 |       52       1947 |   41   959 |     34280|       0.73      71.04|
Info:       3000 |       90       2909 |   38   962 |     33388|       0.58      71.62|
Info:       4000 |      135       3864 |   45   955 |     32499|       1.13      72.75|
Info:       5000 |      185       4814 |   50   950 |     31643|       0.74      73.49|
Info:       6000 |      231       5768 |   46   954 |     30769|       0.47      73.96|
Info:       7000 |      272       6727 |   41   959 |     29922|       0.65      74.61|
Info:       8000 |      338       7661 |   66   934 |     29199|       0.50      75.11|
Info:       9000 |      407       8592 |   69   931 |     28335|       0.55      75.65|
Info:      10000 |      490       9509 |   83   917 |     27553|       0.71      76.36|
Info:      11000 |      570      10429 |   80   920 |     26689|       0.45      76.81|
Info:      12000 |      665      11334 |   95   905 |     25818|       0.57      77.38|
Info:      13000 |      760      12239 |   95   905 |     24978|       0.55      77.93|
Info:      14000 |      860      13139 |  100   900 |     24175|       0.37      78.30|
Info:      15000 |      980      14019 |  120   880 |     23351|       0.50      78.81|
Info:      16000 |     1085      14914 |  105   895 |     22521|       0.31      79.12|
Info:      17000 |     1140      15859 |   55   945 |     21613|       0.27      79.38|
Info:      18000 |     1211      16788 |   71   929 |     20700|       0.29      79.67|
Info:      19000 |     1328      17671 |  117   883 |     19954|       0.41      80.08|
Info:      20000 |     1449      18550 |  121   879 |     19157|       0.43      80.51|
Info:      21000 |     1558      19441 |  109   891 |     18338|       0.36      80.87|
Info:      22000 |     1682      20317 |  124   876 |     17505|       0.55      81.41|
Info:      23000 |     1813      21186 |  131   869 |     16701|       0.50      81.91|
Info:      24000 |     1939      22060 |  126   874 |     15935|       0.47      82.38|
Info:      25000 |     2060      22939 |  121   879 |     15150|       0.62      83.00|
Info:      26000 |     2171      23828 |  111   889 |     14309|       0.75      83.76|
Info:      27000 |     2294      24705 |  123   877 |     13528|       0.74      84.50|
Info:      28000 |     2453      25546 |  159   841 |     12869|       0.51      85.01|
Info:      29000 |     2587      26412 |  134   866 |     12124|       0.48      85.49|
Info:      30000 |     2693      27306 |  106   894 |     11392|       0.80      86.29|
Info:      31000 |     2820      28179 |  127   873 |     10558|       0.61      86.90|
Info:      32000 |     2937      29062 |  117   883 |      9864|       0.87      87.77|
Info:      33000 |     3106      29893 |  169   831 |      9198|       0.96      88.74|
Info:      34000 |     3228      30771 |  122   878 |      8466|       0.87      89.61|
Info:      35000 |     3400      31599 |  172   828 |      7788|       0.94      90.55|
Info:      36000 |     3576      32423 |  176   824 |      7053|       0.93      91.48|
Info:      37000 |     3783      33216 |  207   793 |      6387|       0.71      92.20|
Info:      38000 |     4023      33976 |  240   760 |      5710|       0.67      92.87|
Info:      39000 |     4237      34762 |  214   786 |      5016|       1.07      93.94|
Info:      40000 |     4474      35525 |  237   763 |      4401|       0.91      94.85|
Info:      41000 |     4722      36277 |  248   752 |      3761|       0.81      95.65|
Info:      42000 |     4940      37059 |  218   782 |      3046|       1.30      96.95|
Info:      43000 |     5191      37808 |  251   749 |      2400|       0.97      97.93|
Info:      44000 |     5485      38514 |  294   706 |      1760|       1.63      99.56|
Info:      45000 |     5760      39239 |  275   725 |      1166|       2.72     102.28|
Info:      46000 |     6048      39951 |  288   712 |       562|       2.56     104.84|
Info:      46666 |     6138      40528 |   90   577 |         0|       1.47     106.31|
Info: Routing complete.
Info: Router1 time 106.31s
Info: Checksum: 0x3b96c0f5

Info: Critical path report for clock 'clk' (posedge -> posedge):
Info: curr total
Info:  0.1  0.1  Source $auto$ff.cc:337:slice$436010.Q
Info:  0.7  0.8    Net $techmap4808210$abc$4805138$lut$aiger4805137$5994.A[0] budget 0.055000 ns (14,49) -> (13,49)
Info:                Sink $abc$4805138$lut$aiger4805137$5994.A3
Info:  0.1  0.9  Source $abc$4805138$lut$aiger4805137$5994.O6
Info:  0.3  1.2    Net $techmap4808211$abc$4805138$lut$aiger4805137$5998.A[4] budget 0.055000 ns (13,49) -> (13,49)
Info:                Sink $abc$4805138$lut$aiger4805137$5998.A5
Info:  0.1  1.3  Source $abc$4805138$lut$aiger4805137$5998.O5
Info:  0.6  1.9    Net $techmap4808215$abc$4805138$lut$aiger4805137$6033.A[4] budget 0.055000 ns (13,49) -> (13,47)
Info:                Sink $abc$4805138$lut$aiger4805137$5999.A2
Info:  0.1  2.0  Source $abc$4805138$lut$aiger4805137$5999.O6
Info:  0.3  2.3    Net $techmap4808227$abc$4805138$lut$aiger4805137$6518.A[2] budget 0.055000 ns (13,47) -> (13,47)
Info:                Sink $abc$4805138$lut$aiger4805137$6004.A3
Info:  0.2  2.4  Source $abc$4805138$lut$aiger4805137$6004.O5
Info:  0.3  2.7    Net $techmap4808231$abc$4805138$lut$aiger4805137$6021.A[2] budget 0.055000 ns (13,47) -> (13,47)
Info:                Sink $abc$4805138$lut$aiger4805137$6021.A3
Info:  0.1  2.9  Source $abc$4805138$lut$aiger4805137$6021.O6
Info:  0.4  3.3    Net $techmap4809334$auto$abc_ops_reintegrate.cc:611:reintegrate$4805627.A[4] budget 0.055000 ns (13,47) -> (14,46)
Info:                Sink $abc$4805138$lut$aiger4805137$6041.A1
Info:  0.2  3.5  Source $abc$4805138$lut$aiger4805137$6041.O5
Info:  0.3  3.8    Net $techmap4808235$abc$4805138$lut$aiger4805137$7018.A[0] budget 0.055000 ns (14,46) -> (14,46)
Info:                Sink $abc$4805138$lut$aiger4805137$7018.A4
Info:  0.1  3.9  Source $abc$4805138$lut$aiger4805137$7018.O6
Info:  1.1  5.0    Net $techmap4808237$abc$4805138$lut$aiger4805137$7039.A[3] budget 0.055000 ns (14,46) -> (13,27)
Info:                Sink $abc$4805138$lut$aiger4805137$7039.A4
Info:  0.2  5.1  Source $abc$4805138$lut$aiger4805137$7039.O5
Info:  0.4  5.5    Net $techmap4808406$auto$abc_ops_reintegrate.cc:611:reintegrate$4805702.A[0] budget 0.057000 ns (13,27) -> (13,28)
Info:                Sink $abc$4805138$lut$aiger4805137$11260.A2
Info:  0.1  5.7  Source $abc$4805138$lut$aiger4805137$11260.O6
Info:  0.4  6.1    Net $techmap4808245$abc$4805138$lut$aiger4805137$11272.A[1] budget 0.057000 ns (13,28) -> (13,29)
Info:                Sink $abc$4805138$lut$aiger4805137$11272.A1
Info:  0.2  6.3  Source $abc$4805138$lut$aiger4805137$11272.O5
Info:  0.4  6.7    Net $techmap4808247$abc$4805138$lut$aiger4805137$11284.A[1] budget 0.057000 ns (13,29) -> (13,29)
Info:                Sink $abc$4805138$lut$aiger4805137$11284.A3
Info:  0.1  6.8  Source $abc$4805138$lut$aiger4805137$11284.O6
Info:  0.6  7.4    Net $techmap4808252$abc$4805138$lut$aiger4805137$11294.A[2] budget 0.057000 ns (13,29) -> (13,27)
Info:                Sink $abc$4805138$lut$aiger4805137$11294.A2
Info:  0.1  7.5  Source $abc$4805138$lut$aiger4805137$11294.O6
Info:  0.3  7.8    Net $techmap4808256$abc$4805138$lut$aiger4805137$11306.A[4] budget 0.057000 ns (13,27) -> (13,27)
Info:                Sink $abc$4805138$lut$aiger4805137$11306.A4
Info:  0.1  7.9  Source $abc$4805138$lut$aiger4805137$11306.O6
Info:  0.5  8.4    Net $techmap4808261$abc$4805138$lut$aiger4805137$11316.A[2] budget 0.057000 ns (13,27) -> (13,28)
Info:                Sink $abc$4805138$lut$aiger4805137$11316.A1
Info:  0.1  8.6  Source $abc$4805138$lut$aiger4805137$11316.O5
Info:  0.6  9.2    Net $techmap4808264$abc$4805138$lut$aiger4805137$11508.A[1] budget 0.057000 ns (13,28) -> (13,25)
Info:                Sink $abc$4805138$lut$aiger4805137$11393.A6
Info:  0.1  9.4  Source $abc$4805138$lut$aiger4805137$11393.O6
Info:  0.6  9.9    Net $techmap4808279$abc$4805138$lut$aiger4805137$11514.A[4] budget 0.057000 ns (13,25) -> (14,25)
Info:                Sink $abc$4805138$lut$aiger4805137$11492.A1
Info:  0.2 10.1  Source $abc$4805138$lut$aiger4805137$11492.O5
Info:  0.5 10.6    Net $techmap4808290$abc$4805138$lut$aiger4805137$11502.A[2] budget 0.057000 ns (14,25) -> (14,25)
Info:                Sink $abc$4805138$lut$aiger4805137$11533.A4
Info:  0.2 10.8  Source $abc$4805138$lut$aiger4805137$11533.O5
Info:  0.6 11.3    Net $techmap4808293$abc$4805138$lut$aiger4805137$11538.A[3] budget 0.057000 ns (14,25) -> (14,28)
Info:                Sink $abc$4805138$lut$aiger4805137$11562.A2
Info:  0.2 11.5  Source $abc$4805138$lut$aiger4805137$11562.O5
Info:  0.4 11.9    Net $techmap4808309$abc$4805138$lut$aiger4805137$11605.A[2] budget 0.057000 ns (14,28) -> (14,28)
Info:                Sink $abc$4805138$lut$aiger4805137$11605.A1
Info:  0.2 12.1  Source $abc$4805138$lut$aiger4805137$11605.O5
Info:  0.6 12.7    Net $techmap4808394$auto$abc_ops_reintegrate.cc:611:reintegrate$4805703.A[3] budget 0.057000 ns (14,28) -> (14,28)
Info:                Sink $abc$4805138$lut$aiger4805137$12678.A5
Info:  0.1 12.9  Source $abc$4805138$lut$aiger4805137$12678.O6
Info:  0.7 13.5    Net $techmap4808516$auto$abc_ops_reintegrate.cc:611:reintegrate$4805672.A[5] budget 0.057000 ns (14,28) -> (17,27)
Info:                Sink $auto$abc_ops_reintegrate.cc:611:reintegrate$4805672.A6
Info:  0.1 13.6  Source $auto$abc_ops_reintegrate.cc:611:reintegrate$4805672.O6
Info:  0.4 14.1    Net observed[7] budget 0.057000 ns (17,27) -> (17,29)
Info:                Sink $abc$4805138$lut$aiger4805137$12744.A6
Info:  0.1 14.2  Source $abc$4805138$lut$aiger4805137$12744.O6
Info:  0.6 14.8    Net $techmap4813352$abc$4805138$lut$aiger4805137$12771.A[4] budget 0.057000 ns (17,29) -> (17,29)
Info:                Sink $abc$4805138$lut$aiger4805137$12771.A5
Info:  0.1 15.0  Source $abc$4805138$lut$aiger4805137$12771.O6
Info:  1.0 16.0    Net $techmap4813438$abc$4805138$lut$aiger$o4921.A[4] budget 0.054000 ns (17,29) -> (17,44)
Info:                Sink $abc$4805138$lut$aiger$o5080.A3
Info:  0.2 16.1  Source $abc$4805138$lut$aiger$o5080.O5
Info:  1.1 17.2    Net $abc$4805138$auto$simple.cc:210:make_patterns_logic$418010 budget 0.054000 ns (17,44) -> (33,50)
Info:                Sink $auto$ff.cc:337:slice$432487.CE
Info:  0.1 17.3  Setup $auto$ff.cc:337:slice$432487.CE
Info: 3.4 ns logic, 13.9 ns routing

Info: Critical path report for clock 'clk200' (posedge -> posedge):
Info: curr total
Info:  0.1  0.1  Source $auto$ff.cc:337:slice$440142.Q
Info:  0.4  0.5    Net tickgen.count[1] budget 2.324000 ns (87,158) -> (87,158)
Info:                Sink $auto$abc_ops_reintegrate.cc:611:reintegrate$4805629.A3
Info:  0.2  0.7  Source $auto$abc_ops_reintegrate.cc:611:reintegrate$4805629.O5
Info:  0.0  0.7    Net $auto$alumacc.cc:548:replace_alu$423750.Y[1] budget 2.324000 ns (87,158) -> (87,158)
Info:                Sink $auto$ff.cc:337:slice$440142.D
Info:  0.1  0.8  Setup $auto$ff.cc:337:slice$440142.D
Info: 0.3 ns logic, 0.5 ns routing

Warning: Max frequency for clock    'clk': 57.75 MHz (FAIL at 200.00 MHz)
Info: Max frequency for clock 'clk200': 1221.00 MHz (PASS at 200.00 MHz)

Info: Slack histogram:
Info:  legend: * represents 22 endpoint(s)
Info:          + represents [1,22) endpoint(s)
Info: [-12315, -11477) |**+
Info: [-11477, -10639) |***+
Info: [-10639,  -9801) |***************+
Info: [ -9801,  -8963) |********+
Info: [ -8963,  -8125) |*********+
Info: [ -8125,  -7287) |****+
Info: [ -7287,  -6449) |****+
Info: [ -6449,  -5611) |*************+
Info: [ -5611,  -4773) |*************************+
Info: [ -4773,  -3935) |**************+
Info: [ -3935,  -3097) |****************+
Info: [ -3097,  -2259) |************************************************************ 
Info: [ -2259,  -1421) |******************+
Info: [ -1421,   -583) |*********************+
Info: [  -583,    255) |**************************+
Info: [   255,   1093) |****************+
Info: [  1093,   1931) |******************+
Info: [  1931,   2769) |****************+
Info: [  2769,   3607) |**********************************************************+
Info: [  3607,   4445) |**************************************+
Info: Running post-routing legalisation...

1 warning, 0 errors
