Info: Packing constants..
Info: Inserting IO buffers..
Info:     IO port 'clk200_n' driven by IBUFDS 'clk_ibufds'
Info:     IO port 'clk200_p' driven by IBUFDS 'clk_ibufds'
Info:     IO port 'rst_n' driven by IBUF '$iopadmap$tms_trace_player_ax7203.rst_n'
Info:     IO port 'uart_rx' driven by IBUF '$iopadmap$tms_trace_player_ax7203.uart_rx'
Info:     IO port 'uart_tx' driven by OBUF '$iopadmap$tms_trace_player_ax7203.uart_tx'
Info:     IO port 'led[0]' driven by OBUF '$iopadmap$tms_trace_player_ax7203.led'
Info:     IO port 'led[1]' driven by OBUF '$iopadmap$tms_trace_player_ax7203.led_1'
Info:     IO port 'led[2]' driven by OBUF '$iopadmap$tms_trace_player_ax7203.led_2'
Info:     IO port 'led[3]' driven by OBUF '$iopadmap$tms_trace_player_ax7203.led_3'
Info:     Constraining 'clk200_n' to site 'IOB_X1Y123'
Info:     Tile 'RIOB33_X105Y123'
Info:     Constraining 'clk200_p' to site 'IOB_X1Y124'
Info:     Tile 'RIOB33_X105Y123'
Info:     Constraining 'rst_n' to site 'IOB_X1Y115'
Info:     Tile 'RIOB33_X105Y115'
Info:     Constraining 'uart_rx' to site 'IOB_X0Y149'
Info:     Tile 'LIOB33_SING_X0Y149'
Info:     Constraining 'uart_tx' to site 'IOB_X0Y100'
Info:     Tile 'LIOB33_SING_X0Y100'
Info:     Constraining 'led[0]' to site 'IOB_X0Y233'
Info:     Tile 'LIOB33_X0Y233'
Info:     Constraining 'led[1]' to site 'IOB_X0Y234'
Info:     Tile 'LIOB33_X0Y233'
Info:     Constraining 'led[2]' to site 'IOB_X0Y238'
Info:     Tile 'LIOB33_X0Y237'
Info:     Constraining 'led[3]' to site 'IOB_X0Y237'
Info:     Tile 'LIOB33_X0Y237'
Info: Generating input buffer for '$iopadmap$tms_trace_player_ax7203.rst_n'
Info: Generating input buffer for '$iopadmap$tms_trace_player_ax7203.uart_rx'
Info: Generating output buffer for '$iopadmap$tms_trace_player_ax7203.uart_tx'
Info: Generating output buffer for '$iopadmap$tms_trace_player_ax7203.led'
Info: Generating output buffer for '$iopadmap$tms_trace_player_ax7203.led_1'
Info: Generating output buffer for '$iopadmap$tms_trace_player_ax7203.led_2'
Info: Generating output buffer for '$iopadmap$tms_trace_player_ax7203.led_3'
Info:     Created 9 PAD cells from:
Info:              9x PAD
Info: Preparing clocking...
Info: Packing constants..
Info: Packing cfg...
Info: Packing PLLs...
Info: Packing Gigabit Transceivers..
Info: Packing global buffers...
Info:     Constrained BUFGCTRL 'clk200_bufg' to bel 'BUFGCTRL_X0Y0/BUFGCTRL' based on dedicated routing
Info: Packing MUX[789]s..
Info: Packing carries..
Info:    Grouped 0 MUXCYs and 0 XORCYs into 0 chains.
Info:    Blasted 0 non-chain MUXCYs and 0 non-chain XORCYs to soft logic
Info: Packing LUTs..
Info:     Created 2188 SLICE_LUTX cells from:
Info:              4x LUT1
Info:            391x LUT2
Info:            254x LUT3
Info:            416x LUT4
Info:            594x LUT5
Info:            529x LUT6
Info: Packing DRAM..
Info:    Transformed 0 tied-low DRAM address inputs to be tied-high
Info: Packing BRAM..
Info: Packing DSPs..
Info: Packing flipflops..
Info:     Created 982 SLICE_FFX cells from:
Info:            349x FDCE
Info:            624x FDRE
Info:              9x FDSE
Info: Constrained 850 LUTFF pairs.

Info: Annotating ports with timing budgets for target frequency 200.00 MHz
Info: Checksum: 0xd19d9474

Info: Device utilisation:
Info: 	          SLICE_LUTX:  2188/269200     0%
Info: 	           SLICE_FFX:   982/269200     0%
Info: 	              CARRY4:     0/33650     0%
Info: 	          PSEUDO_GND:     1/69165     0%
Info: 	          PSEUDO_VCC:     1/69165     0%
Info: 	               HARD0:     0/ 3960     0%
Info: 	            RAMB18E1:     1/  730     0%
Info: 	            FIFO18E1:     0/  365     0%
Info: 	        RAMBFIFO36E1:     0/  365     0%
Info: 	            RAMB36E1:     1/  365     0%
Info: 	             DSP48E1:     0/  740     0%
Info: 	                 PAD:     9/ 1062     0%
Info: 	       IOB33M_OUTBUF:     0/  240     0%
Info: 	       IOB33S_OUTBUF:     0/  240     0%
Info: 	        IOB33_OUTBUF:     5/  500     1%
Info: 	     IOB33M_INBUF_EN:     1/  240     0%
Info: 	     IOB33S_INBUF_EN:     0/  240     0%
Info: 	      IOB33_INBUF_EN:     2/  500     0%
Info: 	IOB33M_TERM_OVERRIDE:     0/  240     0%
Info: 	IOB33S_TERM_OVERRIDE:     0/  240     0%
Info: 	 IOB33_TERM_OVERRIDE:     0/  500     0%
Info: 	       PULL_OR_KEEP1:     0/  980     0%
Info: 	            IDELAYE2:     0/  500     0%
Info: 	        OLOGICE3_TFF:     0/  500     0%
Info: 	      OLOGICE3_OUTFF:     0/  500     0%
Info: 	       OLOGICE3_MISR:     0/  500     0%
Info: 	           OSERDESE2:     0/  500     0%
Info: 	        ILOGICE3_IFF:     0/  500     0%
Info: 	ILOGICE3_ZHOLD_DELAY:     0/  500     0%
Info: 	           ISERDESE2:     0/  500     0%
Info: 	                BUFR:     0/   40     0%
Info: 	               BUFIO:     0/   40     0%
Info: 	          IDELAYCTRL:     0/   10     0%
Info: 	            BUFGCTRL:     1/   32     3%
Info: 	            PCIE_2_1:     0/    1     0%
Info: 	               BSCAN:     0/    4     0%
Info: 	                BUFG:     0/   32     0%
Info: 	              BUFHCE:     0/  120     0%
Info: 	            DCIRESET:     0/    1     0%
Info: 	            DNA_PORT:     0/    1     0%
Info: 	           EFUSE_USR:     0/    1     0%
Info: 	           FRAME_ECC:     0/    1     0%
Info: 	       GTPE2_CHANNEL:     0/   16     0%
Info: 	        GTPE2_COMMON:     0/    4     0%
Info: 	         IBUFDS_GTE2:     0/    8     0%
Info: 	                ICAP:     0/    2     0%
Info: 	            INVERTER:     0/  240     0%
Info: 	          MMCME2_ADV:     0/   10     0%
Info: 	        OLOGICE2_TFF:     0/  500     0%
Info: 	      OLOGICE2_OUTFF:     0/  500     0%
Info: 	           PLLE2_ADV:     0/   10     0%
Info: 	           SELMUX2_1:     0/102950     0%
Info: 	             STARTUP:     0/    1     0%
Info: 	          USR_ACCESS:     0/    1     0%
Info: 	              BUFFER:     0/   82     0%
Info: 	        ILOGICE2_IFF:     0/  500     0%
Info: 	       OLOGICE2_MISR:     0/  500     0%

Info: Placed 18 cells based on constraints.
Info: Creating initial analytic placement for 2322 cells, random placement wirelen = 978428.
Info:     at initial placer iter 0, wirelen = 1893
Info:     at initial placer iter 1, wirelen = 1778
Info:     at initial placer iter 2, wirelen = 1670
Info:     at initial placer iter 3, wirelen = 1603
Info: Running main analytical placer.
Info:     at iteration #1, type ALL: wirelen solved = 1569, spread = 46791, legal = 47288; time = 0.12s
Info:     at iteration #2, type ALL: wirelen solved = 4122, spread = 34751, legal = 37026; time = 0.11s
Info:     at iteration #3, type ALL: wirelen solved = 6260, spread = 27856, legal = 30243; time = 0.12s
Info:     at iteration #4, type ALL: wirelen solved = 9203, spread = 27015, legal = 29109; time = 0.12s
Info:     at iteration #5, type ALL: wirelen solved = 11317, spread = 25970, legal = 28135; time = 0.10s
Info:     at iteration #6, type ALL: wirelen solved = 13028, spread = 26529, legal = 28844; time = 0.10s
Info:     at iteration #7, type ALL: wirelen solved = 15303, spread = 25298, legal = 27581; time = 0.10s
Info:     at iteration #8, type ALL: wirelen solved = 16288, spread = 26366, legal = 28538; time = 0.10s
Info:     at iteration #9, type ALL: wirelen solved = 18609, spread = 26972, legal = 28608; time = 0.09s
Info:     at iteration #10, type ALL: wirelen solved = 19456, spread = 26439, legal = 28338; time = 0.11s
Info:     at iteration #11, type ALL: wirelen solved = 19518, spread = 28634, legal = 30145; time = 0.09s
Info:     at iteration #12, type ALL: wirelen solved = 21882, spread = 32034, legal = 34856; time = 0.12s
Info: HeAP Placer Time: 1.90s
Info:   of which solving equations: 1.10s
Info:   of which spreading cells: 0.28s
Info:   of which strict legalisation: 0.16s

Info: Running simulated annealing placer for refinement.
Info:   at iteration #1: temp = 0.000000, timing cost = 320, wirelen = 27581
Info:   at iteration #5: temp = 0.000000, timing cost = 363, wirelen = 25083
Info:   at iteration #10: temp = 0.000000, timing cost = 289, wirelen = 24567
Info:   at iteration #13: temp = 0.000000, timing cost = 337, wirelen = 24526 
Info: SA placement time 1.07s

Info: Max frequency for clock 'clk': 67.42 MHz (FAIL at 200.00 MHz)

Info: Slack histogram:
Info:  legend: * represents 4 endpoint(s)
Info:          + represents [1,4) endpoint(s)
Info: [ -9832,  -9106) |**+
Info: [ -9106,  -8380) |****+
Info: [ -8380,  -7654) |***+
Info: [ -7654,  -6928) |**********************+
Info: [ -6928,  -6202) |**********************+
Info: [ -6202,  -5476) |************************+
Info: [ -5476,  -4750) |************************************************************ 
Info: [ -4750,  -4024) |*************************************+
Info: [ -4024,  -3298) |***************************************+
Info: [ -3298,  -2572) |*****************************************+
Info: [ -2572,  -1846) |*************************+
Info: [ -1846,  -1120) |********************************+
Info: [ -1120,   -394) |***************************+
Info: [  -394,    332) |*******************+
Info: [   332,   1058) |*******+
Info: [  1058,   1784) |***********+
Info: [  1784,   2510) |*******************************************************+
Info: [  2510,   3236) |**********************************+
Info: [  3236,   3962) |***********+
Info: [  3962,   4688) |***+
Info: Checksum: 0xf28b8726
Info: Running post-placement legalisation...
Info: Routing Vcc connections...
Info: Routing global clocks...
Info:     routing clock 'clk'

Info: Routing..
Info: Setting up routing queue.
Info: Routing 10900 arcs.
Info:            |   (re-)routed arcs  |   delta    | remaining|       time spent     |
Info:    IterCnt |  w/ripup   wo/ripup |  w/r  wo/r |      arcs| batch(sec) total(sec)|
Info:       1000 |       16        983 |   16   983 |      9927|       0.77       0.77|
Info:       2000 |       69       1930 |   53   947 |      9020|       0.77       1.55|
Info:       3000 |      129       2870 |   60   940 |      8124|       0.69       2.24|
Info:       4000 |      205       3794 |   76   924 |      7230|       0.58       2.82|
Info:       5000 |      284       4715 |   79   921 |      6332|       0.71       3.53|
Info:       6000 |      365       5634 |   81   919 |      5462|       0.71       4.24|
Info:       7000 |      479       6520 |  114   886 |      4655|       1.00       5.24|
Info:       8000 |      620       7379 |  141   859 |      3893|       1.29       6.53|
Info:       9000 |      804       8195 |  184   816 |      3135|       1.03       7.56|
Info:      10000 |     1030       8969 |  226   774 |      2410|       0.94       8.50|
Info:      11000 |     1234       9765 |  204   796 |      1662|       1.72      10.22|
Info:      12000 |     1376      10623 |  142   858 |       891|       3.92      14.14|
Info:      13000 |     1585      11414 |  209   791 |       245|       1.37      15.51|
Info:      13351 |     1663      11688 |   78   274 |         0|       0.38      15.89|
Info: Routing complete.
Info: Router1 time 15.89s
Info: Checksum: 0x6b58b750

Info: Critical path report for clock 'clk' (posedge -> posedge):
Info: curr total
Info:  0.1  0.1  Source $auto$ff.cc:337:slice$13824.Q
Info:  0.5  0.6    Net vector[9] budget 0.123000 ns (30,34) -> (30,34)
Info:                Sink $abc$1155465$lut$aiger1155464$1632.A1
Info:  0.2  0.7  Source $abc$1155465$lut$aiger1155464$1632.O5
Info:  1.3  2.1    Net $techmap1156311$abc$1155465$lut$aiger1155464$1662.A[5] budget 0.123000 ns (30,34) -> (17,60)
Info:                Sink $abc$1155465$lut$aiger1155464$3312.A6
Info:  0.1  2.2  Source $abc$1155465$lut$aiger1155464$3312.O6
Info:  0.6  2.8    Net $techmap1157074$auto$abc9_ops.cc:1552:reintegrate$1155700.A[0] budget 0.123000 ns (17,60) -> (14,62)
Info:                Sink $abc$1155465$lut$aiger1155464$3893.A1
Info:  0.2  2.9  Source $abc$1155465$lut$aiger1155464$3893.O5
Info:  0.4  3.4    Net $techmap1156966$abc$1155465$lut$aiger1155464$3896.A[3] budget 0.123000 ns (14,62) -> (17,61)
Info:                Sink $abc$1155465$lut$aiger1155464$3896.A4
Info:  0.1  3.5  Source $abc$1155465$lut$aiger1155464$3896.O6
Info:  0.4  3.9    Net $techmap1156967$abc$1155465$lut$aiger1155464$4435.A[1] budget 0.123000 ns (17,61) -> (17,62)
Info:                Sink $abc$1155465$lut$aiger1155464$3919.A6
Info:  0.1  4.0  Source $abc$1155465$lut$aiger1155464$3919.O6
Info:  0.3  4.3    Net $techmap1156976$abc$1155465$lut$aiger1155464$3975.A[4] budget 0.123000 ns (17,62) -> (17,62)
Info:                Sink $abc$1155465$lut$aiger1155464$3927.A3
Info:  0.1  4.5  Source $abc$1155465$lut$aiger1155464$3927.O5
Info:  0.4  4.9    Net $techmap1156985$abc$1155465$lut$aiger1155464$3943.A[4] budget 0.123000 ns (17,62) -> (17,60)
Info:                Sink $abc$1155465$lut$aiger1155464$3943.A5
Info:  0.1  5.0  Source $abc$1155465$lut$aiger1155464$3943.O6
Info:  0.7  5.7    Net $techmap1156986$abc$1155465$lut$aiger1155464$3998.A[5] budget 0.123000 ns (17,60) -> (23,60)
Info:                Sink $abc$1155465$lut$aiger1155464$3998.A6
Info:  0.1  5.8  Source $abc$1155465$lut$aiger1155464$3998.O6
Info:  0.3  6.1    Net $techmap1156987$abc$1155465$lut$aiger1155464$4474.A[4] budget 0.123000 ns (23,60) -> (23,60)
Info:                Sink $abc$1155465$lut$aiger1155464$4027.A6
Info:  0.1  6.2  Source $abc$1155465$lut$aiger1155464$4027.O6
Info:  0.6  6.8    Net $techmap1157047$abc$1155465$lut$aiger1155464$4087.A[2] budget 0.123000 ns (23,60) -> (17,58)
Info:                Sink $abc$1155465$lut$aiger1155464$4050.A1
Info:  0.1  6.9  Source $abc$1155465$lut$aiger1155464$4050.O6
Info:  0.7  7.6    Net $techmap1157056$auto$abc9_ops.cc:1552:reintegrate$1155701.A[3] budget 0.123000 ns (17,58) -> (17,58)
Info:                Sink $abc$1155465$lut$aiger1155464$4078.A6
Info:  0.1  7.7  Source $abc$1155465$lut$aiger1155464$4078.O6
Info:  0.3  8.0    Net $techmap1157055$abc$1155465$lut$aiger1155464$4100.A[4] budget 0.122000 ns (17,58) -> (17,58)
Info:                Sink $abc$1155465$lut$aiger1155464$4100.A2
Info:  0.2  8.2  Source $abc$1155465$lut$aiger1155464$4100.O5
Info:  0.6  8.8    Net $techmap1157056$auto$abc9_ops.cc:1552:reintegrate$1155701.A[5] budget 0.122000 ns (17,58) -> (17,59)
Info:                Sink $auto$abc9_ops.cc:1552:reintegrate$1155701.A6
Info:  0.1  8.9  Source $auto$abc9_ops.cc:1552:reintegrate$1155701.O6
Info:  0.7  9.7    Net observed[2] budget 0.122000 ns (17,59) -> (23,55)
Info:                Sink $abc$1155465$lut$aiger1155464$4900.A6
Info:  0.1  9.8  Source $abc$1155465$lut$aiger1155464$4900.O6
Info:  0.4 10.2    Net $techmap1158104$abc$1155465$lut$aiger1155464$5028.A[5] budget 0.122000 ns (23,55) -> (23,55)
Info:                Sink $abc$1155465$lut$aiger1155464$5028.A6
Info:  0.1 10.4  Source $abc$1155465$lut$aiger1155464$5028.O6
Info:  0.9 11.3    Net $techmap1158105$abc$1155465$lut$aiger1155464$5197.A[5] budget 0.122000 ns (23,55) -> (24,45)
Info:                Sink $abc$1155465$lut$aiger1155464$5197.A6
Info:  0.1 11.4  Source $abc$1155465$lut$aiger1155464$5197.O6
Info:  0.7 12.1    Net $techmap1158109$abc$1155465$lut$auto$opt_dff.cc:251:make_patterns_logic$9515.A[3] budget 0.140000 ns (24,45) -> (24,48)
Info:                Sink $abc$1155465$lut$auto$opt_dff.cc:251:make_patterns_logic$9515.A3
Info:  0.2 12.2  Source $abc$1155465$lut$auto$opt_dff.cc:251:make_patterns_logic$9515.O5
Info:  0.7 12.9    Net $abc$1155465$auto$opt_dff.cc:251:make_patterns_logic$9515 budget 0.140000 ns (24,48) -> (23,43)
Info:                Sink $auto$ff.cc:337:slice$13786.CE
Info:  0.1 13.0  Setup $auto$ff.cc:337:slice$13786.CE
Info: 2.4 ns logic, 10.6 ns routing

Warning: Max frequency for clock 'clk': 76.79 MHz (FAIL at 200.00 MHz)

Info: Slack histogram:
Info:  legend: * represents 5 endpoint(s)
Info:          + represents [1,5) endpoint(s)
Info: [ -8022,  -7401) |***+
Info: [ -7401,  -6780) |*******************+
Info: [ -6780,  -6159) |*****************+
Info: [ -6159,  -5538) |*******+
Info: [ -5538,  -4917) |****+
Info: [ -4917,  -4296) |*******+
Info: [ -4296,  -3675) |********+
Info: [ -3675,  -3054) |**************+
Info: [ -3054,  -2433) |*******+
Info: [ -2433,  -1812) |*******************+
Info: [ -1812,  -1191) |************************************************+
Info: [ -1191,   -570) |********************************+
Info: [  -570,     51) |****************************************+
Info: [    51,    672) |********************************+
Info: [   672,   1293) |******************+
Info: [  1293,   1914) |*****+
Info: [  1914,   2535) |**+
Info: [  2535,   3156) |************************************************************ 
Info: [  3156,   3777) |***********+
Info: [  3777,   4398) |********+
Info: Running post-routing legalisation...

1 warning, 0 errors
