Info: Packing constants..
Info: Inserting IO buffers..
Info:     IO port 'clk200_n' driven by IBUFDS 'clk_ibufds'
Info:     IO port 'clk200_p' driven by IBUFDS 'clk_ibufds'
Info:     IO port 'rst_n' driven by IBUF '$iopadmap$tms_trace_player_ax7203.rst_n'
Info:     IO port 'uart_rx' driven by IBUF '$iopadmap$tms_trace_player_ax7203.uart_rx'
Info:     IO port 'uart_tx' driven by OBUF '$iopadmap$tms_trace_player_ax7203.uart_tx'
Info:     IO port 'led[0]' driven by OBUF '$iopadmap$tms_trace_player_ax7203.led'
Info:     IO port 'led[1]' driven by OBUF '$iopadmap$tms_trace_player_ax7203.led_1'
Info:     IO port 'led[2]' driven by OBUF '$iopadmap$tms_trace_player_ax7203.led_2'
Info:     IO port 'led[3]' driven by OBUF '$iopadmap$tms_trace_player_ax7203.led_3'
Info:     Constraining 'clk200_n' to site 'IOB_X1Y123'
Info:     Tile 'RIOB33_X105Y123'
Info:     Constraining 'clk200_p' to site 'IOB_X1Y124'
Info:     Tile 'RIOB33_X105Y123'
Info:     Constraining 'rst_n' to site 'IOB_X1Y115'
Info:     Tile 'RIOB33_X105Y115'
Info:     Constraining 'uart_rx' to site 'IOB_X0Y149'
Info:     Tile 'LIOB33_SING_X0Y149'
Info:     Constraining 'uart_tx' to site 'IOB_X0Y100'
Info:     Tile 'LIOB33_SING_X0Y100'
Info:     Constraining 'led[0]' to site 'IOB_X0Y233'
Info:     Tile 'LIOB33_X0Y233'
Info:     Constraining 'led[1]' to site 'IOB_X0Y234'
Info:     Tile 'LIOB33_X0Y233'
Info:     Constraining 'led[2]' to site 'IOB_X0Y238'
Info:     Tile 'LIOB33_X0Y237'
Info:     Constraining 'led[3]' to site 'IOB_X0Y237'
Info:     Tile 'LIOB33_X0Y237'
Info: Generating input buffer for '$iopadmap$tms_trace_player_ax7203.rst_n'
Info: Generating input buffer for '$iopadmap$tms_trace_player_ax7203.uart_rx'
Info: Generating output buffer for '$iopadmap$tms_trace_player_ax7203.uart_tx'
Info: Generating output buffer for '$iopadmap$tms_trace_player_ax7203.led'
Info: Generating output buffer for '$iopadmap$tms_trace_player_ax7203.led_1'
Info: Generating output buffer for '$iopadmap$tms_trace_player_ax7203.led_2'
Info: Generating output buffer for '$iopadmap$tms_trace_player_ax7203.led_3'
Info:     Created 9 PAD cells from:
Info:              9x PAD
Info: Preparing clocking...
Info: Packing constants..
Info: Packing cfg...
Info: Packing PLLs...
Info: Packing Gigabit Transceivers..
Info: Packing global buffers...
Info:     Constrained BUFGCTRL 'clk200_bufg' to bel 'BUFGCTRL_X0Y0/BUFGCTRL' based on dedicated routing
Info: Packing MUX[789]s..
Info: Packing carries..
Info:    Grouped 0 MUXCYs and 0 XORCYs into 0 chains.
Info:    Blasted 0 non-chain MUXCYs and 0 non-chain XORCYs to soft logic
Info: Packing LUTs..
Info:     Created 7815 SLICE_LUTX cells from:
Info:              4x LUT1
Info:           1816x LUT2
Info:           1038x LUT3
Info:           1587x LUT4
Info:           2269x LUT5
Info:           1101x LUT6
Info: Packing DRAM..
Info:    Transformed 0 tied-low DRAM address inputs to be tied-high
Info: Packing BRAM..
Info: Packing DSPs..
Info: Packing flipflops..
Info:     Created 3612 SLICE_FFX cells from:
Info:           2328x FDCE
Info:             15x FDPE
Info:           1269x FDRE
Info: Constrained 2412 LUTFF pairs.

Info: Annotating ports with timing budgets for target frequency 200.00 MHz
Info: Checksum: 0xb31e138b

Info: Device utilisation:
Info: 	          SLICE_LUTX:  7815/269200     2%
Info: 	           SLICE_FFX:  3612/269200     1%
Info: 	              CARRY4:     0/33650     0%
Info: 	          PSEUDO_GND:     1/69165     0%
Info: 	          PSEUDO_VCC:     1/69165     0%
Info: 	               HARD0:     0/ 3960     0%
Info: 	            RAMB18E1:     0/  730     0%
Info: 	            FIFO18E1:     0/  365     0%
Info: 	        RAMBFIFO36E1:     0/  365     0%
Info: 	            RAMB36E1:     0/  365     0%
Info: 	             DSP48E1:     0/  740     0%
Info: 	                 PAD:     9/ 1062     0%
Info: 	       IOB33M_OUTBUF:     0/  240     0%
Info: 	       IOB33S_OUTBUF:     0/  240     0%
Info: 	        IOB33_OUTBUF:     5/  500     1%
Info: 	     IOB33M_INBUF_EN:     1/  240     0%
Info: 	     IOB33S_INBUF_EN:     0/  240     0%
Info: 	      IOB33_INBUF_EN:     2/  500     0%
Info: 	IOB33M_TERM_OVERRIDE:     0/  240     0%
Info: 	IOB33S_TERM_OVERRIDE:     0/  240     0%
Info: 	 IOB33_TERM_OVERRIDE:     0/  500     0%
Info: 	       PULL_OR_KEEP1:     0/  980     0%
Info: 	            IDELAYE2:     0/  500     0%
Info: 	        OLOGICE3_TFF:     0/  500     0%
Info: 	      OLOGICE3_OUTFF:     0/  500     0%
Info: 	       OLOGICE3_MISR:     0/  500     0%
Info: 	           OSERDESE2:     0/  500     0%
Info: 	        ILOGICE3_IFF:     0/  500     0%
Info: 	ILOGICE3_ZHOLD_DELAY:     0/  500     0%
Info: 	           ISERDESE2:     0/  500     0%
Info: 	                BUFR:     0/   40     0%
Info: 	               BUFIO:     0/   40     0%
Info: 	          IDELAYCTRL:     0/   10     0%
Info: 	            BUFGCTRL:     2/   32     6%
Info: 	            PCIE_2_1:     0/    1     0%
Info: 	               BSCAN:     0/    4     0%
Info: 	                BUFG:     0/   32     0%
Info: 	              BUFHCE:     0/  120     0%
Info: 	            DCIRESET:     0/    1     0%
Info: 	            DNA_PORT:     0/    1     0%
Info: 	           EFUSE_USR:     0/    1     0%
Info: 	           FRAME_ECC:     0/    1     0%
Info: 	       GTPE2_CHANNEL:     0/   16     0%
Info: 	        GTPE2_COMMON:     0/    4     0%
Info: 	         IBUFDS_GTE2:     0/    8     0%
Info: 	                ICAP:     0/    2     0%
Info: 	            INVERTER:     0/  240     0%
Info: 	          MMCME2_ADV:     0/   10     0%
Info: 	        OLOGICE2_TFF:     0/  500     0%
Info: 	      OLOGICE2_OUTFF:     0/  500     0%
Info: 	           PLLE2_ADV:     0/   10     0%
Info: 	           SELMUX2_1:     0/102950     0%
Info: 	             STARTUP:     0/    1     0%
Info: 	          USR_ACCESS:     0/    1     0%
Info: 	              BUFFER:     0/   82     0%
Info: 	        ILOGICE2_IFF:     0/  500     0%
Info: 	       OLOGICE2_MISR:     0/  500     0%

Info: Placed 18 cells based on constraints.
Info: Creating initial analytic placement for 9016 cells, random placement wirelen = 3499786.
Info:     at initial placer iter 0, wirelen = 1771
Info:     at initial placer iter 1, wirelen = 1379
Info:     at initial placer iter 2, wirelen = 1225
Info:     at initial placer iter 3, wirelen = 1211
Info: Running main analytical placer.
Info:     at iteration #1, type ALL: wirelen solved = 1211, spread = 147563, legal = 156010; time = 0.21s
Info:     at iteration #2, type ALL: wirelen solved = 23650, spread = 110487, legal = 121055; time = 0.19s
Info:     at iteration #3, type ALL: wirelen solved = 35364, spread = 102955, legal = 113375; time = 0.18s
Info:     at iteration #4, type ALL: wirelen solved = 43217, spread = 100932, legal = 112225; time = 0.17s
Info:     at iteration #5, type ALL: wirelen solved = 51589, spread = 95509, legal = 105232; time = 0.16s
Info:     at iteration #6, type ALL: wirelen solved = 57255, spread = 93301, legal = 101086; time = 0.16s
Info:     at iteration #7, type ALL: wirelen solved = 62046, spread = 91972, legal = 101634; time = 0.16s
Info:     at iteration #8, type ALL: wirelen solved = 63624, spread = 93890, legal = 105423; time = 0.16s
Info:     at iteration #9, type ALL: wirelen solved = 67658, spread = 91000, legal = 102150; time = 0.16s
Info:     at iteration #10, type ALL: wirelen solved = 69684, spread = 88097, legal = 97598; time = 0.15s
Info:     at iteration #11, type ALL: wirelen solved = 71094, spread = 89429, legal = 100986; time = 0.15s
Info:     at iteration #12, type ALL: wirelen solved = 73649, spread = 95509, legal = 103764; time = 0.14s
Info:     at iteration #13, type ALL: wirelen solved = 78243, spread = 100027, legal = 108171; time = 0.15s
Info:     at iteration #14, type ALL: wirelen solved = 85174, spread = 102671, legal = 110970; time = 0.15s
Info:     at iteration #15, type ALL: wirelen solved = 88528, spread = 102478, legal = 109754; time = 0.15s
Info: HeAP Placer Time: 3.26s
Info:   of which solving equations: 1.66s
Info:   of which spreading cells: 0.37s
Info:   of which strict legalisation: 0.79s

Info: Running simulated annealing placer for refinement.
Info:   at iteration #1: temp = 0.000000, timing cost = 756, wirelen = 97598
Info:   at iteration #5: temp = 0.000000, timing cost = 1114, wirelen = 89753
Info:   at iteration #10: temp = 0.000000, timing cost = 1231, wirelen = 89028
Info:   at iteration #15: temp = 0.000000, timing cost = 1221, wirelen = 88847
Info:   at iteration #20: temp = 0.000000, timing cost = 1074, wirelen = 88747
Info:   at iteration #22: temp = 0.000000, timing cost = 1146, wirelen = 88717 
Info: SA placement time 3.51s

Info: Max frequency for clock    'clk': 62.45 MHz (FAIL at 200.00 MHz)
Info: Max frequency for clock 'clk200': 1018.33 MHz (PASS at 200.00 MHz)

Info: Slack histogram:
Info:  legend: * represents 18 endpoint(s)
Info:          + represents [1,18) endpoint(s)
Info: [-11014, -10229) |*+
Info: [-10229,  -9444) |*****+
Info: [ -9444,  -8659) |**********+
Info: [ -8659,  -7874) |*************+
Info: [ -7874,  -7089) |********************************+
Info: [ -7089,  -6304) |*****************************+
Info: [ -6304,  -5519) |************************+
Info: [ -5519,  -4734) |************************+
Info: [ -4734,  -3949) |*********************************************+
Info: [ -3949,  -3164) |***********************+
Info: [ -3164,  -2379) |*************************+
Info: [ -2379,  -1594) |**************************+
Info: [ -1594,   -809) |***************************+
Info: [  -809,    -24) |******************+
Info: [   -24,    761) |********+
Info: [   761,   1546) |*****************+
Info: [  1546,   2331) |******************************+
Info: [  2331,   3116) |************************************************************ 
Info: [  3116,   3901) |******************************************+
Info: [  3901,   4686) |*******+
Info: Checksum: 0x34c5d254
Info: Running post-placement legalisation...
Info: Routing Vcc connections...
Info: Routing global clocks...
Info:     routing clock 'clk'
Info:     routing clock 'clk200'

Info: Routing..
Info: Setting up routing queue.
Info: Routing 36050 arcs.
Info:            |   (re-)routed arcs  |   delta    | remaining|       time spent     |
Info:    IterCnt |  w/ripup   wo/ripup |  w/r  wo/r |      arcs| batch(sec) total(sec)|
Info:       1000 |       11        988 |   11   988 |     35079|      21.00      21.00|
Info:       2000 |       30       1969 |   19   981 |     34155|       0.31      21.31|
Info:       3000 |       69       2930 |   39   961 |     33272|       0.38      21.69|
Info:       4000 |      114       3885 |   45   955 |     32412|       0.42      22.11|
Info:       5000 |      165       4834 |   51   949 |     31537|       0.56      22.67|
Info:       6000 |      214       5785 |   49   951 |     30650|       0.57      23.24|
Info:       7000 |      265       6734 |   51   949 |     29771|       0.45      23.69|
Info:       8000 |      323       7676 |   58   942 |     28925|       0.39      24.09|
Info:       9000 |      374       8625 |   51   949 |     28046|       0.35      24.44|
Info:      10000 |      445       9554 |   71   929 |     27192|       0.35      24.80|
Info:      11000 |      534      10465 |   89   911 |     26338|       0.35      25.15|
Info:      12000 |      635      11364 |  101   899 |     25533|       0.39      25.54|
Info:      13000 |      729      12270 |   94   906 |     24712|       0.30      25.84|
Info:      14000 |      831      13168 |  102   898 |     23859|       0.40      26.24|
Info:      15000 |      921      14078 |   90   910 |     23019|       0.36      26.60|
Info:      16000 |     1006      14993 |   85   915 |     22124|       0.26      26.85|
Info:      17000 |     1083      15916 |   77   923 |     21234|       0.24      27.09|
Info:      18000 |     1183      16816 |  100   900 |     20399|       0.28      27.37|
Info:      19000 |     1307      17692 |  124   876 |     19585|       0.47      27.84|
Info:      20000 |     1447      18552 |  140   860 |     18822|       0.33      28.17|
Info:      21000 |     1578      19421 |  131   869 |     18111|       0.31      28.48|
Info:      22000 |     1726      20273 |  148   852 |     17317|       0.59      29.06|
Info:      23000 |     1841      21158 |  115   885 |     16484|       0.40      29.47|
Info:      24000 |     1957      22042 |  116   884 |     15811|       0.72      30.19|
Info:      25000 |     2081      22918 |  124   876 |     15049|       0.37      30.56|
Info:      26000 |     2211      23788 |  130   870 |     14282|       0.42      30.98|
Info:      27000 |     2338      24661 |  127   873 |     13498|       0.52      31.50|
Info:      28000 |     2481      25518 |  143   857 |     12760|       0.43      31.94|
Info:      29000 |     2606      26393 |  125   875 |     11933|       0.41      32.35|
Info:      30000 |     2734      27265 |  128   872 |     11141|       0.48      32.83|
Info:      31000 |     2902      28097 |  168   832 |     10426|       0.53      33.36|
Info:      32000 |     3059      28940 |  157   843 |      9675|       0.54      33.90|
Info:      33000 |     3232      29767 |  173   827 |      8922|       0.62      34.52|
Info:      34000 |     3421      30578 |  189   811 |      8188|       0.73      35.25|
Info:      35000 |     3605      31394 |  184   816 |      7453|       0.56      35.81|
Info:      36000 |     3804      32195 |  199   801 |      6761|       0.63      36.43|
Info:      37000 |     4010      32989 |  206   794 |      6095|       0.60      37.03|
Info:      38000 |     4233      33766 |  223   777 |      5410|       0.66      37.69|
Info:      39000 |     4474      34525 |  241   759 |      4767|       0.52      38.21|
Info:      40000 |     4755      35244 |  281   719 |      4168|       0.59      38.80|
Info:      41000 |     5002      35997 |  247   753 |      3493|       0.69      39.49|
Info:      42000 |     5255      36744 |  253   747 |      2858|       0.93      40.42|
Info:      43000 |     5514      37485 |  259   741 |      2282|       1.06      41.48|
Info:      44000 |     5769      38230 |  255   745 |      1670|       1.05      42.53|
Info:      45000 |     6019      38980 |  250   750 |      1069|       1.55      44.08|
Info:      46000 |     6242      39757 |  223   777 |       404|       1.75      45.83|
Info:      46450 |     6287      40163 |   45   406 |         0|       1.07      46.90|
Info: Routing complete.
Info: Router1 time 46.90s
Info: Checksum: 0x028205c4

Info: Critical path report for clock 'clk' (posedge -> posedge):
Info: curr total
Info:  0.1  0.1  Source $auto$ff.cc:337:slice$428870.Q
Info:  0.8  0.9    Net player.counter[4][4] budget 0.063000 ns (30,46) -> (30,48)
Info:                Sink $abc$4805041$lut$aiger4805040$24136.A1
Info:  0.1  1.0  Source $abc$4805041$lut$aiger4805040$24136.O6
Info:  0.3  1.3    Net $techmap4809769$auto$abc_ops_reintegrate.cc:611:reintegrate$4805446.A[1] budget 0.063000 ns (30,48) -> (30,48)
Info:                Sink $abc$4805041$lut$aiger4805040$26399.A2
Info:  0.1  1.4  Source $abc$4805041$lut$aiger4805040$26399.O6
Info:  0.4  1.9    Net $techmap4809966$auto$abc_ops_reintegrate.cc:611:reintegrate$4805419.A[1] budget 0.062000 ns (30,48) -> (30,50)
Info:                Sink $abc$4805041$lut$aiger4805040$28530.A4
Info:  0.1  2.0  Source $abc$4805041$lut$aiger4805040$28530.O6
Info:  0.7  2.7    Net $techmap4810065$auto$abc_ops_reintegrate.cc:611:reintegrate$4805387.A[1] budget 0.062000 ns (30,50) -> (30,55)
Info:                Sink $abc$4805041$lut$aiger4805040$29478.A5
Info:  0.1  2.9  Source $abc$4805041$lut$aiger4805040$29478.O6
Info:  0.6  3.4    Net $techmap4810080$auto$abc_ops_reintegrate.cc:611:reintegrate$4805380.A[1] budget 0.062000 ns (30,55) -> (24,56)
Info:                Sink $abc$4805041$lut$aiger4805040$30650.A5
Info:  0.1  3.6  Source $abc$4805041$lut$aiger4805040$30650.O6
Info:  0.6  4.2    Net $techmap4810123$auto$abc_ops_reintegrate.cc:611:reintegrate$4805364.A[1] budget 0.062000 ns (24,56) -> (24,64)
Info:                Sink $abc$4805041$lut$aiger4805040$31342.A2
Info:  0.2  4.3  Source $abc$4805041$lut$aiger4805040$31342.O5
Info:  0.4  4.8    Net $techmap4810141$auto$abc_ops_reintegrate.cc:611:reintegrate$4805355.A[1] budget 0.062000 ns (24,64) -> (24,64)
Info:                Sink $abc$4805041$lut$aiger4805040$32165.A1
Info:  0.1  4.9  Source $abc$4805041$lut$aiger4805040$32165.O6
Info:  0.3  5.2    Net $techmap4810179$auto$abc_ops_reintegrate.cc:611:reintegrate$4805345.A[1] budget 0.062000 ns (24,64) -> (24,64)
Info:                Sink $abc$4805041$lut$aiger4805040$32742.A4
Info:  0.1  5.4  Source $abc$4805041$lut$aiger4805040$32742.O5
Info:  0.6  5.9    Net $techmap4810217$auto$abc_ops_reintegrate.cc:611:reintegrate$4805327.A[1] budget 0.062000 ns (24,64) -> (23,66)
Info:                Sink $abc$4805041$lut$aiger4805040$33462.A1
Info:  0.1  6.1  Source $abc$4805041$lut$aiger4805040$33462.O5
Info:  0.5  6.6    Net $techmap4810234$auto$abc_ops_reintegrate.cc:611:reintegrate$4805318.A[1] budget 0.062000 ns (23,66) -> (23,66)
Info:                Sink $abc$4805041$lut$aiger4805040$33979.A4
Info:  0.1  6.7  Source $abc$4805041$lut$aiger4805040$33979.O6
Info:  0.6  7.3    Net $techmap4810262$auto$abc_ops_reintegrate.cc:611:reintegrate$4805307.A[1] budget 0.062000 ns (23,66) -> (30,67)
Info:                Sink $abc$4805041$lut$aiger4805040$34186.A2
Info:  0.2  7.4  Source $abc$4805041$lut$aiger4805040$34186.O5
Info:  0.6  8.0    Net $techmap4810269$auto$abc_ops_reintegrate.cc:611:reintegrate$4805303.A[1] budget 0.062000 ns (30,67) -> (24,67)
Info:                Sink $abc$4805041$lut$aiger4805040$34776.A4
Info:  0.1  8.1  Source $abc$4805041$lut$aiger4805040$34776.O6
Info:  0.4  8.6    Net $techmap4810294$auto$abc_ops_reintegrate.cc:611:reintegrate$4805290.A[1] budget 0.062000 ns (24,67) -> (30,67)
Info:                Sink $abc$4805041$lut$aiger4805040$35515.A2
Info:  0.1  8.7  Source $abc$4805041$lut$aiger4805040$35515.O6
Info:  0.3  9.0    Net $techmap4810335$auto$abc_ops_reintegrate.cc:611:reintegrate$4805278.A[1] budget 0.062000 ns (30,67) -> (30,67)
Info:                Sink $abc$4805041$lut$aiger4805040$36113.A2
Info:  0.2  9.1  Source $abc$4805041$lut$aiger4805040$36113.O5
Info:  0.4  9.6    Net $techmap4810360$auto$abc_ops_reintegrate.cc:611:reintegrate$4805264.A[1] budget 0.062000 ns (30,67) -> (30,67)
Info:                Sink $abc$4805041$lut$aiger4805040$37115.A3
Info:  0.1  9.7  Source $abc$4805041$lut$aiger4805040$37115.O6
Info:  0.6 10.3    Net $techmap4810446$auto$abc_ops_reintegrate.cc:611:reintegrate$4805246.A[1] budget 0.062000 ns (30,67) -> (33,67)
Info:                Sink $abc$4805041$lut$aiger4805040$37785.A2
Info:  0.2 10.4  Source $abc$4805041$lut$aiger4805040$37785.O5
Info:  0.4 10.9    Net $techmap4810494$auto$abc_ops_reintegrate.cc:611:reintegrate$4805234.A[1] budget 0.062000 ns (33,67) -> (33,67)
Info:                Sink $abc$4805041$lut$aiger4805040$37927.A4
Info:  0.1 11.0  Source $abc$4805041$lut$aiger4805040$37927.O6
Info:  0.6 11.6    Net $techmap4810496$auto$abc_ops_reintegrate.cc:611:reintegrate$4805233.A[1] budget 0.062000 ns (33,67) -> (33,64)
Info:                Sink $abc$4805041$lut$aiger4805040$38628.A1
Info:  0.2 11.7  Source $abc$4805041$lut$aiger4805040$38628.O5
Info:  0.5 12.2    Net $techmap4810523$auto$abc_ops_reintegrate.cc:611:reintegrate$4805220.A[1] budget 0.062000 ns (33,64) -> (33,64)
Info:                Sink $abc$4805041$lut$aiger4805040$39411.A3
Info:  0.1 12.3  Source $abc$4805041$lut$aiger4805040$39411.O6
Info:  0.3 12.6    Net $techmap4810576$auto$abc_ops_reintegrate.cc:611:reintegrate$4805202.A[1] budget 0.062000 ns (33,64) -> (33,64)
Info:                Sink $abc$4805041$lut$aiger4805040$40012.A2
Info:  0.1 12.8  Source $abc$4805041$lut$aiger4805040$40012.O6
Info:  1.0 13.7    Net $techmap4810596$auto$abc_ops_reintegrate.cc:611:reintegrate$4805192.A[1] budget 0.062000 ns (33,64) -> (33,50)
Info:                Sink $abc$4805041$lut$aiger4805040$40527.A1
Info:  0.1 13.9  Source $abc$4805041$lut$aiger4805040$40527.O5
Info:  0.4 14.3    Net $techmap4810635$auto$abc_ops_reintegrate.cc:611:reintegrate$4805181.A[1] budget 0.062000 ns (33,50) -> (33,50)
Info:                Sink $abc$4805041$lut$aiger4805040$41395.A3
Info:  0.1 14.4  Source $abc$4805041$lut$aiger4805040$41395.O6
Info:  0.3 14.7    Net $techmap4810654$auto$abc_ops_reintegrate.cc:611:reintegrate$4805170.A[1] budget 0.062000 ns (33,50) -> (33,50)
Info:                Sink $abc$4805041$lut$aiger4805040$41817.A2
Info:  0.2 14.9  Source $abc$4805041$lut$aiger4805040$41817.O5
Info:  0.6 15.5    Net $techmap4810667$auto$abc_ops_reintegrate.cc:611:reintegrate$4805163.A[1] budget 0.063000 ns (33,50) -> (33,49)
Info:                Sink $auto$xilinx_dffopt.cc:341:execute$4817221.A6
Info:  0.1 15.7  Source $auto$xilinx_dffopt.cc:341:execute$4817221.O6
Info:  0.0 15.7    Net $auto$xilinx_dffopt.cc:347:execute$4817222 budget 0.063000 ns (33,49) -> (33,49)
Info:                Sink $auto$ff.cc:337:slice$428894.D
Info:  0.1 15.8  Setup $auto$ff.cc:337:slice$428894.D
Info: 3.4 ns logic, 12.4 ns routing

Info: Critical path report for clock 'clk200' (posedge -> posedge):
Info: curr total
Info:  0.1  0.1  Source $auto$ff.cc:337:slice$440007.Q
Info:  0.6  0.7    Net div_bit budget 2.324000 ns (184,133) -> (184,133)
Info:                Sink $auto$abc_ops_reintegrate.cc:611:reintegrate$4805516.A2
Info:  0.2  0.9  Source $auto$abc_ops_reintegrate.cc:611:reintegrate$4805516.O5
Info:  0.0  0.9    Net $auto$alumacc.cc:548:replace_alu$423610.Y[2] budget 2.324000 ns (184,133) -> (184,133)
Info:                Sink $auto$ff.cc:337:slice$440007.D
Info:  0.1  1.0  Setup $auto$ff.cc:337:slice$440007.D
Info: 0.4 ns logic, 0.7 ns routing

Warning: Max frequency for clock    'clk': 63.38 MHz (FAIL at 200.00 MHz)
Info: Max frequency for clock 'clk200': 976.56 MHz (PASS at 200.00 MHz)

Info: Slack histogram:
Info:  legend: * represents 25 endpoint(s)
Info:          + represents [1,25) endpoint(s)
Info: [-10778, -10018) |*+
Info: [-10018,  -9258) |*+
Info: [ -9258,  -8498) |*+
Info: [ -8498,  -7738) |*******+
Info: [ -7738,  -6978) |******************+
Info: [ -6978,  -6218) |***********+
Info: [ -6218,  -5458) |*************+
Info: [ -5458,  -4698) |**********+
Info: [ -4698,  -3938) |**************+
Info: [ -3938,  -3178) |*****************+
Info: [ -3178,  -2418) |************************+
Info: [ -2418,  -1658) |***************************************+
Info: [ -1658,   -898) |*************************+
Info: [  -898,   -138) |******************+
Info: [  -138,    622) |********************+
Info: [   622,   1382) |*******+
Info: [  1382,   2142) |**************+
Info: [  2142,   2902) |*************************+
Info: [  2902,   3662) |************************************************************ 
Info: [  3662,   4422) |*********************+
Info: Running post-routing legalisation...

1 warning, 0 errors
