Info: Packing constants..
Info: Inserting IO buffers..
Info:     IO port 'clk200_n' driven by IBUFDS 'clk_ibufds'
Info:     IO port 'clk200_p' driven by IBUFDS 'clk_ibufds'
Info:     IO port 'rst_n' driven by IBUF '$iopadmap$tms_trace_player_ax7203.rst_n'
Info:     IO port 'uart_rx' driven by IBUF '$iopadmap$tms_trace_player_ax7203.uart_rx'
Info:     IO port 'uart_tx' driven by OBUF '$iopadmap$tms_trace_player_ax7203.uart_tx'
Info:     IO port 'led[0]' driven by OBUF '$iopadmap$tms_trace_player_ax7203.led'
Info:     IO port 'led[1]' driven by OBUF '$iopadmap$tms_trace_player_ax7203.led_1'
Info:     IO port 'led[2]' driven by OBUF '$iopadmap$tms_trace_player_ax7203.led_2'
Info:     IO port 'led[3]' driven by OBUF '$iopadmap$tms_trace_player_ax7203.led_3'
Info:     Constraining 'clk200_n' to site 'IOB_X1Y123'
Info:     Tile 'RIOB33_X105Y123'
Info:     Constraining 'clk200_p' to site 'IOB_X1Y124'
Info:     Tile 'RIOB33_X105Y123'
Info:     Constraining 'rst_n' to site 'IOB_X1Y115'
Info:     Tile 'RIOB33_X105Y115'
Info:     Constraining 'uart_rx' to site 'IOB_X0Y149'
Info:     Tile 'LIOB33_SING_X0Y149'
Info:     Constraining 'uart_tx' to site 'IOB_X0Y100'
Info:     Tile 'LIOB33_SING_X0Y100'
Info:     Constraining 'led[0]' to site 'IOB_X0Y233'
Info:     Tile 'LIOB33_X0Y233'
Info:     Constraining 'led[1]' to site 'IOB_X0Y234'
Info:     Tile 'LIOB33_X0Y233'
Info:     Constraining 'led[2]' to site 'IOB_X0Y238'
Info:     Tile 'LIOB33_X0Y237'
Info:     Constraining 'led[3]' to site 'IOB_X0Y237'
Info:     Tile 'LIOB33_X0Y237'
Info: Generating input buffer for '$iopadmap$tms_trace_player_ax7203.rst_n'
Info: Generating input buffer for '$iopadmap$tms_trace_player_ax7203.uart_rx'
Info: Generating output buffer for '$iopadmap$tms_trace_player_ax7203.uart_tx'
Info: Generating output buffer for '$iopadmap$tms_trace_player_ax7203.led'
Info: Generating output buffer for '$iopadmap$tms_trace_player_ax7203.led_1'
Info: Generating output buffer for '$iopadmap$tms_trace_player_ax7203.led_2'
Info: Generating output buffer for '$iopadmap$tms_trace_player_ax7203.led_3'
Info:     Created 9 PAD cells from:
Info:              9x PAD
Info: Preparing clocking...
Info: Packing constants..
Info: Packing cfg...
Info: Packing PLLs...
Info: Packing Gigabit Transceivers..
Info: Packing global buffers...
Info:     Constrained BUFGCTRL 'clk200_bufg' to bel 'BUFGCTRL_X0Y0/BUFGCTRL' based on dedicated routing
Info: Packing MUX[789]s..
Info: Packing carries..
Info:    Grouped 0 MUXCYs and 0 XORCYs into 0 chains.
Info:    Blasted 0 non-chain MUXCYs and 0 non-chain XORCYs to soft logic
Info: Packing LUTs..
Info:     Created 8025 SLICE_LUTX cells from:
Info:              5x LUT1
Info:           1794x LUT2
Info:            856x LUT3
Info:           1595x LUT4
Info:           2340x LUT5
Info:           1435x LUT6
Info: Packing DRAM..
Info:    Transformed 0 tied-low DRAM address inputs to be tied-high
Info: Packing BRAM..
Info: Packing DSPs..
Info: Packing flipflops..
Info:     Created 3613 SLICE_FFX cells from:
Info:           2328x FDCE
Info:             15x FDPE
Info:           1270x FDRE
Info: Constrained 2373 LUTFF pairs.

Info: Annotating ports with timing budgets for target frequency 200.00 MHz
Info: Checksum: 0x4310050c

Info: Device utilisation:
Info: 	          SLICE_LUTX:  8025/269200     2%
Info: 	           SLICE_FFX:  3613/269200     1%
Info: 	              CARRY4:     0/33650     0%
Info: 	          PSEUDO_GND:     1/69165     0%
Info: 	          PSEUDO_VCC:     1/69165     0%
Info: 	               HARD0:     0/ 3960     0%
Info: 	            RAMB18E1:     0/  730     0%
Info: 	            FIFO18E1:     0/  365     0%
Info: 	        RAMBFIFO36E1:     0/  365     0%
Info: 	            RAMB36E1:     0/  365     0%
Info: 	             DSP48E1:     0/  740     0%
Info: 	                 PAD:     9/ 1062     0%
Info: 	       IOB33M_OUTBUF:     0/  240     0%
Info: 	       IOB33S_OUTBUF:     0/  240     0%
Info: 	        IOB33_OUTBUF:     5/  500     1%
Info: 	     IOB33M_INBUF_EN:     1/  240     0%
Info: 	     IOB33S_INBUF_EN:     0/  240     0%
Info: 	      IOB33_INBUF_EN:     2/  500     0%
Info: 	IOB33M_TERM_OVERRIDE:     0/  240     0%
Info: 	IOB33S_TERM_OVERRIDE:     0/  240     0%
Info: 	 IOB33_TERM_OVERRIDE:     0/  500     0%
Info: 	       PULL_OR_KEEP1:     0/  980     0%
Info: 	            IDELAYE2:     0/  500     0%
Info: 	        OLOGICE3_TFF:     0/  500     0%
Info: 	      OLOGICE3_OUTFF:     0/  500     0%
Info: 	       OLOGICE3_MISR:     0/  500     0%
Info: 	           OSERDESE2:     0/  500     0%
Info: 	        ILOGICE3_IFF:     0/  500     0%
Info: 	ILOGICE3_ZHOLD_DELAY:     0/  500     0%
Info: 	           ISERDESE2:     0/  500     0%
Info: 	                BUFR:     0/   40     0%
Info: 	               BUFIO:     0/   40     0%
Info: 	          IDELAYCTRL:     0/   10     0%
Info: 	            BUFGCTRL:     1/   32     3%
Info: 	            PCIE_2_1:     0/    1     0%
Info: 	               BSCAN:     0/    4     0%
Info: 	                BUFG:     0/   32     0%
Info: 	              BUFHCE:     0/  120     0%
Info: 	            DCIRESET:     0/    1     0%
Info: 	            DNA_PORT:     0/    1     0%
Info: 	           EFUSE_USR:     0/    1     0%
Info: 	           FRAME_ECC:     0/    1     0%
Info: 	       GTPE2_CHANNEL:     0/   16     0%
Info: 	        GTPE2_COMMON:     0/    4     0%
Info: 	         IBUFDS_GTE2:     0/    8     0%
Info: 	                ICAP:     0/    2     0%
Info: 	            INVERTER:     0/  240     0%
Info: 	          MMCME2_ADV:     0/   10     0%
Info: 	        OLOGICE2_TFF:     0/  500     0%
Info: 	      OLOGICE2_OUTFF:     0/  500     0%
Info: 	           PLLE2_ADV:     0/   10     0%
Info: 	           SELMUX2_1:     0/102950     0%
Info: 	             STARTUP:     0/    1     0%
Info: 	          USR_ACCESS:     0/    1     0%
Info: 	              BUFFER:     0/   82     0%
Info: 	        ILOGICE2_IFF:     0/  500     0%
Info: 	       OLOGICE2_MISR:     0/  500     0%

Info: Placed 18 cells based on constraints.
Info: Creating initial analytic placement for 9265 cells, random placement wirelen = 3612009.
Info:     at initial placer iter 0, wirelen = 2249
Info:     at initial placer iter 1, wirelen = 1723
Info:     at initial placer iter 2, wirelen = 1662
Info:     at initial placer iter 3, wirelen = 1661
Info: Running main analytical placer.
Info:     at iteration #1, type ALL: wirelen solved = 1674, spread = 187607, legal = 195084; time = 0.52s
Info:     at iteration #2, type ALL: wirelen solved = 20531, spread = 121931, legal = 131085; time = 0.48s
Info:     at iteration #3, type ALL: wirelen solved = 37866, spread = 106306, legal = 115430; time = 0.44s
Info:     at iteration #4, type ALL: wirelen solved = 45732, spread = 98046, legal = 106928; time = 0.40s
Info:     at iteration #5, type ALL: wirelen solved = 51011, spread = 94171, legal = 102015; time = 0.34s
Info:     at iteration #6, type ALL: wirelen solved = 55722, spread = 94222, legal = 102622; time = 0.37s
Info:     at iteration #7, type ALL: wirelen solved = 58490, spread = 97773, legal = 107352; time = 0.36s
Info:     at iteration #8, type ALL: wirelen solved = 62270, spread = 96406, legal = 105814; time = 0.38s
Info:     at iteration #9, type ALL: wirelen solved = 67649, spread = 97408, legal = 107016; time = 0.34s
Info:     at iteration #10, type ALL: wirelen solved = 70887, spread = 96839, legal = 106575; time = 0.34s
Info: HeAP Placer Time: 6.38s
Info:   of which solving equations: 3.79s
Info:   of which spreading cells: 0.49s
Info:   of which strict legalisation: 1.07s

Info: Running simulated annealing placer for refinement.
Info:   at iteration #1: temp = 0.000000, timing cost = 730, wirelen = 102015
Info:   at iteration #5: temp = 0.000000, timing cost = 1117, wirelen = 91853
Info:   at iteration #10: temp = 0.000000, timing cost = 1085, wirelen = 89560
Info:   at iteration #15: temp = 0.000000, timing cost = 932, wirelen = 88957
Info:   at iteration #20: temp = 0.000000, timing cost = 818, wirelen = 88785
Info:   at iteration #23: temp = 0.000000, timing cost = 1021, wirelen = 88754 
Info: SA placement time 14.04s

Info: Max frequency for clock 'clk': 59.96 MHz (FAIL at 200.00 MHz)

Info: Slack histogram:
Info:  legend: * represents 15 endpoint(s)
Info:          + represents [1,15) endpoint(s)
Info: [-11677, -10859) |**+
Info: [-10859, -10041) |+
Info: [-10041,  -9223) |*+
Info: [ -9223,  -8405) |***************+
Info: [ -8405,  -7587) |***************************************+
Info: [ -7587,  -6769) |******************************+
Info: [ -6769,  -5951) |********************************+
Info: [ -5951,  -5133) |*****************+
Info: [ -5133,  -4315) |************************************************************ 
Info: [ -4315,  -3497) |**********************************************************+
Info: [ -3497,  -2679) |****************************************+
Info: [ -2679,  -1861) |****************************************+
Info: [ -1861,  -1043) |**************************+
Info: [ -1043,   -225) |*********************************+
Info: [  -225,    593) |******************+
Info: [   593,   1411) |************************+
Info: [  1411,   2229) |**********************************+
Info: [  2229,   3047) |*************************************************+
Info: [  3047,   3865) |*********************************************************+
Info: [  3865,   4683) |*******************+
Info: Checksum: 0x7363959a
Info: Running post-placement legalisation...
Info: Routing Vcc connections...
Info: Routing global clocks...
Info:     routing clock 'clk'

Info: Routing..
Info: Setting up routing queue.
Info: Routing 37862 arcs.
Info:            |   (re-)routed arcs  |   delta    | remaining|       time spent     |
Info:    IterCnt |  w/ripup   wo/ripup |  w/r  wo/r |      arcs| batch(sec) total(sec)|
Info:       1000 |        6        993 |    6   993 |     36889|      31.17      31.17|
Info:       2000 |       32       1967 |   26   974 |     35991|       1.09      32.26|
Info:       3000 |       66       2933 |   34   966 |     35179|       0.92      33.18|
Info:       4000 |       94       3905 |   28   972 |     34238|       2.04      35.22|
Info:       5000 |      131       4868 |   37   963 |     33362|       1.01      36.23|
Info:       6000 |      197       5802 |   66   934 |     32544|       1.20      37.43|
Info:       7000 |      245       6754 |   48   952 |     31741|       1.17      38.60|
Info:       8000 |      295       7704 |   50   950 |     30911|       1.31      39.91|
Info:       9000 |      355       8644 |   60   940 |     30077|       1.61      41.52|
Info:      10000 |      407       9592 |   52   948 |     29191|       1.14      42.67|
Info:      11000 |      458      10541 |   51   949 |     28293|       1.06      43.73|
Info:      12000 |      531      11468 |   73   927 |     27417|       1.01      44.74|
Info:      13000 |      625      12374 |   94   906 |     26709|       1.14      45.88|
Info:      14000 |      742      13257 |  117   883 |     25920|       1.13      47.01|
Info:      15000 |      854      14145 |  112   888 |     25157|       0.93      47.93|
Info:      16000 |      938      15061 |   84   916 |     24274|       0.82      48.75|
Info:      17000 |     1050      15949 |  112   888 |     23444|       0.84      49.59|
Info:      18000 |     1111      16888 |   61   939 |     22538|       0.57      50.16|
Info:      19000 |     1183      17816 |   72   928 |     21651|       0.59      50.76|
Info:      20000 |     1306      18693 |  123   877 |     20831|       0.84      51.60|
Info:      21000 |     1446      19553 |  140   860 |     20078|       1.23      52.82|
Info:      22000 |     1577      20422 |  131   869 |     19312|       0.98      53.80|
Info:      23000 |     1685      21314 |  108   892 |     18446|       1.68      55.48|
Info:      24000 |     1816      22183 |  131   869 |     17659|       1.07      56.55|
Info:      25000 |     1963      23036 |  147   853 |     16957|       1.81      58.36|
Info:      26000 |     2104      23895 |  141   859 |     16206|       1.16      59.52|
Info:      27000 |     2237      24762 |  133   867 |     15394|       0.99      60.50|
Info:      28000 |     2373      25626 |  136   864 |     14661|       1.05      61.56|
Info:      29000 |     2487      26512 |  114   886 |     13859|       1.13      62.68|
Info:      30000 |     2622      27377 |  135   865 |     13058|       2.11      64.79|
Info:      31000 |     2766      28233 |  144   856 |     12385|       1.24      66.03|
Info:      32000 |     2924      29075 |  158   842 |     11669|       1.47      67.50|
Info:      33000 |     3065      29934 |  141   859 |     10871|       1.25      68.75|
Info:      34000 |     3225      30774 |  160   840 |     10156|       1.39      70.14|
Info:      35000 |     3390      31609 |  165   835 |      9420|       1.40      71.54|
Info:      36000 |     3560      32439 |  170   830 |      8732|       1.78      73.32|
Info:      37000 |     3726      33273 |  166   834 |      8013|       3.18      76.50|
Info:      38000 |     3926      34073 |  200   800 |      7299|       1.61      78.12|
Info:      39000 |     4134      34865 |  208   792 |      6618|       1.96      80.08|
Info:      40000 |     4342      35657 |  208   792 |      5940|       2.10      82.19|
Info:      41000 |     4550      36449 |  208   792 |      5207|       1.42      83.60|
Info:      42000 |     4815      37184 |  265   735 |      4550|       1.60      85.21|
Info:      43000 |     5068      37931 |  253   747 |      3971|       1.64      86.84|
Info:      44000 |     5296      38703 |  228   772 |      3248|       2.08      88.92|
Info:      45000 |     5479      39520 |  183   817 |      2725|       2.25      91.18|
Info:      46000 |     5751      40248 |  272   728 |      2068|       1.97      93.15|
Info:      47000 |     6064      40935 |  313   687 |      1456|       3.34      96.49|
Info:      48000 |     6341      41658 |  277   723 |       918|       6.06     102.54|
Info:      49000 |     6615      42384 |  274   726 |       372|       3.21     105.76|
Info:      49402 |     6641      42761 |   26   377 |         0|       4.12     109.87|
Info: Routing complete.
Info: Router1 time 109.87s
Info: Checksum: 0x12c197e8

Info: Critical path report for clock 'clk' (posedge -> posedge):
Info: curr total
Info:  0.1  0.1  Source $auto$ff.cc:337:slice$262681.Q
Info:  0.4  0.5    Net $techmap4636540$abc$4633566$lut$aiger4633565$6067.A[0] budget 0.115000 ns (13,48) -> (14,47)
Info:                Sink $abc$4633566$lut$aiger4633565$6067.A5
Info:  0.1  0.7  Source $abc$4633566$lut$aiger4633565$6067.O5
Info:  0.3  1.0    Net $techmap4636541$abc$4633566$lut$aiger4633565$6234.A[2] budget 0.115000 ns (14,47) -> (14,47)
Info:                Sink $abc$4633566$lut$aiger4633565$6071.A5
Info:  0.1  1.1  Source $abc$4633566$lut$aiger4633565$6071.O6
Info:  1.5  2.6    Net $techmap4636562$abc$4633566$lut$aiger4633565$7962.A[4] budget 0.115000 ns (14,47) -> (23,18)
Info:                Sink $abc$4633566$lut$aiger4633565$6157.A5
Info:  0.1  2.7  Source $abc$4633566$lut$aiger4633565$6157.O6
Info:  0.6  3.3    Net $techmap4636584$abc$4633566$lut$aiger4633565$7903.A[0] budget 0.114000 ns (23,18) -> (17,18)
Info:                Sink $abc$4633566$lut$aiger4633565$14957.A1
Info:  0.2  3.5  Source $abc$4633566$lut$aiger4633565$14957.O5
Info:  0.4  3.9    Net $techmap4636628$abc$4633566$lut$aiger4633565$14965.A[2] budget 0.114000 ns (17,18) -> (17,17)
Info:                Sink $abc$4633566$lut$aiger4633565$15176.A2
Info:  0.1  4.0  Source $abc$4633566$lut$aiger4633565$15176.O5
Info:  0.6  4.7    Net $techmap4636689$abc$4633566$lut$aiger4633565$15221.A[4] budget 0.114000 ns (17,17) -> (17,17)
Info:                Sink $abc$4633566$lut$aiger4633565$15206.A6
Info:  0.1  4.8  Source $abc$4633566$lut$aiger4633565$15206.O6
Info:  0.6  5.4    Net $techmap4636692$abc$4633566$lut$aiger4633565$15225.A[2] budget 0.114000 ns (17,17) -> (24,17)
Info:                Sink $abc$4633566$lut$aiger4633565$15225.A3
Info:  0.1  5.5  Source $abc$4633566$lut$aiger4633565$15225.O6
Info:  0.5  6.0    Net $techmap4636694$abc$4633566$lut$aiger4633565$15448.A[2] budget 0.114000 ns (24,17) -> (24,17)
Info:                Sink $abc$4633566$lut$aiger4633565$15249.A5
Info:  0.1  6.1  Source $abc$4633566$lut$aiger4633565$15249.O6
Info:  0.5  6.7    Net $techmap4636702$abc$4633566$lut$aiger4633565$15319.A[3] budget 0.114000 ns (24,17) -> (24,17)
Info:                Sink $abc$4633566$lut$aiger4633565$15269.A4
Info:  0.1  6.8  Source $abc$4633566$lut$aiger4633565$15269.O6
Info:  0.6  7.4    Net $techmap4636708$abc$4633566$lut$aiger4633565$15289.A[2] budget 0.114000 ns (24,17) -> (24,18)
Info:                Sink $abc$4633566$lut$aiger4633565$15289.A5
Info:  0.1  7.5  Source $abc$4633566$lut$aiger4633565$15289.O6
Info:  0.6  8.2    Net $techmap4636710$abc$4633566$lut$aiger4633565$15322.A[3] budget 0.114000 ns (24,18) -> (24,18)
Info:                Sink $abc$4633566$lut$aiger4633565$15349.A6
Info:  0.1  8.3  Source $abc$4633566$lut$aiger4633565$15349.O6
Info:  0.4  8.8    Net $techmap4636720$abc$4633566$lut$aiger4633565$15350.A[1] budget 0.114000 ns (24,18) -> (24,19)
Info:                Sink $abc$4633566$lut$aiger4633565$15350.A2
Info:  0.2  8.9  Source $abc$4633566$lut$aiger4633565$15350.O5
Info:  0.4  9.4    Net $techmap4636721$abc$4633566$lut$aiger4633565$15387.A[3] budget 0.114000 ns (24,19) -> (23,18)
Info:                Sink $abc$4633566$lut$aiger4633565$15418.A6
Info:  0.1  9.5  Source $abc$4633566$lut$aiger4633565$15418.O6
Info:  0.6 10.1    Net $techmap4636735$abc$4633566$lut$aiger4633565$15439.A[4] budget 0.114000 ns (23,18) -> (23,20)
Info:                Sink $abc$4633566$lut$aiger4633565$15439.A5
Info:  0.1 10.3  Source $abc$4633566$lut$aiger4633565$15439.O6
Info:  0.6 10.9    Net $techmap4636738$abc$4633566$lut$aiger4633565$15491.A[5] budget 0.114000 ns (23,20) -> (23,20)
Info:                Sink $abc$4633566$lut$aiger4633565$15491.A6
Info:  0.1 11.0  Source $abc$4633566$lut$aiger4633565$15491.O6
Info:  0.8 11.9    Net $techmap4636739$auto$abc9_ops.cc:1552:reintegrate$4633893.A[5] budget 0.114000 ns (23,20) -> (17,24)
Info:                Sink $auto$abc9_ops.cc:1552:reintegrate$4633893.A6
Info:  0.1 12.0  Source $auto$abc9_ops.cc:1552:reintegrate$4633893.O6
Info:  0.7 12.7    Net observed[6] budget 0.114000 ns (17,24) -> (17,24)
Info:                Sink $abc$4633566$lut$aiger4633565$15771.A6
Info:  0.1 12.8  Source $abc$4633566$lut$aiger4633565$15771.O6
Info:  0.4 13.3    Net $techmap4643902$abc$4633566$lut$aiger4633565$16434.A[5] budget 0.114000 ns (17,24) -> (17,25)
Info:                Sink $abc$4633566$lut$aiger4633565$16434.A6
Info:  0.1 13.4  Source $abc$4633566$lut$aiger4633565$16434.O6
Info:  1.5 14.9    Net $techmap4643903$abc$4633566$lut$auto$opt_dff.cc:251:make_patterns_logic$243801.A[5] budget 0.114000 ns (17,25) -> (30,48)
Info:                Sink $abc$4633566$lut$auto$opt_dff.cc:251:make_patterns_logic$244133.A6
Info:  0.1 15.0  Source $abc$4633566$lut$auto$opt_dff.cc:251:make_patterns_logic$244133.O6
Info:  0.8 15.8    Net $abc$4633566$auto$opt_dff.cc:251:make_patterns_logic$244133 budget 0.114000 ns (30,48) -> (30,51)
Info:                Sink $auto$ff.cc:337:slice$264028.CE
Info:  0.1 15.9  Setup $auto$ff.cc:337:slice$264028.CE
Info: 2.6 ns logic, 13.3 ns routing

Warning: Max frequency for clock 'clk': 62.72 MHz (FAIL at 200.00 MHz)

Info: Slack histogram:
Info:  legend: * represents 20 endpoint(s)
Info:          + represents [1,20) endpoint(s)
Info: [-10945, -10178) |*+
Info: [-10178,  -9411) |*+
Info: [ -9411,  -8644) |+
Info: [ -8644,  -7877) |***+
Info: [ -7877,  -7110) |********+
Info: [ -7110,  -6343) |************************+
Info: [ -6343,  -5576) |**************+
Info: [ -5576,  -4809) |****************************+
Info: [ -4809,  -4042) |************+
Info: [ -4042,  -3275) |********************+
Info: [ -3275,  -2508) |***************************+
Info: [ -2508,  -1741) |************************************************************ 
Info: [ -1741,   -974) |***********************+
Info: [  -974,   -207) |**********************+
Info: [  -207,    560) |******************************+
Info: [   560,   1327) |********************+
Info: [  1327,   2094) |*****************+
Info: [  2094,   2861) |****************************+
Info: [  2861,   3628) |**********************************************+
Info: [  3628,   4395) |*********************************************+
Info: Running post-routing legalisation...

1 warning, 0 errors
